Archive member included because of file (symbol)

C:/Program Files/POB-Technology/PobTools-BETA\sdk\pobeye\libpob.a(graph.o)
                              ./main.o (InitGraphicBuffer)
C:/Program Files/POB-Technology/PobTools-BETA\sdk\pobeye\libpob.a(init.o)
                              ./main.o (InitPOBEYE)
C:/Program Files/POB-Technology/PobTools-BETA\sdk\pobeye\libpob.a(lcd.o)
                              ./main.o (InitLCD)
C:/Program Files/POB-Technology/PobTools-BETA\sdk\pobeye\libpob.a(uart.o)
                              ./main.o (InitUART)
C:/Program Files/POB-Technology/PobTools-BETA\sdk\pobeye\libpob.a(visio.o)
                              ./main.o (BinaryRGBFrame)
C:/Program Files/POB-Technology/PobTools-BETA\sdk\pobeye\libpob.a(pob-proto.o)
                              ./main.o (SetPobProto)
C:/Program Files/POB-Technology/PobTools-BETA\sdk\pobeye\libpob.a(cam.o)
                              ./main.o (GetPointerOnRGBFrame)
C:/Program Files/POB-Technology/PobTools-BETA\sdk\pobeye\libpob.a(i2c.o)
                              C:/Program Files/POB-Technology/PobTools-BETA\sdk\pobeye\libpob.a(init.o) (InitI2C)
C:/Program Files/POB-Technology/PobTools-BETA\sdk\pobeye\libpob.a(io-bus.o)
                              C:/Program Files/POB-Technology/PobTools-BETA\sdk\pobeye\libpob.a(lcd.o) (SetIOWay)
/cygdrive/c/Program Files/GNUARM/bin/../lib/gcc/arm-elf/3.4.3/thumb/libgcc.a(_udivsi3.o)
                              C:/Program Files/POB-Technology/PobTools-BETA\sdk\pobeye\libpob.a(uart.o) (__udivsi3)
/cygdrive/c/Program Files/GNUARM/bin/../lib/gcc/arm-elf/3.4.3/thumb/libgcc.a(_divsi3.o)
                              ./main.o (__divsi3)
/cygdrive/c/Program Files/GNUARM/bin/../lib/gcc/arm-elf/3.4.3/thumb/libgcc.a(_umodsi3.o)
                              C:/Program Files/POB-Technology/PobTools-BETA\sdk\pobeye\libpob.a(uart.o) (__umodsi3)
/cygdrive/c/Program Files/GNUARM/bin/../lib/gcc/arm-elf/3.4.3/thumb/libgcc.a(_dvmd_tls.o)
                              /cygdrive/c/Program Files/GNUARM/bin/../lib/gcc/arm-elf/3.4.3/thumb/libgcc.a(_udivsi3.o) (__div0)
/cygdrive/c/Program Files/GNUARM/bin/../lib/gcc/arm-elf/3.4.3/thumb/libgcc.a(_addsubdf3.o)
                              C:/Program Files/POB-Technology/PobTools-BETA\sdk\pobeye\libpob.a(visio.o) (__floatsidf)
/cygdrive/c/Program Files/GNUARM/bin/../lib/gcc/arm-elf/3.4.3/thumb/libgcc.a(_muldivdf3.o)
                              C:/Program Files/POB-Technology/PobTools-BETA\sdk\pobeye\libpob.a(visio.o) (__muldf3)
/cygdrive/c/Program Files/GNUARM/bin/../lib/gcc/arm-elf/3.4.3/thumb/libgcc.a(_truncdfsf2.o)
                              C:/Program Files/POB-Technology/PobTools-BETA\sdk\pobeye\libpob.a(visio.o) (__truncdfsf2)
/cygdrive/c/Program Files/GNUARM/bin/../lib/gcc/arm-elf/3.4.3/thumb/libgcc.a(_addsubsf3.o)
                              C:/Program Files/POB-Technology/PobTools-BETA\sdk\pobeye\libpob.a(visio.o) (__addsf3)
/cygdrive/c/Program Files/GNUARM/bin/../lib/gcc/arm-elf/3.4.3/thumb/libgcc.a(_muldivsf3.o)
                              C:/Program Files/POB-Technology/PobTools-BETA\sdk\pobeye\libpob.a(visio.o) (__mulsf3)
/cygdrive/c/Program Files/GNUARM/bin/../lib/gcc/arm-elf/3.4.3/thumb/libgcc.a(_fixunssfsi.o)
                              C:/Program Files/POB-Technology/PobTools-BETA\sdk\pobeye\libpob.a(visio.o) (__fixunssfsi)
/cygdrive/c/Program Files/GNUARM/bin/../lib/gcc/arm-elf/3.4.3/../../../../arm-elf/lib/thumb/libc.a(strtol.o)
                              ./main.o (strtol)
/cygdrive/c/Program Files/GNUARM/bin/../lib/gcc/arm-elf/3.4.3/../../../../arm-elf/lib/thumb/libc.a(ctype_.o)
                              /cygdrive/c/Program Files/GNUARM/bin/../lib/gcc/arm-elf/3.4.3/../../../../arm-elf/lib/thumb/libc.a(strtol.o) (_ctype_)
/cygdrive/c/Program Files/GNUARM/bin/../lib/gcc/arm-elf/3.4.3/../../../../arm-elf/lib/thumb/libc.a(impure.o)
                              /cygdrive/c/Program Files/GNUARM/bin/../lib/gcc/arm-elf/3.4.3/../../../../arm-elf/lib/thumb/libc.a(strtol.o) (_impure_ptr)

Memory Configuration

Name             Origin             Length             Attributes
flash            0x00000000         0x0001e000
ram              0x40000000         0x00010000
*default*        0x00000000         0xffffffff

Linker script and memory map

LOAD ./main.o
LOAD ./communication.o
LOAD C:/Program Files/POB-Technology/PobTools-BETA\sdk\pobeye\boot.o
LOAD C:/Program Files/POB-Technology/PobTools-BETA\sdk\pobeye\libpob.a
LOAD /cygdrive/c/Program Files/GNUARM/bin/../lib/gcc/arm-elf/3.4.3/../../../../arm-elf/lib/thumb/libm.a
LOAD /cygdrive/c/Program Files/GNUARM/bin/../lib/gcc/arm-elf/3.4.3/thumb/libgcc.a
LOAD /cygdrive/c/Program Files/GNUARM/bin/../lib/gcc/arm-elf/3.4.3/../../../../arm-elf/lib/thumb/libc.a
LOAD /cygdrive/c/Program Files/GNUARM/bin/../lib/gcc/arm-elf/3.4.3/thumb/libgcc.a
                0x4000fffc                __stack_end__ = 0x4000fffc
                0x00000000                . = 0x0

startup         0x00000000       0x20
 *(.startup)
 .startup       0x00000000       0x20 C:/Program Files/POB-Technology/PobTools-BETA\sdk\pobeye\boot.o

prog            0x00000020     0x69b4
 *(.text)
 .text          0x00000020      0x5e4 ./main.o
                0x00000020                main
 .text          0x00000604      0x128 ./communication.o
                0x000006e8                strCmp
                0x0000065c                extractString
                0x00000604                send
                0x0000062c                receive
 .text          0x0000072c       0x84 C:/Program Files/POB-Technology/PobTools-BETA\sdk\pobeye\boot.o
                0x0000072c                _start
                0x0000072c                start
                0x00000794                endless_loop
 .text          0x000007b0      0x818 C:/Program Files/POB-Technology/PobTools-BETA\sdk\pobeye\libpob.a(graph.o)
                0x000007b0                InitGraphicBuffer
                0x00000c34                DrawBitmap
                0x00000800                PlotAPoint
                0x000007bc                ClearGraphicBuffer
                0x000008e0                DrawLine
                0x00000b64                GetBitmapWidth
                0x00000bcc                GetBitmapHeight
                0x00000858                DrawComponentInABufferVideo
 .text          0x00000fc8      0x23c C:/Program Files/POB-Technology/PobTools-BETA\sdk\pobeye\libpob.a(init.o)
                0x00000fc8                _InitPOBEYE_
                0x000011a4                Wait
                0x000011e8                TimerStop
                0x000011cc                TimerStart
                0x00001104                InitPOBEYE
                0x00001064                InitPOBEYE2
                0x000011f8                TimerGet
 .text          0x00001204      0xe78 C:/Program Files/POB-Technology/PobTools-BETA\sdk\pobeye\libpob.a(lcd.o)
                0x00001264                SetPageXYZ
                0x00001204                SetLCDIO
                0x0000123c                SetData
                0x0000121c                TicTac
                0x000019e0                DrawLCD
                0x000012e4                InitLCD
                0x00001714                DrawRightLCD
                0x00001450                DrawLeftLCD
 .text          0x0000207c      0x958 C:/Program Files/POB-Technology/PobTools-BETA\sdk\pobeye\libpob.a(uart.o)
                0x000028f8                printf
                0x000021cc                SendBufferToUART
                0x000021f8                GetByteFromUART
                0x0000290c                PrintTextOnPobTerminal
                0x0000294c                PrintComponentOnPobTerminal
                0x00002218                GetByteFromUARTNoWait
                0x000021ac                SendByteToUART
                0x0000207c                InitUART
                0x00002238                GetBufferFromUART
 .text          0x000029d4      0xfa0 C:/Program Files/POB-Technology/PobTools-BETA\sdk\pobeye\libpob.a(visio.o)
                0x00002a90                GetHSLFrame
                0x000029d4                BinaryRGBFrame
                0x000034ac                TestPattern
                0x000031f4                FindFormWithDistance
                0x00002e7c                CutForm
                0x000037c8                IdentifyForm
                0x00002d5c                Square
                0x00003324                FindFormWithCadrige
                0x00002d30                GrayAPixel
                0x000033b8                DrawVec
                0x00002ce4                GrayRGBFrame
 .text          0x00003974      0xdf4 C:/Program Files/POB-Technology/PobTools-BETA\sdk\pobeye\libpob.a(pob-proto.o)
                0x00004490                SwitchTinyOffAllServo
                0x00003a7c                GetPinPortA
                0x00004054                GetPinPortC
                0x00003e7c                SetPortD
                0x0000470c                SendTinyEcho
                0x00003c4c                SetPinPortA
                0x000041e8                SetTinyPinPortC
                0x0000414c                SetTinyPortC
                0x00004748                SendToSapien
                0x00003d10                GetTinyPortAnalog
                0x00003b50                SetPortA
                0x00004024                GetTinyPortC
                0x00003c84                ClearPinPortA
                0x000040b4                GetTinyPinPortC
                0x000043d4                SetServoMotorFull
                0x00003a1c                SetPortDAsServo
                0x00003fd0                ClearPinPortD
                0x000044c8                SwitchTinyOnAllServo
                0x00003a30                GetPortA
                0x00003c5c                SetTinyPinPortA
                0x0000412c                SetPortC
                0x00003d84                GetPinPortD
                0x000045dc                SwitchOffOneServoFull
                0x00004338                SetServoMotor
                0x000042c8                ClearTinyPinPortC
                0x0000417c                SetPinPortC
                0x00004614                SwitchTinyOffOneServoFull
                0x0000447c                SwitchOffAllServo
                0x000044ec                SwitchOffOneServo
                0x00003f98                SetPinPortD
                0x00004660                SwitchOnOneServoFull
                0x0000426c                ClearPinPortC
                0x00004594                SwitchTinyOnOneServo
                0x0000451c                SwitchTinyOffOneServo
                0x00003fe0                ClearTinyPinPortD
                0x000039c8                SetPobProto
                0x00003974                SetTinyPobProto
                0x00003e9c                SetTinyPortD
                0x00003adc                GetTinyPinPortA
                0x00004698                SwitchTinyOnOneServoFull
                0x0000441c                SetTinyServoMotorFull
                0x00004008                GetPortC
                0x00003c94                ClearTinyPinPortA
                0x00003d54                GetTinyPortD
                0x00003fa8                SetTinyPinPortD
                0x000046e4                SendEcho
                0x00003cbc                GetPortAnalog
                0x00003b70                SetTinyPortA
                0x0000437c                SetTinyServoMotor
                0x00004564                SwitchOnOneServo
                0x00003d38                GetPortD
                0x00003a4c                GetTinyPortA
                0x00003df4                GetTinyPinPortD
                0x000044b4                SwitchOnAllServo
 .text          0x00004768      0x918 C:/Program Files/POB-Technology/PobTools-BETA\sdk\pobeye\libpob.a(cam.o)
                0x00004c10                GrabGreenFrame
                0x00004b08                GrabBlueFrame
                0x00004ee8                GrabRGBFrame
                0x0000479c                GetPointerOnHSLFrame
                0x00004780                GetPointerOnRGBFrame
                0x00004d28                GrabRGBFrameXY
                0x00004778                GetPointerOnGreenBuffer
                0x000047f4                InitCam
                0x000049e0                GrabRedFrame
                0x00004770                GetPointerOnBlueBuffer
                0x00004768                GetPointerOnRedBuffer
                0x000047b8                SendToCam
 .text          0x00005080      0x204 C:/Program Files/POB-Technology/PobTools-BETA\sdk\pobeye\libpob.a(i2c.o)
                0x00005228                WriteOnI2C
                0x00005080                InitI2C
                0x00005260                STOPI2C
                0x0000519c                ReadOnI2C
                0x000050b8                SetI2cSpeed
                0x00005104                SendSlaveAdress
                0x000051d8                ReadOnI2CWithAck
 .text          0x00005284      0x15c C:/Program Files/POB-Technology/PobTools-BETA\sdk\pobeye\libpob.a(io-bus.o)
                0x000052a8                ClrOutput
                0x00005354                ReadByte
                0x00005290                GetInput
                0x0000529c                SetOutput
                0x000052c8                WriteByte
                0x00005284                SetIOWay
                0x000052b4                ClrAndSetOuput
 .text          0x000053e0       0x7c /cygdrive/c/Program Files/GNUARM/bin/../lib/gcc/arm-elf/3.4.3/thumb/libgcc.a(_udivsi3.o)
                0x000053e0                __udivsi3
 .text          0x0000545c       0x94 /cygdrive/c/Program Files/GNUARM/bin/../lib/gcc/arm-elf/3.4.3/thumb/libgcc.a(_divsi3.o)
                0x0000545c                __divsi3
 .text          0x000054f0       0xc8 /cygdrive/c/Program Files/GNUARM/bin/../lib/gcc/arm-elf/3.4.3/thumb/libgcc.a(_umodsi3.o)
                0x000054f0                __umodsi3
 .text          0x000055b8        0x4 /cygdrive/c/Program Files/GNUARM/bin/../lib/gcc/arm-elf/3.4.3/thumb/libgcc.a(_dvmd_tls.o)
                0x000055b8                __div0
 .text          0x000055bc      0x3c0 /cygdrive/c/Program Files/GNUARM/bin/../lib/gcc/arm-elf/3.4.3/thumb/libgcc.a(_addsubdf3.o)
                0x000058fc                __floatsidf
                0x0000592c                __extendsfdf2
                0x000055c8                __adddf3
                0x000058d0                __floatunsidf
                0x000055bc                __subdf3
 .text          0x0000597c      0x4f4 /cygdrive/c/Program Files/GNUARM/bin/../lib/gcc/arm-elf/3.4.3/thumb/libgcc.a(_muldivdf3.o)
                0x00005bf8                __divdf3
                0x0000597c                __muldf3
 .text          0x00005e70       0xfc /cygdrive/c/Program Files/GNUARM/bin/../lib/gcc/arm-elf/3.4.3/thumb/libgcc.a(_truncdfsf2.o)
                0x00005e70                __truncdfsf2
 .text          0x00005f6c      0x22c /cygdrive/c/Program Files/GNUARM/bin/../lib/gcc/arm-elf/3.4.3/thumb/libgcc.a(_addsubsf3.o)
                0x00005f6c                __subsf3
                0x00006148                __floatsisf
                0x0000613c                __floatunsisf
                0x00005f78                __addsf3
 .text          0x00006198      0x338 /cygdrive/c/Program Files/GNUARM/bin/../lib/gcc/arm-elf/3.4.3/thumb/libgcc.a(_muldivsf3.o)
                0x0000632c                __divsf3
                0x00006198                __mulsf3
 .text          0x000064d0       0x60 /cygdrive/c/Program Files/GNUARM/bin/../lib/gcc/arm-elf/3.4.3/thumb/libgcc.a(_fixunssfsi.o)
                0x000064d0                __fixunssfsi
 .text          0x00006530      0x174 /cygdrive/c/Program Files/GNUARM/bin/../lib/gcc/arm-elf/3.4.3/../../../../arm-elf/lib/thumb/libc.a(strtol.o)
                0x00006688                strtol
                0x00006530                _strtol_r
 *(.rodata)
 .rodata        0x000066a4      0x168 C:/Program Files/POB-Technology/PobTools-BETA\sdk\pobeye\libpob.a(pob-proto.o)
 .rodata        0x0000680c      0x101 /cygdrive/c/Program Files/GNUARM/bin/../lib/gcc/arm-elf/3.4.3/../../../../arm-elf/lib/thumb/libc.a(ctype_.o)
                0x0000680c                _ctype_
 *(.rodata*)
 *fill*         0x0000690d        0x3 00
 .rodata.str1.4
                0x00006910       0xaa ./main.o
                                 0xb0 (size before relaxing)
 *fill*         0x000069ba        0x2 00
 .rodata.str1.4
                0x000069bc        0x7 C:/Program Files/POB-Technology/PobTools-BETA\sdk\pobeye\libpob.a(uart.o)
                                  0x8 (size before relaxing)
 *fill*         0x000069c3        0x1 00
 .rodata.str1.4
                0x000069c4        0x2 /cygdrive/c/Program Files/GNUARM/bin/../lib/gcc/arm-elf/3.4.3/../../../../arm-elf/lib/thumb/libc.a(impure.o)
                                  0x4 (size before relaxing)
 *(.glue_7)
 *fill*         0x000069c6        0x2 00
 .glue_7        0x000069c8        0xc /cygdrive/c/Program Files/GNUARM/bin/../lib/gcc/arm-elf/3.4.3/../../../../arm-elf/lib/thumb/libc.a(impure.o)
                0x000069c8                __main_from_arm
 *(.glue_7t)
                0x000069d4                __end_of_text__ = .

.data           0x40000000      0x388 load address 0x000069d4
                0x40000000                __data_beg__ = .
                0x000069d4                __data_beg_src__ = __end_of_text__
 *(.data)
 .data          0x40000000        0x1 C:/Program Files/POB-Technology/PobTools-BETA\sdk\pobeye\libpob.a(pob-proto.o)
 *fill*         0x40000001        0x3 00
 .data          0x40000004        0x4 /cygdrive/c/Program Files/GNUARM/bin/../lib/gcc/arm-elf/3.4.3/../../../../arm-elf/lib/thumb/libc.a(ctype_.o)
                0x40000004                __ctype_ptr
 .data          0x40000008      0x380 /cygdrive/c/Program Files/GNUARM/bin/../lib/gcc/arm-elf/3.4.3/../../../../arm-elf/lib/thumb/libc.a(impure.o)
                0x40000008                _impure_ptr
                0x40000388                __data_end__ = .

.bss            0x40000388     0x8be4
                0x40000388                __bss_beg__ = .
 *(.bss)
 .bss           0x40000388     0x100c ./main.o
 .bss           0x40001394        0x1 C:/Program Files/POB-Technology/PobTools-BETA\sdk\pobeye\libpob.a(pob-proto.o)
 *fill*         0x40001395        0x3 00
 .bss           0x40001398     0x7bd4 C:/Program Files/POB-Technology/PobTools-BETA\sdk\pobeye\libpob.a(cam.o)
                0x40008f6c                . = ALIGN (0x4)
                0x40008f6c                . = ALIGN (0x4)
                0x40008f6c                _end = .
                0x40008f6c                _bss_end__ = .
                0x40008f6c                __bss_end__ = .
                0x40008f6c                __end__ = .
                0x40008f6c                PROVIDE (end, .)
                0x00000794                PROVIDE (undefined_instruction_exception, endless_loop)
                0x00000794                PROVIDE (software_interrupt_exception, endless_loop)
                0x00000794                PROVIDE (prefetch_abort_exception, endless_loop)
                0x00000794                PROVIDE (data_abort_exception, endless_loop)
                0x00000794                PROVIDE (reserved_exception, endless_loop)
                0x00000794                PROVIDE (interrupt_exception, endless_loop)
                0x00000794                PROVIDE (fast_interrupt_exception, endless_loop)
                0xe002c000                PROVIDE (PINSEL0, 0xe002c000)
                0xe0028008                PROVIDE (IODIR, 0xe0028008)
                0xe002800c                PROVIDE (IOCLR, 0xe002800c)
                0xe0028004                PROVIDE (IOSET, 0xe0028004)
                0xe000c000                PROVIDE (U0RBR, 0xe000c000)
                0xe000c000                PROVIDE (U0THR, 0xe000c000)
                0xe000c004                PROVIDE (U0IER, 0xe000c004)
                0xe000c008                PROVIDE (U0IIR, 0xe000c008)
                0xe000c008                PROVIDE (U0FCR, 0xe000c008)
                0xe000c00c                PROVIDE (U0LCR, 0xe000c00c)
                0xe000c014                PROVIDE (U0LSR, 0xe000c014)
                0xe000c01c                PROVIDE (U0SCR, 0xe000c01c)
                0xe000c000                PROVIDE (U0DLL, 0xe000c000)
                0xe000c004                PROVIDE (U0DLM, 0xe000c004)
                0xe0010000                PROVIDE (U1RBR, 0xe0010000)
                0xe0010000                PROVIDE (U1THR, 0xe0010000)
                0xe0010004                PROVIDE (U1IER, 0xe0010004)
                0xe0010008                PROVIDE (U1IIR, 0xe0010008)
                0xe0010008                PROVIDE (U1FCR, 0xe0010008)
                0xe001000c                PROVIDE (U1LCR, 0xe001000c)
                0xe0010014                PROVIDE (U1LSR, 0xe0010014)
                0xe001001c                PROVIDE (U1SCR, 0xe001001c)
                0xe0010000                PROVIDE (U1DLL, 0xe0010000)
                0xe0010004                PROVIDE (U1DLM, 0xe0010004)
                0xe01fc080                PROVIDE (PLLCON, 0xe01fc080)
                0xe01fc084                PROVIDE (PLLCFG, 0xe01fc084)
                0xe01fc088                PROVIDE (PLLSTAT, 0xe01fc088)
                0xe01fc08c                PROVIDE (PLLFEED, 0xe01fc08c)
                0xe01fc000                PROVIDE (MAMCR, 0xe01fc000)
                0xe01fc004                PROVIDE (MAMTIM, 0xe01fc004)
                0xe01fc100                PROVIDE (VPBDIV, 0xe01fc100)
                0xe0004000                PROVIDE (T0IR, 0xe0004000)
                0xe0004004                PROVIDE (T0TCR, 0xe0004004)
                0xe0004008                PROVIDE (T0TC, 0xe0004008)
                0xe000400c                PROVIDE (T0PR, 0xe000400c)
                0xe0004010                PROVIDE (T0PC, 0xe0004010)
                0xe0004014                PROVIDE (T0MCR, 0xe0004014)
                0xe0004018                PROVIDE (T0MR0, 0xe0004018)
                0xe000401c                PROVIDE (T0MR1, 0xe000401c)
                0xe0004020                PROVIDE (T0MR2, 0xe0004020)
                0xe0004024                PROVIDE (T0MR3, 0xe0004024)
                0xe0004028                PROVIDE (T0CCR, 0xe0004028)
                0xe000402c                PROVIDE (T0CR0, 0xe000402c)
                0xe0004030                PROVIDE (T0CR1, 0xe0004030)
                0xe0004034                PROVIDE (T0CR2, 0xe0004034)
                0xe000403c                PROVIDE (T0EMR, 0xe000403c)
                0x3fffc014                PROVIDE (GPIO_IOPIN, 0x3fffc014)
                0x3fffc018                PROVIDE (GPIO_IOSET, 0x3fffc018)
                0x3fffc000                PROVIDE (GPIO_IODIR, 0x3fffc000)
                0x3fffc01c                PROVIDE (GPIO_IOCLR, 0x3fffc01c)
                0x3fffc014                PROVIDE (POB_IO, 0x3fffc014)
                0x3fffc000                PROVIDE (POB_IODIR, 0x3fffc000)
                0x3fffc018                PROVIDE (POB_IOSET, 0x3fffc018)
                0x3fffc01c                PROVIDE (POB_IOCLR, 0x3fffc01c)
                0xe01fc1a0                PROVIDE (SCS, 0xe01fc1a0)
OUTPUT(./RgbAndServo.elf elf32-littlearm)

.comment        0x00000000       0xfc
 .comment       0x00000000       0x12 ./main.o
 .comment       0x00000012       0x12 ./communication.o
 .comment       0x00000024       0x12 C:/Program Files/POB-Technology/PobTools-BETA\sdk\pobeye\libpob.a(graph.o)
 .comment       0x00000036       0x12 C:/Program Files/POB-Technology/PobTools-BETA\sdk\pobeye\libpob.a(init.o)
 .comment       0x00000048       0x12 C:/Program Files/POB-Technology/PobTools-BETA\sdk\pobeye\libpob.a(lcd.o)
 .comment       0x0000005a       0x12 C:/Program Files/POB-Technology/PobTools-BETA\sdk\pobeye\libpob.a(uart.o)
 .comment       0x0000006c       0x12 C:/Program Files/POB-Technology/PobTools-BETA\sdk\pobeye\libpob.a(visio.o)
 .comment       0x0000007e       0x12 C:/Program Files/POB-Technology/PobTools-BETA\sdk\pobeye\libpob.a(pob-proto.o)
 .comment       0x00000090       0x12 C:/Program Files/POB-Technology/PobTools-BETA\sdk\pobeye\libpob.a(cam.o)
 .comment       0x000000a2       0x12 C:/Program Files/POB-Technology/PobTools-BETA\sdk\pobeye\libpob.a(i2c.o)
 .comment       0x000000b4       0x12 C:/Program Files/POB-Technology/PobTools-BETA\sdk\pobeye\libpob.a(io-bus.o)
 .comment       0x000000c6       0x12 /cygdrive/c/Program Files/GNUARM/bin/../lib/gcc/arm-elf/3.4.3/../../../../arm-elf/lib/thumb/libc.a(strtol.o)
 .comment       0x000000d8       0x12 /cygdrive/c/Program Files/GNUARM/bin/../lib/gcc/arm-elf/3.4.3/../../../../arm-elf/lib/thumb/libc.a(ctype_.o)
 .comment       0x000000ea       0x12 /cygdrive/c/Program Files/GNUARM/bin/../lib/gcc/arm-elf/3.4.3/../../../../arm-elf/lib/thumb/libc.a(impure.o)

.debug_line

.debug_info

.debug_abbrev

.debug_aranges

.debug_frame

.debug_pubnames

.debug_str
