Archive member included because of file (symbol)

T:/project/PobTools_Qt/final_application\SDK\pobeye\libpob.a(graph.o)
                              ./move_head_bot.o (InitGraphicBuffer)
T:/project/PobTools_Qt/final_application\SDK\pobeye\libpob.a(init.o)
                              ./move_head_bot.o (InitPOBEYE)
T:/project/PobTools_Qt/final_application\SDK\pobeye\libpob.a(lcd.o)
                              ./move_head_bot.o (InitLCD)
T:/project/PobTools_Qt/final_application\SDK\pobeye\libpob.a(uart.o)
                              T:/project/PobTools_Qt/final_application\SDK\pobeye\libpob.a(init.o) (InitUART)
T:/project/PobTools_Qt/final_application\SDK\pobeye\libpob.a(pob-proto.o)
                              ./Functions.o (SetPobProto)
T:/project/PobTools_Qt/final_application\SDK\pobeye\libpob.a(cam.o)
                              T:/project/PobTools_Qt/final_application\SDK\pobeye\libpob.a(init.o) (InitCam)
T:/project/PobTools_Qt/final_application\SDK\pobeye\libpob.a(i2c.o)
                              T:/project/PobTools_Qt/final_application\SDK\pobeye\libpob.a(init.o) (InitI2C)
T:/project/PobTools_Qt/final_application\SDK\pobeye\libpob.a(io-bus.o)
                              T:/project/PobTools_Qt/final_application\SDK\pobeye\libpob.a(lcd.o) (SetIOWay)
/cygdrive/c/Program Files/GNUARM/bin/../lib/gcc/arm-elf/3.4.3/thumb/libgcc.a(_udivsi3.o)
                              T:/project/PobTools_Qt/final_application\SDK\pobeye\libpob.a(uart.o) (__udivsi3)
/cygdrive/c/Program Files/GNUARM/bin/../lib/gcc/arm-elf/3.4.3/thumb/libgcc.a(_divsi3.o)
                              T:/project/PobTools_Qt/final_application\SDK\pobeye\libpob.a(graph.o) (__divsi3)
/cygdrive/c/Program Files/GNUARM/bin/../lib/gcc/arm-elf/3.4.3/thumb/libgcc.a(_umodsi3.o)
                              T:/project/PobTools_Qt/final_application\SDK\pobeye\libpob.a(uart.o) (__umodsi3)
/cygdrive/c/Program Files/GNUARM/bin/../lib/gcc/arm-elf/3.4.3/thumb/libgcc.a(_dvmd_tls.o)
                              /cygdrive/c/Program Files/GNUARM/bin/../lib/gcc/arm-elf/3.4.3/thumb/libgcc.a(_udivsi3.o) (__div0)
/cygdrive/c/Program Files/GNUARM/bin/../lib/gcc/arm-elf/3.4.3/../../../../arm-elf/lib/thumb/libc.a(sprintf.o)
                              ./move_head_bot.o (sprintf)
/cygdrive/c/Program Files/GNUARM/bin/../lib/gcc/arm-elf/3.4.3/../../../../arm-elf/lib/thumb/libc.a(vfprintf.o)
                              /cygdrive/c/Program Files/GNUARM/bin/../lib/gcc/arm-elf/3.4.3/../../../../arm-elf/lib/thumb/libc.a(sprintf.o) (_vfprintf_r)
/cygdrive/c/Program Files/GNUARM/bin/../lib/gcc/arm-elf/3.4.3/../../../../arm-elf/lib/thumb/libc.a(wcrtomb.o)
                              /cygdrive/c/Program Files/GNUARM/bin/../lib/gcc/arm-elf/3.4.3/../../../../arm-elf/lib/thumb/libc.a(vfprintf.o) (_wcrtomb_r)
/cygdrive/c/Program Files/GNUARM/bin/../lib/gcc/arm-elf/3.4.3/../../../../arm-elf/lib/thumb/libc.a(wcsrtombs.o)
                              /cygdrive/c/Program Files/GNUARM/bin/../lib/gcc/arm-elf/3.4.3/../../../../arm-elf/lib/thumb/libc.a(vfprintf.o) (_wcsrtombs_r)
/cygdrive/c/Program Files/GNUARM/bin/../lib/gcc/arm-elf/3.4.3/../../../../arm-elf/lib/thumb/libc.a(wctomb_r.o)
                              /cygdrive/c/Program Files/GNUARM/bin/../lib/gcc/arm-elf/3.4.3/../../../../arm-elf/lib/thumb/libc.a(wcrtomb.o) (_wctomb_r)
/cygdrive/c/Program Files/GNUARM/bin/../lib/gcc/arm-elf/3.4.3/../../../../arm-elf/lib/thumb/libc.a(wsetup.o)
                              /cygdrive/c/Program Files/GNUARM/bin/../lib/gcc/arm-elf/3.4.3/../../../../arm-elf/lib/thumb/libc.a(vfprintf.o) (__swsetup)
/cygdrive/c/Program Files/GNUARM/bin/../lib/gcc/arm-elf/3.4.3/../../../../arm-elf/lib/thumb/libc.a(dtoa.o)
                              /cygdrive/c/Program Files/GNUARM/bin/../lib/gcc/arm-elf/3.4.3/../../../../arm-elf/lib/thumb/libc.a(vfprintf.o) (_dtoa_r)
/cygdrive/c/Program Files/GNUARM/bin/../lib/gcc/arm-elf/3.4.3/../../../../arm-elf/lib/thumb/libc.a(fflush.o)
                              /cygdrive/c/Program Files/GNUARM/bin/../lib/gcc/arm-elf/3.4.3/../../../../arm-elf/lib/thumb/libc.a(vfprintf.o) (fflush)
/cygdrive/c/Program Files/GNUARM/bin/../lib/gcc/arm-elf/3.4.3/../../../../arm-elf/lib/thumb/libc.a(findfp.o)
                              /cygdrive/c/Program Files/GNUARM/bin/../lib/gcc/arm-elf/3.4.3/../../../../arm-elf/lib/thumb/libc.a(vfprintf.o) (__sinit)
/cygdrive/c/Program Files/GNUARM/bin/../lib/gcc/arm-elf/3.4.3/../../../../arm-elf/lib/thumb/libc.a(freer.o)
                              /cygdrive/c/Program Files/GNUARM/bin/../lib/gcc/arm-elf/3.4.3/../../../../arm-elf/lib/thumb/libc.a(wsetup.o) (_free_r)
/cygdrive/c/Program Files/GNUARM/bin/../lib/gcc/arm-elf/3.4.3/../../../../arm-elf/lib/thumb/libc.a(fvwrite.o)
                              /cygdrive/c/Program Files/GNUARM/bin/../lib/gcc/arm-elf/3.4.3/../../../../arm-elf/lib/thumb/libc.a(vfprintf.o) (__sfvwrite)
/cygdrive/c/Program Files/GNUARM/bin/../lib/gcc/arm-elf/3.4.3/../../../../arm-elf/lib/thumb/libc.a(fwalk.o)
                              /cygdrive/c/Program Files/GNUARM/bin/../lib/gcc/arm-elf/3.4.3/../../../../arm-elf/lib/thumb/libc.a(fflush.o) (_fwalk)
/cygdrive/c/Program Files/GNUARM/bin/../lib/gcc/arm-elf/3.4.3/../../../../arm-elf/lib/thumb/libc.a(impure.o)
                              /cygdrive/c/Program Files/GNUARM/bin/../lib/gcc/arm-elf/3.4.3/../../../../arm-elf/lib/thumb/libc.a(sprintf.o) (_impure_ptr)
/cygdrive/c/Program Files/GNUARM/bin/../lib/gcc/arm-elf/3.4.3/../../../../arm-elf/lib/thumb/libc.a(locale.o)
                              /cygdrive/c/Program Files/GNUARM/bin/../lib/gcc/arm-elf/3.4.3/../../../../arm-elf/lib/thumb/libc.a(wctomb_r.o) (__lc_ctype)
/cygdrive/c/Program Files/GNUARM/bin/../lib/gcc/arm-elf/3.4.3/../../../../arm-elf/lib/thumb/libc.a(makebuf.o)
                              /cygdrive/c/Program Files/GNUARM/bin/../lib/gcc/arm-elf/3.4.3/../../../../arm-elf/lib/thumb/libc.a(wsetup.o) (__smakebuf)
/cygdrive/c/Program Files/GNUARM/bin/../lib/gcc/arm-elf/3.4.3/../../../../arm-elf/lib/thumb/libc.a(malloc.o)
                              /cygdrive/c/Program Files/GNUARM/bin/../lib/gcc/arm-elf/3.4.3/../../../../arm-elf/lib/thumb/libc.a(vfprintf.o) (free)
/cygdrive/c/Program Files/GNUARM/bin/../lib/gcc/arm-elf/3.4.3/../../../../arm-elf/lib/thumb/libc.a(mallocr.o)
                              /cygdrive/c/Program Files/GNUARM/bin/../lib/gcc/arm-elf/3.4.3/../../../../arm-elf/lib/thumb/libc.a(freer.o) (__malloc_current_mallinfo)
/cygdrive/c/Program Files/GNUARM/bin/../lib/gcc/arm-elf/3.4.3/../../../../arm-elf/lib/thumb/libc.a(memchr.o)
                              /cygdrive/c/Program Files/GNUARM/bin/../lib/gcc/arm-elf/3.4.3/../../../../arm-elf/lib/thumb/libc.a(vfprintf.o) (memchr)
/cygdrive/c/Program Files/GNUARM/bin/../lib/gcc/arm-elf/3.4.3/../../../../arm-elf/lib/thumb/libc.a(memcpy.o)
                              /cygdrive/c/Program Files/GNUARM/bin/../lib/gcc/arm-elf/3.4.3/../../../../arm-elf/lib/thumb/libc.a(dtoa.o) (memcpy)
/cygdrive/c/Program Files/GNUARM/bin/../lib/gcc/arm-elf/3.4.3/../../../../arm-elf/lib/thumb/libc.a(memmove.o)
                              /cygdrive/c/Program Files/GNUARM/bin/../lib/gcc/arm-elf/3.4.3/../../../../arm-elf/lib/thumb/libc.a(fvwrite.o) (memmove)
/cygdrive/c/Program Files/GNUARM/bin/../lib/gcc/arm-elf/3.4.3/../../../../arm-elf/lib/thumb/libc.a(memset.o)
                              /cygdrive/c/Program Files/GNUARM/bin/../lib/gcc/arm-elf/3.4.3/../../../../arm-elf/lib/thumb/libc.a(vfprintf.o) (memset)
/cygdrive/c/Program Files/GNUARM/bin/../lib/gcc/arm-elf/3.4.3/../../../../arm-elf/lib/thumb/libc.a(mlock.o)
                              /cygdrive/c/Program Files/GNUARM/bin/../lib/gcc/arm-elf/3.4.3/../../../../arm-elf/lib/thumb/libc.a(freer.o) (__malloc_lock)
/cygdrive/c/Program Files/GNUARM/bin/../lib/gcc/arm-elf/3.4.3/../../../../arm-elf/lib/thumb/libc.a(mprec.o)
                              /cygdrive/c/Program Files/GNUARM/bin/../lib/gcc/arm-elf/3.4.3/../../../../arm-elf/lib/thumb/libc.a(dtoa.o) (__mprec_bigtens)
/cygdrive/c/Program Files/GNUARM/bin/../lib/gcc/arm-elf/3.4.3/../../../../arm-elf/lib/thumb/libc.a(reallocr.o)
                              /cygdrive/c/Program Files/GNUARM/bin/../lib/gcc/arm-elf/3.4.3/../../../../arm-elf/lib/thumb/libc.a(fvwrite.o) (_realloc_r)
/cygdrive/c/Program Files/GNUARM/bin/../lib/gcc/arm-elf/3.4.3/../../../../arm-elf/lib/thumb/libc.a(s_isinf.o)
                              /cygdrive/c/Program Files/GNUARM/bin/../lib/gcc/arm-elf/3.4.3/../../../../arm-elf/lib/thumb/libc.a(vfprintf.o) (isinf)
/cygdrive/c/Program Files/GNUARM/bin/../lib/gcc/arm-elf/3.4.3/../../../../arm-elf/lib/thumb/libc.a(s_isnan.o)
                              /cygdrive/c/Program Files/GNUARM/bin/../lib/gcc/arm-elf/3.4.3/../../../../arm-elf/lib/thumb/libc.a(vfprintf.o) (isnan)
/cygdrive/c/Program Files/GNUARM/bin/../lib/gcc/arm-elf/3.4.3/../../../../arm-elf/lib/thumb/libc.a(sbrkr.o)
                              /cygdrive/c/Program Files/GNUARM/bin/../lib/gcc/arm-elf/3.4.3/../../../../arm-elf/lib/thumb/libc.a(freer.o) (_sbrk_r)
/cygdrive/c/Program Files/GNUARM/bin/../lib/gcc/arm-elf/3.4.3/../../../../arm-elf/lib/thumb/libc.a(stdio.o)
                              /cygdrive/c/Program Files/GNUARM/bin/../lib/gcc/arm-elf/3.4.3/../../../../arm-elf/lib/thumb/libc.a(findfp.o) (__sread)
/cygdrive/c/Program Files/GNUARM/bin/../lib/gcc/arm-elf/3.4.3/../../../../arm-elf/lib/thumb/libc.a(strcmp.o)
                              /cygdrive/c/Program Files/GNUARM/bin/../lib/gcc/arm-elf/3.4.3/../../../../arm-elf/lib/thumb/libc.a(wctomb_r.o) (strcmp)
/cygdrive/c/Program Files/GNUARM/bin/../lib/gcc/arm-elf/3.4.3/../../../../arm-elf/lib/thumb/libc.a(strlen.o)
                              /cygdrive/c/Program Files/GNUARM/bin/../lib/gcc/arm-elf/3.4.3/../../../../arm-elf/lib/thumb/libc.a(vfprintf.o) (strlen)
/cygdrive/c/Program Files/GNUARM/bin/../lib/gcc/arm-elf/3.4.3/../../../../arm-elf/lib/thumb/libc.a(syscalls.o)
                              /cygdrive/c/Program Files/GNUARM/bin/../lib/gcc/arm-elf/3.4.3/../../../../arm-elf/lib/thumb/libc.a(sbrkr.o) (_sbrk)
/cygdrive/c/Program Files/GNUARM/bin/../lib/gcc/arm-elf/3.4.3/../../../../arm-elf/lib/thumb/libc.a(writer.o)
                              /cygdrive/c/Program Files/GNUARM/bin/../lib/gcc/arm-elf/3.4.3/../../../../arm-elf/lib/thumb/libc.a(stdio.o) (_write_r)
/cygdrive/c/Program Files/GNUARM/bin/../lib/gcc/arm-elf/3.4.3/../../../../arm-elf/lib/thumb/libc.a(callocr.o)
                              /cygdrive/c/Program Files/GNUARM/bin/../lib/gcc/arm-elf/3.4.3/../../../../arm-elf/lib/thumb/libc.a(mprec.o) (_calloc_r)
/cygdrive/c/Program Files/GNUARM/bin/../lib/gcc/arm-elf/3.4.3/../../../../arm-elf/lib/thumb/libc.a(closer.o)
                              /cygdrive/c/Program Files/GNUARM/bin/../lib/gcc/arm-elf/3.4.3/../../../../arm-elf/lib/thumb/libc.a(stdio.o) (_close_r)
/cygdrive/c/Program Files/GNUARM/bin/../lib/gcc/arm-elf/3.4.3/../../../../arm-elf/lib/thumb/libc.a(errno.o)
                              /cygdrive/c/Program Files/GNUARM/bin/../lib/gcc/arm-elf/3.4.3/../../../../arm-elf/lib/thumb/libc.a(syscalls.o) (__errno)
/cygdrive/c/Program Files/GNUARM/bin/../lib/gcc/arm-elf/3.4.3/../../../../arm-elf/lib/thumb/libc.a(fstatr.o)
                              /cygdrive/c/Program Files/GNUARM/bin/../lib/gcc/arm-elf/3.4.3/../../../../arm-elf/lib/thumb/libc.a(makebuf.o) (_fstat_r)
/cygdrive/c/Program Files/GNUARM/bin/../lib/gcc/arm-elf/3.4.3/../../../../arm-elf/lib/thumb/libc.a(lseekr.o)
                              /cygdrive/c/Program Files/GNUARM/bin/../lib/gcc/arm-elf/3.4.3/../../../../arm-elf/lib/thumb/libc.a(stdio.o) (_lseek_r)
/cygdrive/c/Program Files/GNUARM/bin/../lib/gcc/arm-elf/3.4.3/../../../../arm-elf/lib/thumb/libc.a(readr.o)
                              /cygdrive/c/Program Files/GNUARM/bin/../lib/gcc/arm-elf/3.4.3/../../../../arm-elf/lib/thumb/libc.a(stdio.o) (_read_r)
/cygdrive/c/Program Files/GNUARM/bin/../lib/gcc/arm-elf/3.4.3/../../../../arm-elf/lib/thumb/libc.a(reent.o)
                              /cygdrive/c/Program Files/GNUARM/bin/../lib/gcc/arm-elf/3.4.3/../../../../arm-elf/lib/thumb/libc.a(sbrkr.o) (errno)
/cygdrive/c/Program Files/GNUARM/bin/../lib/gcc/arm-elf/3.4.3/thumb/libgcc.a(_modsi3.o)
                              /cygdrive/c/Program Files/GNUARM/bin/../lib/gcc/arm-elf/3.4.3/../../../../arm-elf/lib/thumb/libc.a(vfprintf.o) (__modsi3)
/cygdrive/c/Program Files/GNUARM/bin/../lib/gcc/arm-elf/3.4.3/thumb/libgcc.a(_call_via_rX.o)
                              /cygdrive/c/Program Files/GNUARM/bin/../lib/gcc/arm-elf/3.4.3/../../../../arm-elf/lib/thumb/libc.a(fflush.o) (_call_via_r3)
/cygdrive/c/Program Files/GNUARM/bin/../lib/gcc/arm-elf/3.4.3/thumb/libgcc.a(_addsubdf3.o)
                              /cygdrive/c/Program Files/GNUARM/bin/../lib/gcc/arm-elf/3.4.3/../../../../arm-elf/lib/thumb/libc.a(dtoa.o) (__subdf3)
/cygdrive/c/Program Files/GNUARM/bin/../lib/gcc/arm-elf/3.4.3/thumb/libgcc.a(_muldivdf3.o)
                              /cygdrive/c/Program Files/GNUARM/bin/../lib/gcc/arm-elf/3.4.3/../../../../arm-elf/lib/thumb/libc.a(dtoa.o) (__muldf3)
/cygdrive/c/Program Files/GNUARM/bin/../lib/gcc/arm-elf/3.4.3/thumb/libgcc.a(_cmpdf2.o)
                              /cygdrive/c/Program Files/GNUARM/bin/../lib/gcc/arm-elf/3.4.3/../../../../arm-elf/lib/thumb/libc.a(dtoa.o) (__gtdf2)
/cygdrive/c/Program Files/GNUARM/bin/../lib/gcc/arm-elf/3.4.3/thumb/libgcc.a(_fixdfsi.o)
                              /cygdrive/c/Program Files/GNUARM/bin/../lib/gcc/arm-elf/3.4.3/../../../../arm-elf/lib/thumb/libc.a(dtoa.o) (__fixdfsi)

Allocating common symbols
Common symbol       size              file

errno               0x4               /cygdrive/c/Program Files/GNUARM/bin/../lib/gcc/arm-elf/3.4.3/../../../../arm-elf/lib/thumb/libc.a(reent.o)

Memory Configuration

Name             Origin             Length             Attributes
flash            0x00000000         0x0001e000
ram              0x40000000         0x00010000
*default*        0x00000000         0xffffffff

Linker script and memory map

LOAD ./move_head_bot.o
LOAD ./Functions.o
LOAD T:/project/PobTools_Qt/final_application\SDK\pobeye\boot.o
LOAD T:/project/PobTools_Qt/final_application\SDK\pobeye\libpob.a
LOAD /cygdrive/c/Program Files/GNUARM/bin/../lib/gcc/arm-elf/3.4.3/../../../../arm-elf/lib/thumb/libm.a
LOAD /cygdrive/c/Program Files/GNUARM/bin/../lib/gcc/arm-elf/3.4.3/thumb/libgcc.a
LOAD /cygdrive/c/Program Files/GNUARM/bin/../lib/gcc/arm-elf/3.4.3/../../../../arm-elf/lib/thumb/libc.a
LOAD /cygdrive/c/Program Files/GNUARM/bin/../lib/gcc/arm-elf/3.4.3/thumb/libgcc.a
                0x4000fffc                __stack_end__ = 0x4000fffc
                0x00000000                . = 0x0

startup         0x00000000       0x20
 *(.startup)
 .startup       0x00000000       0x20 T:/project/PobTools_Qt/final_application\SDK\pobeye\boot.o

prog            0x00000020     0xa744
 *(.text)
 .text          0x00000020      0x134 ./move_head_bot.o
                0x00000020                main
 .text          0x00000154       0xc8 ./Functions.o
                0x00000210                MoveBot
                0x00000174                InitAsciiBuffer
                0x00000154                InitPobProto
                0x000001ac                PrintTextOnPobLCD
 .text          0x0000021c       0x84 T:/project/PobTools_Qt/final_application\SDK\pobeye\boot.o
                0x0000021c                _start
                0x0000021c                start
                0x00000284                endless_loop
 .text          0x000002a0      0x818 T:/project/PobTools_Qt/final_application\SDK\pobeye\libpob.a(graph.o)
                0x000002a0                InitGraphicBuffer
                0x00000724                DrawBitmap
                0x000002f0                PlotAPoint
                0x000002ac                ClearGraphicBuffer
                0x000003d0                DrawLine
                0x00000654                GetBitmapWidth
                0x000006bc                GetBitmapHeight
                0x00000348                DrawComponentInABufferVideo
 .text          0x00000ab8      0x23c T:/project/PobTools_Qt/final_application\SDK\pobeye\libpob.a(init.o)
                0x00000ab8                _InitPOBEYE_
                0x00000c94                Wait
                0x00000cd8                TimerStop
                0x00000cbc                TimerStart
                0x00000bf4                InitPOBEYE
                0x00000b54                InitPOBEYE2
                0x00000ce8                TimerGet
 .text          0x00000cf4      0xe78 T:/project/PobTools_Qt/final_application\SDK\pobeye\libpob.a(lcd.o)
                0x00000d54                SetPageXYZ
                0x00000cf4                SetLCDIO
                0x00000d2c                SetData
                0x00000d0c                TicTac
                0x000014d0                DrawLCD
                0x00000dd4                InitLCD
                0x00001204                DrawRightLCD
                0x00000f40                DrawLeftLCD
 .text          0x00001b6c      0x958 T:/project/PobTools_Qt/final_application\SDK\pobeye\libpob.a(uart.o)
                0x000023e8                printf
                0x00001cbc                SendBufferToUART
                0x00001ce8                GetByteFromUART
                0x000023fc                PrintTextOnPobTerminal
                0x0000243c                PrintComponentOnPobTerminal
                0x00001d08                GetByteFromUARTNoWait
                0x00001c9c                SendByteToUART
                0x00001b6c                InitUART
                0x00001d28                GetBufferFromUART
 .text          0x000024c4      0xdf4 T:/project/PobTools_Qt/final_application\SDK\pobeye\libpob.a(pob-proto.o)
                0x00002fe0                SwitchTinyOffAllServo
                0x000025cc                GetPinPortA
                0x00002ba4                GetPinPortC
                0x000029cc                SetPortD
                0x0000325c                SendTinyEcho
                0x0000279c                SetPinPortA
                0x00002d38                SetTinyPinPortC
                0x00002c9c                SetTinyPortC
                0x00003298                SendToSapien
                0x00002860                GetTinyPortAnalog
                0x000026a0                SetPortA
                0x00002b74                GetTinyPortC
                0x000027d4                ClearPinPortA
                0x00002c04                GetTinyPinPortC
                0x00002f24                SetServoMotorFull
                0x0000256c                SetPortDAsServo
                0x00002b20                ClearPinPortD
                0x00003018                SwitchTinyOnAllServo
                0x00002580                GetPortA
                0x000027ac                SetTinyPinPortA
                0x00002c7c                SetPortC
                0x000028d4                GetPinPortD
                0x0000312c                SwitchOffOneServoFull
                0x00002e88                SetServoMotor
                0x00002e18                ClearTinyPinPortC
                0x00002ccc                SetPinPortC
                0x00003164                SwitchTinyOffOneServoFull
                0x00002fcc                SwitchOffAllServo
                0x0000303c                SwitchOffOneServo
                0x00002ae8                SetPinPortD
                0x000031b0                SwitchOnOneServoFull
                0x00002dbc                ClearPinPortC
                0x000030e4                SwitchTinyOnOneServo
                0x0000306c                SwitchTinyOffOneServo
                0x00002b30                ClearTinyPinPortD
                0x00002518                SetPobProto
                0x000024c4                SetTinyPobProto
                0x000029ec                SetTinyPortD
                0x0000262c                GetTinyPinPortA
                0x000031e8                SwitchTinyOnOneServoFull
                0x00002f6c                SetTinyServoMotorFull
                0x00002b58                GetPortC
                0x000027e4                ClearTinyPinPortA
                0x000028a4                GetTinyPortD
                0x00002af8                SetTinyPinPortD
                0x00003234                SendEcho
                0x0000280c                GetPortAnalog
                0x000026c0                SetTinyPortA
                0x00002ecc                SetTinyServoMotor
                0x000030b4                SwitchOnOneServo
                0x00002888                GetPortD
                0x0000259c                GetTinyPortA
                0x00002944                GetTinyPinPortD
                0x00003004                SwitchOnAllServo
 .text          0x000032b8      0x918 T:/project/PobTools_Qt/final_application\SDK\pobeye\libpob.a(cam.o)
                0x00003760                GrabGreenFrame
                0x00003658                GrabBlueFrame
                0x00003a38                GrabRGBFrame
                0x000032ec                GetPointerOnHSLFrame
                0x000032d0                GetPointerOnRGBFrame
                0x00003878                GrabRGBFrameXY
                0x000032c8                GetPointerOnGreenBuffer
                0x00003344                InitCam
                0x00003530                GrabRedFrame
                0x000032c0                GetPointerOnBlueBuffer
                0x000032b8                GetPointerOnRedBuffer
                0x00003308                SendToCam
 .text          0x00003bd0      0x204 T:/project/PobTools_Qt/final_application\SDK\pobeye\libpob.a(i2c.o)
                0x00003d78                WriteOnI2C
                0x00003bd0                InitI2C
                0x00003db0                STOPI2C
                0x00003cec                ReadOnI2C
                0x00003c08                SetI2cSpeed
                0x00003c54                SendSlaveAdress
                0x00003d28                ReadOnI2CWithAck
 .text          0x00003dd4      0x15c T:/project/PobTools_Qt/final_application\SDK\pobeye\libpob.a(io-bus.o)
                0x00003df8                ClrOutput
                0x00003ea4                ReadByte
                0x00003de0                GetInput
                0x00003dec                SetOutput
                0x00003e18                WriteByte
                0x00003dd4                SetIOWay
                0x00003e04                ClrAndSetOuput
 .text          0x00003f30       0x7c /cygdrive/c/Program Files/GNUARM/bin/../lib/gcc/arm-elf/3.4.3/thumb/libgcc.a(_udivsi3.o)
                0x00003f30                __udivsi3
 .text          0x00003fac       0x94 /cygdrive/c/Program Files/GNUARM/bin/../lib/gcc/arm-elf/3.4.3/thumb/libgcc.a(_divsi3.o)
                0x00003fac                __divsi3
 .text          0x00004040       0xc8 /cygdrive/c/Program Files/GNUARM/bin/../lib/gcc/arm-elf/3.4.3/thumb/libgcc.a(_umodsi3.o)
                0x00004040                __umodsi3
 .text          0x00004108        0x4 /cygdrive/c/Program Files/GNUARM/bin/../lib/gcc/arm-elf/3.4.3/thumb/libgcc.a(_dvmd_tls.o)
                0x00004108                __div0
 .text          0x0000410c       0x80 /cygdrive/c/Program Files/GNUARM/bin/../lib/gcc/arm-elf/3.4.3/../../../../arm-elf/lib/thumb/libc.a(sprintf.o)
                0x0000410c                _sprintf_r
                0x00004148                sprintf
 .text          0x0000418c     0x1764 /cygdrive/c/Program Files/GNUARM/bin/../lib/gcc/arm-elf/3.4.3/../../../../arm-elf/lib/thumb/libc.a(vfprintf.o)
                0x000041a8                _vfprintf_r
                0x000058c4                vfprintf
 .text          0x000058f0       0x4c /cygdrive/c/Program Files/GNUARM/bin/../lib/gcc/arm-elf/3.4.3/../../../../arm-elf/lib/thumb/libc.a(wcrtomb.o)
                0x000058f0                _wcrtomb_r
                0x00005920                wcrtomb
 .text          0x0000593c       0xec /cygdrive/c/Program Files/GNUARM/bin/../lib/gcc/arm-elf/3.4.3/../../../../arm-elf/lib/thumb/libc.a(wcsrtombs.o)
                0x0000593c                _wcsrtombs_r
                0x00005a04                wcsrtombs
 .text          0x00005a28      0x2b0 /cygdrive/c/Program Files/GNUARM/bin/../lib/gcc/arm-elf/3.4.3/../../../../arm-elf/lib/thumb/libc.a(wctomb_r.o)
                0x00005a28                _wctomb_r
 .text          0x00005cd8       0xa0 /cygdrive/c/Program Files/GNUARM/bin/../lib/gcc/arm-elf/3.4.3/../../../../arm-elf/lib/thumb/libc.a(wsetup.o)
                0x00005cd8                __swsetup
 .text          0x00005d78      0xe14 /cygdrive/c/Program Files/GNUARM/bin/../lib/gcc/arm-elf/3.4.3/../../../../arm-elf/lib/thumb/libc.a(dtoa.o)
                0x00005ed8                _dtoa_r
 .text          0x00006b8c       0x78 /cygdrive/c/Program Files/GNUARM/bin/../lib/gcc/arm-elf/3.4.3/../../../../arm-elf/lib/thumb/libc.a(fflush.o)
                0x00006b8c                fflush
 .text          0x00006c04      0x158 /cygdrive/c/Program Files/GNUARM/bin/../lib/gcc/arm-elf/3.4.3/../../../../arm-elf/lib/thumb/libc.a(findfp.o)
                0x00006c70                __sinit
                0x00006c3c                __sfmoreglue
                0x00006d4c                _cleanup
                0x00006d3c                _cleanup_r
                0x00006cc4                __sfp
 .text          0x00006d5c      0x264 /cygdrive/c/Program Files/GNUARM/bin/../lib/gcc/arm-elf/3.4.3/../../../../arm-elf/lib/thumb/libc.a(freer.o)
                0x00006e0c                _free_r
                0x00006d5c                _malloc_trim_r
 .text          0x00006fc0      0x284 /cygdrive/c/Program Files/GNUARM/bin/../lib/gcc/arm-elf/3.4.3/../../../../arm-elf/lib/thumb/libc.a(fvwrite.o)
                0x00006fc0                __sfvwrite
 .text          0x00007244       0x90 /cygdrive/c/Program Files/GNUARM/bin/../lib/gcc/arm-elf/3.4.3/../../../../arm-elf/lib/thumb/libc.a(fwalk.o)
                0x00007244                _fwalk
 .text          0x000072d4       0x74 /cygdrive/c/Program Files/GNUARM/bin/../lib/gcc/arm-elf/3.4.3/../../../../arm-elf/lib/thumb/libc.a(locale.o)
                0x000072d4                _setlocale_r
                0x0000730c                __locale_charset
                0x00007318                _localeconv_r
                0x00007320                setlocale
                0x00007338                localeconv
 .text          0x00007348       0xd0 /cygdrive/c/Program Files/GNUARM/bin/../lib/gcc/arm-elf/3.4.3/../../../../arm-elf/lib/thumb/libc.a(makebuf.o)
                0x00007348                __smakebuf
 .text          0x00007418       0x28 /cygdrive/c/Program Files/GNUARM/bin/../lib/gcc/arm-elf/3.4.3/../../../../arm-elf/lib/thumb/libc.a(malloc.o)
                0x00007418                malloc
                0x0000742c                free
 .text          0x00007440      0x4a8 /cygdrive/c/Program Files/GNUARM/bin/../lib/gcc/arm-elf/3.4.3/../../../../arm-elf/lib/thumb/libc.a(mallocr.o)
                0x00007440                _malloc_r
 .text          0x000078e8       0x70 /cygdrive/c/Program Files/GNUARM/bin/../lib/gcc/arm-elf/3.4.3/../../../../arm-elf/lib/thumb/libc.a(memchr.o)
                0x000078e8                memchr
 .text          0x00007958       0x54 /cygdrive/c/Program Files/GNUARM/bin/../lib/gcc/arm-elf/3.4.3/../../../../arm-elf/lib/thumb/libc.a(memcpy.o)
                0x00007958                memcpy
 .text          0x000079ac       0x7c /cygdrive/c/Program Files/GNUARM/bin/../lib/gcc/arm-elf/3.4.3/../../../../arm-elf/lib/thumb/libc.a(memmove.o)
                0x000079ac                memmove
 .text          0x00007a28       0x4c /cygdrive/c/Program Files/GNUARM/bin/../lib/gcc/arm-elf/3.4.3/../../../../arm-elf/lib/thumb/libc.a(memset.o)
                0x00007a28                memset
 .text          0x00007a74        0x8 /cygdrive/c/Program Files/GNUARM/bin/../lib/gcc/arm-elf/3.4.3/../../../../arm-elf/lib/thumb/libc.a(mlock.o)
                0x00007a78                __malloc_unlock
                0x00007a74                __malloc_lock
 .text          0x00007a7c      0x870 /cygdrive/c/Program Files/GNUARM/bin/../lib/gcc/arm-elf/3.4.3/../../../../arm-elf/lib/thumb/libc.a(mprec.o)
                0x000082b0                _mprec_log10
                0x00007c08                _hi0bits
                0x00007a7c                _Balloc
                0x0000817c                _d2b
                0x00007cd4                _multiply
                0x00008260                _ratio
                0x00007b80                _s2b
                0x00007cc0                _i2b
                0x00007c50                _lo0bits
                0x00007f60                __mcmp
                0x00007e24                _pow5mult
                0x00008080                _ulp
                0x000080cc                _b2d
                0x00007ae4                _multadd
                0x00007f9c                __mdiff
                0x00007ec0                _lshift
                0x00007ad0                _Bfree
 .text          0x000082ec      0x330 /cygdrive/c/Program Files/GNUARM/bin/../lib/gcc/arm-elf/3.4.3/../../../../arm-elf/lib/thumb/libc.a(reallocr.o)
                0x000082ec                _realloc_r
 .text          0x0000861c       0x2c /cygdrive/c/Program Files/GNUARM/bin/../lib/gcc/arm-elf/3.4.3/../../../../arm-elf/lib/thumb/libc.a(s_isinf.o)
                0x0000861c                isinf
 .text          0x00008648       0x24 /cygdrive/c/Program Files/GNUARM/bin/../lib/gcc/arm-elf/3.4.3/../../../../arm-elf/lib/thumb/libc.a(s_isnan.o)
                0x00008648                isnan
 .text          0x0000866c       0x24 /cygdrive/c/Program Files/GNUARM/bin/../lib/gcc/arm-elf/3.4.3/../../../../arm-elf/lib/thumb/libc.a(sbrkr.o)
                0x0000866c                _sbrk_r
 .text          0x00008690       0xc8 /cygdrive/c/Program Files/GNUARM/bin/../lib/gcc/arm-elf/3.4.3/../../../../arm-elf/lib/thumb/libc.a(stdio.o)
                0x00008708                __sseek
                0x00008690                __sread
                0x00008744                __sclose
                0x000086c4                __swrite
 .text          0x00008758       0x60 /cygdrive/c/Program Files/GNUARM/bin/../lib/gcc/arm-elf/3.4.3/../../../../arm-elf/lib/thumb/libc.a(strcmp.o)
                0x00008758                strcmp
 .text          0x000087b8       0x40 /cygdrive/c/Program Files/GNUARM/bin/../lib/gcc/arm-elf/3.4.3/../../../../arm-elf/lib/thumb/libc.a(strlen.o)
                0x000087b8                strlen
 .text          0x000087f8      0x514 /cygdrive/c/Program Files/GNUARM/bin/../lib/gcc/arm-elf/3.4.3/../../../../arm-elf/lib/thumb/libc.a(syscalls.o)
                0x00008bfc                _getpid
                0x000088c4                initialise_monitor_handles
                0x00008ce0                isatty
                0x00008c30                _fstat
                0x00008b80                _open
                0x00008c00                _sbrk
                0x00008c94                _raise
                0x00008cc0                _times
                0x00008c50                _stat
                0x00008a78                _lseek
                0x00008c84                _link
                0x00008a84                _swiwrite
                0x00008cfc                _rename
                0x000089f0                _swilseek
                0x00008b94                _swiclose
                0x00008af4                _swiopen
                0x00008c8c                _unlink
                0x00008aa8                _write
                0x00008be4                _kill
                0x00008c98                _gettimeofday
                0x000089a8                _read
                0x00008bd0                _exit
                0x00008ce4                _system
                0x00008984                _swiread
                0x00008bc4                _close
 .text          0x00008d0c       0x28 /cygdrive/c/Program Files/GNUARM/bin/../lib/gcc/arm-elf/3.4.3/../../../../arm-elf/lib/thumb/libc.a(writer.o)
                0x00008d0c                _write_r
 .text          0x00008d34       0x54 /cygdrive/c/Program Files/GNUARM/bin/../lib/gcc/arm-elf/3.4.3/../../../../arm-elf/lib/thumb/libc.a(callocr.o)
                0x00008d34                _calloc_r
 .text          0x00008d88       0x24 /cygdrive/c/Program Files/GNUARM/bin/../lib/gcc/arm-elf/3.4.3/../../../../arm-elf/lib/thumb/libc.a(closer.o)
                0x00008d88                _close_r
 .text          0x00008dac        0xc /cygdrive/c/Program Files/GNUARM/bin/../lib/gcc/arm-elf/3.4.3/../../../../arm-elf/lib/thumb/libc.a(errno.o)
                0x00008dac                __errno
 .text          0x00008db8       0x28 /cygdrive/c/Program Files/GNUARM/bin/../lib/gcc/arm-elf/3.4.3/../../../../arm-elf/lib/thumb/libc.a(fstatr.o)
                0x00008db8                _fstat_r
 .text          0x00008de0       0x28 /cygdrive/c/Program Files/GNUARM/bin/../lib/gcc/arm-elf/3.4.3/../../../../arm-elf/lib/thumb/libc.a(lseekr.o)
                0x00008de0                _lseek_r
 .text          0x00008e08       0x28 /cygdrive/c/Program Files/GNUARM/bin/../lib/gcc/arm-elf/3.4.3/../../../../arm-elf/lib/thumb/libc.a(readr.o)
                0x00008e08                _read_r
 .text          0x00008e30      0x100 /cygdrive/c/Program Files/GNUARM/bin/../lib/gcc/arm-elf/3.4.3/../../../../arm-elf/lib/thumb/libc.a(reent.o)
                0x00008e30                cleanup_glue
                0x00008e4c                _reclaim_reent
                0x00008ee4                _wrapup_reent
 .text          0x00008f30       0xd8 /cygdrive/c/Program Files/GNUARM/bin/../lib/gcc/arm-elf/3.4.3/thumb/libgcc.a(_modsi3.o)
                0x00008f30                __modsi3
 .text          0x00009008       0x3c /cygdrive/c/Program Files/GNUARM/bin/../lib/gcc/arm-elf/3.4.3/thumb/libgcc.a(_call_via_rX.o)
                0x00009010                _call_via_r2
                0x00009020                _call_via_r6
                0x0000901c                _call_via_r5
                0x00009014                _call_via_r3
                0x00009034                _call_via_fp
                0x00009028                _call_via_r8
                0x00009024                _call_via_r7
                0x00009008                _call_via_r0
                0x00009030                _call_via_sl
                0x0000903c                _call_via_sp
                0x0000902c                _call_via_r9
                0x00009018                _call_via_r4
                0x0000900c                _call_via_r1
                0x00009038                _call_via_ip
                0x00009040                _call_via_lr
 .text          0x00009044      0x3c0 /cygdrive/c/Program Files/GNUARM/bin/../lib/gcc/arm-elf/3.4.3/thumb/libgcc.a(_addsubdf3.o)
                0x00009384                __floatsidf
                0x000093b4                __extendsfdf2
                0x00009050                __adddf3
                0x00009358                __floatunsidf
                0x00009044                __subdf3
 .text          0x00009404      0x4f4 /cygdrive/c/Program Files/GNUARM/bin/../lib/gcc/arm-elf/3.4.3/thumb/libgcc.a(_muldivdf3.o)
                0x00009680                __divdf3
                0x00009404                __muldf3
 .text          0x000098f8       0xc0 /cygdrive/c/Program Files/GNUARM/bin/../lib/gcc/arm-elf/3.4.3/thumb/libgcc.a(_cmpdf2.o)
                0x00009910                __cmpdf2
                0x00009910                __eqdf2
                0x000098f8                __gtdf2
                0x00009904                __ltdf2
                0x00009904                __ledf2
                0x00009910                __nedf2
                0x000098f8                __gedf2
 .text          0x000099b8       0x84 /cygdrive/c/Program Files/GNUARM/bin/../lib/gcc/arm-elf/3.4.3/thumb/libgcc.a(_fixdfsi.o)
                0x000099b8                __fixdfsi
 *(.rodata)
 .rodata        0x00009a3c      0x808 ./Functions.o
                0x00009a3c                bitmap
 .rodata        0x0000a244      0x168 T:/project/PobTools_Qt/final_application\SDK\pobeye\libpob.a(pob-proto.o)
 .rodata        0x0000a3ac      0x184 /cygdrive/c/Program Files/GNUARM/bin/../lib/gcc/arm-elf/3.4.3/../../../../arm-elf/lib/thumb/libc.a(vfprintf.o)
 .rodata        0x0000a530       0x18 /cygdrive/c/Program Files/GNUARM/bin/../lib/gcc/arm-elf/3.4.3/../../../../arm-elf/lib/thumb/libc.a(dtoa.o)
 .rodata        0x0000a548       0x30 /cygdrive/c/Program Files/GNUARM/bin/../lib/gcc/arm-elf/3.4.3/../../../../arm-elf/lib/thumb/libc.a(locale.o)
 .rodata        0x0000a578      0x124 /cygdrive/c/Program Files/GNUARM/bin/../lib/gcc/arm-elf/3.4.3/../../../../arm-elf/lib/thumb/libc.a(mprec.o)
                0x0000a578                __mprec_tinytens
                0x0000a5c8                __mprec_tens
                0x0000a5a0                __mprec_bigtens
 *(.rodata*)
 .rodata.str1.4
                0x0000a69c       0x1d ./move_head_bot.o
                                 0x20 (size before relaxing)
 *fill*         0x0000a6b9        0x3 00
 .rodata.str1.4
                0x0000a6bc        0x7 T:/project/PobTools_Qt/final_application\SDK\pobeye\libpob.a(uart.o)
                                  0x8 (size before relaxing)
 *fill*         0x0000a6c3        0x1 00
 .rodata.str1.4
                0x0000a6c4       0x54 /cygdrive/c/Program Files/GNUARM/bin/../lib/gcc/arm-elf/3.4.3/../../../../arm-elf/lib/thumb/libc.a(vfprintf.o)
                                 0x5c (size before relaxing)
 .rodata.str1.4
                0x0000a718       0x1e /cygdrive/c/Program Files/GNUARM/bin/../lib/gcc/arm-elf/3.4.3/../../../../arm-elf/lib/thumb/libc.a(wctomb_r.o)
                                 0x20 (size before relaxing)
 *fill*         0x0000a736        0x2 00
 .rodata.str1.4
                0x0000a738        0x9 /cygdrive/c/Program Files/GNUARM/bin/../lib/gcc/arm-elf/3.4.3/../../../../arm-elf/lib/thumb/libc.a(dtoa.o)
                                 0x14 (size before relaxing)
 *fill*         0x0000a741        0x3 00
 .rodata.str1.4
                0x0000a744        0x2 /cygdrive/c/Program Files/GNUARM/bin/../lib/gcc/arm-elf/3.4.3/../../../../arm-elf/lib/thumb/libc.a(impure.o)
                                  0x4 (size before relaxing)
 *fill*         0x0000a746        0x2 00
 .rodata.str1.4
                0x0000a748        0xb /cygdrive/c/Program Files/GNUARM/bin/../lib/gcc/arm-elf/3.4.3/../../../../arm-elf/lib/thumb/libc.a(locale.o)
                                 0x18 (size before relaxing)
 *fill*         0x0000a753        0x1 00
 .rodata.str1.4
                0x0000a754        0x4 /cygdrive/c/Program Files/GNUARM/bin/../lib/gcc/arm-elf/3.4.3/../../../../arm-elf/lib/thumb/libc.a(syscalls.o)
 *(.glue_7)
 .glue_7        0x0000a758        0xc /cygdrive/c/Program Files/GNUARM/bin/../lib/gcc/arm-elf/3.4.3/thumb/libgcc.a(_fixdfsi.o)
                0x0000a758                __main_from_arm
 *(.glue_7t)
                0x0000a764                __end_of_text__ = .

.data           0x40000000      0x7a8 load address 0x0000a764
                0x40000000                __data_beg__ = .
                0x0000a764                __data_beg_src__ = __end_of_text__
 *(.data)
 .data          0x40000000        0x1 T:/project/PobTools_Qt/final_application\SDK\pobeye\libpob.a(pob-proto.o)
 *fill*         0x40000001        0x3 00
 .data          0x40000004      0x380 /cygdrive/c/Program Files/GNUARM/bin/../lib/gcc/arm-elf/3.4.3/../../../../arm-elf/lib/thumb/libc.a(impure.o)
                0x40000004                _impure_ptr
 .data          0x40000384       0x14 /cygdrive/c/Program Files/GNUARM/bin/../lib/gcc/arm-elf/3.4.3/../../../../arm-elf/lib/thumb/libc.a(locale.o)
                0x40000390                __mb_cur_max
                0x40000384                __lc_ctype
 .data          0x40000398      0x410 /cygdrive/c/Program Files/GNUARM/bin/../lib/gcc/arm-elf/3.4.3/../../../../arm-elf/lib/thumb/libc.a(mallocr.o)
                0x40000398                __malloc_sbrk_base
                0x400003a0                __malloc_av_
                0x4000039c                __malloc_trim_threshold
                0x400007a8                __data_end__ = .

.bss            0x400007a8     0x84dc
                0x400007a8                __bss_beg__ = .
 *(.bss)
 .bss           0x400007a8      0x808 ./Functions.o
 .bss           0x40000fb0        0x1 T:/project/PobTools_Qt/final_application\SDK\pobeye\libpob.a(pob-proto.o)
 *fill*         0x40000fb1        0x3 00
 .bss           0x40000fb4     0x7bd4 T:/project/PobTools_Qt/final_application\SDK\pobeye\libpob.a(cam.o)
 .bss           0x40008b88        0x4 /cygdrive/c/Program Files/GNUARM/bin/../lib/gcc/arm-elf/3.4.3/../../../../arm-elf/lib/thumb/libc.a(findfp.o)
 .bss           0x40008b8c        0xc /cygdrive/c/Program Files/GNUARM/bin/../lib/gcc/arm-elf/3.4.3/../../../../arm-elf/lib/thumb/libc.a(locale.o)
                0x40008b94                __nlocale_changed
                0x40008b90                __mlocale_changed
                0x40008b8c                _PathLocale
 .bss           0x40008b98       0x34 /cygdrive/c/Program Files/GNUARM/bin/../lib/gcc/arm-elf/3.4.3/../../../../arm-elf/lib/thumb/libc.a(mallocr.o)
                0x40008bc8                __malloc_top_pad
                0x40008bc4                __malloc_max_sbrked_mem
                0x40008b98                __malloc_current_mallinfo
                0x40008bc0                __malloc_max_total_mem
 .bss           0x40008bcc       0xb4 /cygdrive/c/Program Files/GNUARM/bin/../lib/gcc/arm-elf/3.4.3/../../../../arm-elf/lib/thumb/libc.a(syscalls.o)
 COMMON         0x40008c80        0x4 /cygdrive/c/Program Files/GNUARM/bin/../lib/gcc/arm-elf/3.4.3/../../../../arm-elf/lib/thumb/libc.a(reent.o)
                                  0x0 (size before relaxing)
                0x40008c80                errno
                0x40008c84                . = ALIGN (0x4)
                0x40008c84                . = ALIGN (0x4)
                0x40008c84                _end = .
                0x40008c84                _bss_end__ = .
                0x40008c84                __bss_end__ = .
                0x40008c84                __end__ = .
                0x40008c84                PROVIDE (end, .)
                0x00000284                PROVIDE (undefined_instruction_exception, endless_loop)
                0x00000284                PROVIDE (software_interrupt_exception, endless_loop)
                0x00000284                PROVIDE (prefetch_abort_exception, endless_loop)
                0x00000284                PROVIDE (data_abort_exception, endless_loop)
                0x00000284                PROVIDE (reserved_exception, endless_loop)
                0x00000284                PROVIDE (interrupt_exception, endless_loop)
                0x00000284                PROVIDE (fast_interrupt_exception, endless_loop)
                0xe002c000                PROVIDE (PINSEL0, 0xe002c000)
                0xe0028008                PROVIDE (IODIR, 0xe0028008)
                0xe002800c                PROVIDE (IOCLR, 0xe002800c)
                0xe0028004                PROVIDE (IOSET, 0xe0028004)
                0xe000c000                PROVIDE (U0RBR, 0xe000c000)
                0xe000c000                PROVIDE (U0THR, 0xe000c000)
                0xe000c004                PROVIDE (U0IER, 0xe000c004)
                0xe000c008                PROVIDE (U0IIR, 0xe000c008)
                0xe000c008                PROVIDE (U0FCR, 0xe000c008)
                0xe000c00c                PROVIDE (U0LCR, 0xe000c00c)
                0xe000c014                PROVIDE (U0LSR, 0xe000c014)
                0xe000c01c                PROVIDE (U0SCR, 0xe000c01c)
                0xe000c000                PROVIDE (U0DLL, 0xe000c000)
                0xe000c004                PROVIDE (U0DLM, 0xe000c004)
                0xe0010000                PROVIDE (U1RBR, 0xe0010000)
                0xe0010000                PROVIDE (U1THR, 0xe0010000)
                0xe0010004                PROVIDE (U1IER, 0xe0010004)
                0xe0010008                PROVIDE (U1IIR, 0xe0010008)
                0xe0010008                PROVIDE (U1FCR, 0xe0010008)
                0xe001000c                PROVIDE (U1LCR, 0xe001000c)
                0xe0010014                PROVIDE (U1LSR, 0xe0010014)
                0xe001001c                PROVIDE (U1SCR, 0xe001001c)
                0xe0010000                PROVIDE (U1DLL, 0xe0010000)
                0xe0010004                PROVIDE (U1DLM, 0xe0010004)
                0xe01fc080                PROVIDE (PLLCON, 0xe01fc080)
                0xe01fc084                PROVIDE (PLLCFG, 0xe01fc084)
                0xe01fc088                PROVIDE (PLLSTAT, 0xe01fc088)
                0xe01fc08c                PROVIDE (PLLFEED, 0xe01fc08c)
                0xe01fc000                PROVIDE (MAMCR, 0xe01fc000)
                0xe01fc004                PROVIDE (MAMTIM, 0xe01fc004)
                0xe01fc100                PROVIDE (VPBDIV, 0xe01fc100)
                0xe0004000                PROVIDE (T0IR, 0xe0004000)
                0xe0004004                PROVIDE (T0TCR, 0xe0004004)
                0xe0004008                PROVIDE (T0TC, 0xe0004008)
                0xe000400c                PROVIDE (T0PR, 0xe000400c)
                0xe0004010                PROVIDE (T0PC, 0xe0004010)
                0xe0004014                PROVIDE (T0MCR, 0xe0004014)
                0xe0004018                PROVIDE (T0MR0, 0xe0004018)
                0xe000401c                PROVIDE (T0MR1, 0xe000401c)
                0xe0004020                PROVIDE (T0MR2, 0xe0004020)
                0xe0004024                PROVIDE (T0MR3, 0xe0004024)
                0xe0004028                PROVIDE (T0CCR, 0xe0004028)
                0xe000402c                PROVIDE (T0CR0, 0xe000402c)
                0xe0004030                PROVIDE (T0CR1, 0xe0004030)
                0xe0004034                PROVIDE (T0CR2, 0xe0004034)
                0xe000403c                PROVIDE (T0EMR, 0xe000403c)
                0x3fffc014                PROVIDE (GPIO_IOPIN, 0x3fffc014)
                0x3fffc018                PROVIDE (GPIO_IOSET, 0x3fffc018)
                0x3fffc000                PROVIDE (GPIO_IODIR, 0x3fffc000)
                0x3fffc01c                PROVIDE (GPIO_IOCLR, 0x3fffc01c)
                0x3fffc014                PROVIDE (POB_IO, 0x3fffc014)
                0x3fffc000                PROVIDE (POB_IODIR, 0x3fffc000)
                0x3fffc018                PROVIDE (POB_IOSET, 0x3fffc018)
                0x3fffc01c                PROVIDE (POB_IOCLR, 0x3fffc01c)
                0xe01fc1a0                PROVIDE (SCS, 0xe01fc1a0)
OUTPUT(./move_head_bot.elf elf32-littlearm)

.comment        0x00000000      0x372
 .comment       0x00000000       0x12 ./move_head_bot.o
 .comment       0x00000012       0x12 ./Functions.o
 .comment       0x00000024       0x12 T:/project/PobTools_Qt/final_application\SDK\pobeye\libpob.a(graph.o)
 .comment       0x00000036       0x12 T:/project/PobTools_Qt/final_application\SDK\pobeye\libpob.a(init.o)
 .comment       0x00000048       0x12 T:/project/PobTools_Qt/final_application\SDK\pobeye\libpob.a(lcd.o)
 .comment       0x0000005a       0x12 T:/project/PobTools_Qt/final_application\SDK\pobeye\libpob.a(uart.o)
 .comment       0x0000006c       0x12 T:/project/PobTools_Qt/final_application\SDK\pobeye\libpob.a(pob-proto.o)
 .comment       0x0000007e       0x12 T:/project/PobTools_Qt/final_application\SDK\pobeye\libpob.a(cam.o)
 .comment       0x00000090       0x12 T:/project/PobTools_Qt/final_application\SDK\pobeye\libpob.a(i2c.o)
 .comment       0x000000a2       0x12 T:/project/PobTools_Qt/final_application\SDK\pobeye\libpob.a(io-bus.o)
 .comment       0x000000b4       0x12 /cygdrive/c/Program Files/GNUARM/bin/../lib/gcc/arm-elf/3.4.3/../../../../arm-elf/lib/thumb/libc.a(sprintf.o)
 .comment       0x000000c6       0x12 /cygdrive/c/Program Files/GNUARM/bin/../lib/gcc/arm-elf/3.4.3/../../../../arm-elf/lib/thumb/libc.a(vfprintf.o)
 .comment       0x000000d8       0x12 /cygdrive/c/Program Files/GNUARM/bin/../lib/gcc/arm-elf/3.4.3/../../../../arm-elf/lib/thumb/libc.a(wcrtomb.o)
 .comment       0x000000ea       0x12 /cygdrive/c/Program Files/GNUARM/bin/../lib/gcc/arm-elf/3.4.3/../../../../arm-elf/lib/thumb/libc.a(wcsrtombs.o)
 .comment       0x000000fc       0x12 /cygdrive/c/Program Files/GNUARM/bin/../lib/gcc/arm-elf/3.4.3/../../../../arm-elf/lib/thumb/libc.a(wctomb_r.o)
 .comment       0x0000010e       0x12 /cygdrive/c/Program Files/GNUARM/bin/../lib/gcc/arm-elf/3.4.3/../../../../arm-elf/lib/thumb/libc.a(wsetup.o)
 .comment       0x00000120       0x12 /cygdrive/c/Program Files/GNUARM/bin/../lib/gcc/arm-elf/3.4.3/../../../../arm-elf/lib/thumb/libc.a(dtoa.o)
 .comment       0x00000132       0x12 /cygdrive/c/Program Files/GNUARM/bin/../lib/gcc/arm-elf/3.4.3/../../../../arm-elf/lib/thumb/libc.a(fflush.o)
 .comment       0x00000144       0x12 /cygdrive/c/Program Files/GNUARM/bin/../lib/gcc/arm-elf/3.4.3/../../../../arm-elf/lib/thumb/libc.a(findfp.o)
 .comment       0x00000156       0x12 /cygdrive/c/Program Files/GNUARM/bin/../lib/gcc/arm-elf/3.4.3/../../../../arm-elf/lib/thumb/libc.a(freer.o)
 .comment       0x00000168       0x12 /cygdrive/c/Program Files/GNUARM/bin/../lib/gcc/arm-elf/3.4.3/../../../../arm-elf/lib/thumb/libc.a(fvwrite.o)
 .comment       0x0000017a       0x12 /cygdrive/c/Program Files/GNUARM/bin/../lib/gcc/arm-elf/3.4.3/../../../../arm-elf/lib/thumb/libc.a(fwalk.o)
 .comment       0x0000018c       0x12 /cygdrive/c/Program Files/GNUARM/bin/../lib/gcc/arm-elf/3.4.3/../../../../arm-elf/lib/thumb/libc.a(impure.o)
 .comment       0x0000019e       0x12 /cygdrive/c/Program Files/GNUARM/bin/../lib/gcc/arm-elf/3.4.3/../../../../arm-elf/lib/thumb/libc.a(locale.o)
 .comment       0x000001b0       0x12 /cygdrive/c/Program Files/GNUARM/bin/../lib/gcc/arm-elf/3.4.3/../../../../arm-elf/lib/thumb/libc.a(makebuf.o)
 .comment       0x000001c2       0x12 /cygdrive/c/Program Files/GNUARM/bin/../lib/gcc/arm-elf/3.4.3/../../../../arm-elf/lib/thumb/libc.a(malloc.o)
 .comment       0x000001d4       0x12 /cygdrive/c/Program Files/GNUARM/bin/../lib/gcc/arm-elf/3.4.3/../../../../arm-elf/lib/thumb/libc.a(mallocr.o)
 .comment       0x000001e6       0x12 /cygdrive/c/Program Files/GNUARM/bin/../lib/gcc/arm-elf/3.4.3/../../../../arm-elf/lib/thumb/libc.a(memchr.o)
 .comment       0x000001f8       0x12 /cygdrive/c/Program Files/GNUARM/bin/../lib/gcc/arm-elf/3.4.3/../../../../arm-elf/lib/thumb/libc.a(memcpy.o)
 .comment       0x0000020a       0x12 /cygdrive/c/Program Files/GNUARM/bin/../lib/gcc/arm-elf/3.4.3/../../../../arm-elf/lib/thumb/libc.a(memmove.o)
 .comment       0x0000021c       0x12 /cygdrive/c/Program Files/GNUARM/bin/../lib/gcc/arm-elf/3.4.3/../../../../arm-elf/lib/thumb/libc.a(memset.o)
 .comment       0x0000022e       0x12 /cygdrive/c/Program Files/GNUARM/bin/../lib/gcc/arm-elf/3.4.3/../../../../arm-elf/lib/thumb/libc.a(mlock.o)
 .comment       0x00000240       0x12 /cygdrive/c/Program Files/GNUARM/bin/../lib/gcc/arm-elf/3.4.3/../../../../arm-elf/lib/thumb/libc.a(mprec.o)
 .comment       0x00000252       0x12 /cygdrive/c/Program Files/GNUARM/bin/../lib/gcc/arm-elf/3.4.3/../../../../arm-elf/lib/thumb/libc.a(reallocr.o)
 .comment       0x00000264       0x12 /cygdrive/c/Program Files/GNUARM/bin/../lib/gcc/arm-elf/3.4.3/../../../../arm-elf/lib/thumb/libc.a(s_isinf.o)
 .comment       0x00000276       0x12 /cygdrive/c/Program Files/GNUARM/bin/../lib/gcc/arm-elf/3.4.3/../../../../arm-elf/lib/thumb/libc.a(s_isnan.o)
 .comment       0x00000288       0x12 /cygdrive/c/Program Files/GNUARM/bin/../lib/gcc/arm-elf/3.4.3/../../../../arm-elf/lib/thumb/libc.a(sbrkr.o)
 .comment       0x0000029a       0x12 /cygdrive/c/Program Files/GNUARM/bin/../lib/gcc/arm-elf/3.4.3/../../../../arm-elf/lib/thumb/libc.a(stdio.o)
 .comment       0x000002ac       0x12 /cygdrive/c/Program Files/GNUARM/bin/../lib/gcc/arm-elf/3.4.3/../../../../arm-elf/lib/thumb/libc.a(strcmp.o)
 .comment       0x000002be       0x12 /cygdrive/c/Program Files/GNUARM/bin/../lib/gcc/arm-elf/3.4.3/../../../../arm-elf/lib/thumb/libc.a(strlen.o)
 .comment       0x000002d0       0x12 /cygdrive/c/Program Files/GNUARM/bin/../lib/gcc/arm-elf/3.4.3/../../../../arm-elf/lib/thumb/libc.a(syscalls.o)
 .comment       0x000002e2       0x12 /cygdrive/c/Program Files/GNUARM/bin/../lib/gcc/arm-elf/3.4.3/../../../../arm-elf/lib/thumb/libc.a(writer.o)
 .comment       0x000002f4       0x12 /cygdrive/c/Program Files/GNUARM/bin/../lib/gcc/arm-elf/3.4.3/../../../../arm-elf/lib/thumb/libc.a(callocr.o)
 .comment       0x00000306       0x12 /cygdrive/c/Program Files/GNUARM/bin/../lib/gcc/arm-elf/3.4.3/../../../../arm-elf/lib/thumb/libc.a(closer.o)
 .comment       0x00000318       0x12 /cygdrive/c/Program Files/GNUARM/bin/../lib/gcc/arm-elf/3.4.3/../../../../arm-elf/lib/thumb/libc.a(errno.o)
 .comment       0x0000032a       0x12 /cygdrive/c/Program Files/GNUARM/bin/../lib/gcc/arm-elf/3.4.3/../../../../arm-elf/lib/thumb/libc.a(fstatr.o)
 .comment       0x0000033c       0x12 /cygdrive/c/Program Files/GNUARM/bin/../lib/gcc/arm-elf/3.4.3/../../../../arm-elf/lib/thumb/libc.a(lseekr.o)
 .comment       0x0000034e       0x12 /cygdrive/c/Program Files/GNUARM/bin/../lib/gcc/arm-elf/3.4.3/../../../../arm-elf/lib/thumb/libc.a(readr.o)
 .comment       0x00000360       0x12 /cygdrive/c/Program Files/GNUARM/bin/../lib/gcc/arm-elf/3.4.3/../../../../arm-elf/lib/thumb/libc.a(reent.o)

.debug_line

.debug_info

.debug_abbrev

.debug_aranges

.debug_frame

.debug_pubnames

.debug_str

.debug_ranges
