Archive member included because of file (symbol)

T:/project/PobTools_Qt/final_application\SDK\pobeye\libpob.a(graph.o)
                              ./double_screen.o (InitGraphicBuffer)
T:/project/PobTools_Qt/final_application\SDK\pobeye\libpob.a(init.o)
                              ./double_screen.o (InitPOBEYE)
T:/project/PobTools_Qt/final_application\SDK\pobeye\libpob.a(lcd.o)
                              ./double_screen.o (InitLCD)
T:/project/PobTools_Qt/final_application\SDK\pobeye\libpob.a(uart.o)
                              T:/project/PobTools_Qt/final_application\SDK\pobeye\libpob.a(init.o) (InitUART)
T:/project/PobTools_Qt/final_application\SDK\pobeye\libpob.a(visio.o)
                              ./double_screen.o (BinaryRGBFrame)
T:/project/PobTools_Qt/final_application\SDK\pobeye\libpob.a(cam.o)
                              ./double_screen.o (GetPointerOnRGBFrame)
T:/project/PobTools_Qt/final_application\SDK\pobeye\libpob.a(i2c.o)
                              T:/project/PobTools_Qt/final_application\SDK\pobeye\libpob.a(init.o) (InitI2C)
T:/project/PobTools_Qt/final_application\SDK\pobeye\libpob.a(io-bus.o)
                              T:/project/PobTools_Qt/final_application\SDK\pobeye\libpob.a(lcd.o) (SetIOWay)
/cygdrive/c/Program Files/GNUARM/bin/../lib/gcc/arm-elf/3.4.3/thumb/libgcc.a(_udivsi3.o)
                              T:/project/PobTools_Qt/final_application\SDK\pobeye\libpob.a(uart.o) (__udivsi3)
/cygdrive/c/Program Files/GNUARM/bin/../lib/gcc/arm-elf/3.4.3/thumb/libgcc.a(_divsi3.o)
                              T:/project/PobTools_Qt/final_application\SDK\pobeye\libpob.a(graph.o) (__divsi3)
/cygdrive/c/Program Files/GNUARM/bin/../lib/gcc/arm-elf/3.4.3/thumb/libgcc.a(_umodsi3.o)
                              T:/project/PobTools_Qt/final_application\SDK\pobeye\libpob.a(uart.o) (__umodsi3)
/cygdrive/c/Program Files/GNUARM/bin/../lib/gcc/arm-elf/3.4.3/thumb/libgcc.a(_dvmd_tls.o)
                              /cygdrive/c/Program Files/GNUARM/bin/../lib/gcc/arm-elf/3.4.3/thumb/libgcc.a(_udivsi3.o) (__div0)
/cygdrive/c/Program Files/GNUARM/bin/../lib/gcc/arm-elf/3.4.3/thumb/libgcc.a(_addsubdf3.o)
                              T:/project/PobTools_Qt/final_application\SDK\pobeye\libpob.a(visio.o) (__floatsidf)
/cygdrive/c/Program Files/GNUARM/bin/../lib/gcc/arm-elf/3.4.3/thumb/libgcc.a(_muldivdf3.o)
                              T:/project/PobTools_Qt/final_application\SDK\pobeye\libpob.a(visio.o) (__muldf3)
/cygdrive/c/Program Files/GNUARM/bin/../lib/gcc/arm-elf/3.4.3/thumb/libgcc.a(_truncdfsf2.o)
                              T:/project/PobTools_Qt/final_application\SDK\pobeye\libpob.a(visio.o) (__truncdfsf2)
/cygdrive/c/Program Files/GNUARM/bin/../lib/gcc/arm-elf/3.4.3/thumb/libgcc.a(_addsubsf3.o)
                              T:/project/PobTools_Qt/final_application\SDK\pobeye\libpob.a(visio.o) (__addsf3)
/cygdrive/c/Program Files/GNUARM/bin/../lib/gcc/arm-elf/3.4.3/thumb/libgcc.a(_muldivsf3.o)
                              T:/project/PobTools_Qt/final_application\SDK\pobeye\libpob.a(visio.o) (__mulsf3)
/cygdrive/c/Program Files/GNUARM/bin/../lib/gcc/arm-elf/3.4.3/thumb/libgcc.a(_fixunssfsi.o)
                              T:/project/PobTools_Qt/final_application\SDK\pobeye\libpob.a(visio.o) (__fixunssfsi)

Allocating common symbols
Common symbol       size              file

LCD_Left            0x8               ./double_screen.o
LCD_Right_Buffer    0x200             ./double_screen.o
LCD_Left_Buffer     0x1000            ./double_screen.o
LCD_Right           0x8               ./double_screen.o

Memory Configuration

Name             Origin             Length             Attributes
flash            0x00000000         0x0001e000
ram              0x40000000         0x00010000
*default*        0x00000000         0xffffffff

Linker script and memory map

LOAD ./double_screen.o
LOAD T:/project/PobTools_Qt/final_application\SDK\pobeye\boot.o
LOAD T:/project/PobTools_Qt/final_application\SDK\pobeye\libpob.a
LOAD /cygdrive/c/Program Files/GNUARM/bin/../lib/gcc/arm-elf/3.4.3/../../../../arm-elf/lib/thumb/libm.a
LOAD /cygdrive/c/Program Files/GNUARM/bin/../lib/gcc/arm-elf/3.4.3/thumb/libgcc.a
LOAD /cygdrive/c/Program Files/GNUARM/bin/../lib/gcc/arm-elf/3.4.3/../../../../arm-elf/lib/thumb/libc.a
LOAD /cygdrive/c/Program Files/GNUARM/bin/../lib/gcc/arm-elf/3.4.3/thumb/libgcc.a
                0x4000fffc                __stack_end__ = 0x4000fffc
                0x00000000                . = 0x0

startup         0x00000000       0x20
 *(.startup)
 .startup       0x00000000       0x20 T:/project/PobTools_Qt/final_application\SDK\pobeye\boot.o

prog            0x00000020     0x5c8c
 *(.text)
 .text          0x00000020      0x270 ./double_screen.o
                0x00000020                main
 .text          0x00000290       0x84 T:/project/PobTools_Qt/final_application\SDK\pobeye\boot.o
                0x00000290                _start
                0x00000290                start
                0x000002f8                endless_loop
 .text          0x00000314      0x818 T:/project/PobTools_Qt/final_application\SDK\pobeye\libpob.a(graph.o)
                0x00000314                InitGraphicBuffer
                0x00000798                DrawBitmap
                0x00000364                PlotAPoint
                0x00000320                ClearGraphicBuffer
                0x00000444                DrawLine
                0x000006c8                GetBitmapWidth
                0x00000730                GetBitmapHeight
                0x000003bc                DrawComponentInABufferVideo
 .text          0x00000b2c      0x23c T:/project/PobTools_Qt/final_application\SDK\pobeye\libpob.a(init.o)
                0x00000b2c                _InitPOBEYE_
                0x00000d08                Wait
                0x00000d4c                TimerStop
                0x00000d30                TimerStart
                0x00000c68                InitPOBEYE
                0x00000bc8                InitPOBEYE2
                0x00000d5c                TimerGet
 .text          0x00000d68      0xe78 T:/project/PobTools_Qt/final_application\SDK\pobeye\libpob.a(lcd.o)
                0x00000dc8                SetPageXYZ
                0x00000d68                SetLCDIO
                0x00000da0                SetData
                0x00000d80                TicTac
                0x00001544                DrawLCD
                0x00000e48                InitLCD
                0x00001278                DrawRightLCD
                0x00000fb4                DrawLeftLCD
 .text          0x00001be0      0x958 T:/project/PobTools_Qt/final_application\SDK\pobeye\libpob.a(uart.o)
                0x0000245c                printf
                0x00001d30                SendBufferToUART
                0x00001d5c                GetByteFromUART
                0x00002470                PrintTextOnPobTerminal
                0x000024b0                PrintComponentOnPobTerminal
                0x00001d7c                GetByteFromUARTNoWait
                0x00001d10                SendByteToUART
                0x00001be0                InitUART
                0x00001d9c                GetBufferFromUART
 .text          0x00002538      0xfa0 T:/project/PobTools_Qt/final_application\SDK\pobeye\libpob.a(visio.o)
                0x000025f4                GetHSLFrame
                0x00002538                BinaryRGBFrame
                0x00003010                TestPattern
                0x00002d58                FindFormWithDistance
                0x000029e0                CutForm
                0x0000332c                IdentifyForm
                0x000028c0                Square
                0x00002e88                FindFormWithCadrige
                0x00002894                GrayAPixel
                0x00002f1c                DrawVec
                0x00002848                GrayRGBFrame
 .text          0x000034d8      0x918 T:/project/PobTools_Qt/final_application\SDK\pobeye\libpob.a(cam.o)
                0x00003980                GrabGreenFrame
                0x00003878                GrabBlueFrame
                0x00003c58                GrabRGBFrame
                0x0000350c                GetPointerOnHSLFrame
                0x000034f0                GetPointerOnRGBFrame
                0x00003a98                GrabRGBFrameXY
                0x000034e8                GetPointerOnGreenBuffer
                0x00003564                InitCam
                0x00003750                GrabRedFrame
                0x000034e0                GetPointerOnBlueBuffer
                0x000034d8                GetPointerOnRedBuffer
                0x00003528                SendToCam
 .text          0x00003df0      0x204 T:/project/PobTools_Qt/final_application\SDK\pobeye\libpob.a(i2c.o)
                0x00003f98                WriteOnI2C
                0x00003df0                InitI2C
                0x00003fd0                STOPI2C
                0x00003f0c                ReadOnI2C
                0x00003e28                SetI2cSpeed
                0x00003e74                SendSlaveAdress
                0x00003f48                ReadOnI2CWithAck
 .text          0x00003ff4      0x15c T:/project/PobTools_Qt/final_application\SDK\pobeye\libpob.a(io-bus.o)
                0x00004018                ClrOutput
                0x000040c4                ReadByte
                0x00004000                GetInput
                0x0000400c                SetOutput
                0x00004038                WriteByte
                0x00003ff4                SetIOWay
                0x00004024                ClrAndSetOuput
 .text          0x00004150       0x7c /cygdrive/c/Program Files/GNUARM/bin/../lib/gcc/arm-elf/3.4.3/thumb/libgcc.a(_udivsi3.o)
                0x00004150                __udivsi3
 .text          0x000041cc       0x94 /cygdrive/c/Program Files/GNUARM/bin/../lib/gcc/arm-elf/3.4.3/thumb/libgcc.a(_divsi3.o)
                0x000041cc                __divsi3
 .text          0x00004260       0xc8 /cygdrive/c/Program Files/GNUARM/bin/../lib/gcc/arm-elf/3.4.3/thumb/libgcc.a(_umodsi3.o)
                0x00004260                __umodsi3
 .text          0x00004328        0x4 /cygdrive/c/Program Files/GNUARM/bin/../lib/gcc/arm-elf/3.4.3/thumb/libgcc.a(_dvmd_tls.o)
                0x00004328                __div0
 .text          0x0000432c      0x3c0 /cygdrive/c/Program Files/GNUARM/bin/../lib/gcc/arm-elf/3.4.3/thumb/libgcc.a(_addsubdf3.o)
                0x0000466c                __floatsidf
                0x0000469c                __extendsfdf2
                0x00004338                __adddf3
                0x00004640                __floatunsidf
                0x0000432c                __subdf3
 .text          0x000046ec      0x4f4 /cygdrive/c/Program Files/GNUARM/bin/../lib/gcc/arm-elf/3.4.3/thumb/libgcc.a(_muldivdf3.o)
                0x00004968                __divdf3
                0x000046ec                __muldf3
 .text          0x00004be0       0xfc /cygdrive/c/Program Files/GNUARM/bin/../lib/gcc/arm-elf/3.4.3/thumb/libgcc.a(_truncdfsf2.o)
                0x00004be0                __truncdfsf2
 .text          0x00004cdc      0x22c /cygdrive/c/Program Files/GNUARM/bin/../lib/gcc/arm-elf/3.4.3/thumb/libgcc.a(_addsubsf3.o)
                0x00004cdc                __subsf3
                0x00004eb8                __floatsisf
                0x00004eac                __floatunsisf
                0x00004ce8                __addsf3
 .text          0x00004f08      0x338 /cygdrive/c/Program Files/GNUARM/bin/../lib/gcc/arm-elf/3.4.3/thumb/libgcc.a(_muldivsf3.o)
                0x0000509c                __divsf3
                0x00004f08                __mulsf3
 .text          0x00005240       0x60 /cygdrive/c/Program Files/GNUARM/bin/../lib/gcc/arm-elf/3.4.3/thumb/libgcc.a(_fixunssfsi.o)
                0x00005240                __fixunssfsi
 *(.rodata)
 .rodata        0x000052a0      0x9f6 ./double_screen.o
                0x0000567e                bitmap
                0x000052a0                pattern
 *(.rodata*)
 *fill*         0x00005c96        0x2 00
 .rodata.str1.4
                0x00005c98        0x7 T:/project/PobTools_Qt/final_application\SDK\pobeye\libpob.a(uart.o)
                                  0x8 (size before relaxing)
 *(.glue_7)
 *fill*         0x00005c9f        0x1 00
 .glue_7        0x00005ca0        0xc /cygdrive/c/Program Files/GNUARM/bin/../lib/gcc/arm-elf/3.4.3/thumb/libgcc.a(_fixunssfsi.o)
                0x00005ca0                __main_from_arm
 *(.glue_7t)
                0x00005cac                __end_of_text__ = .

.data           0x40000000        0x2 load address 0x00005cac
                0x40000000                __data_beg__ = .
                0x00005cac                __data_beg_src__ = __end_of_text__
 *(.data)
 .data          0x40000000        0x2 ./double_screen.o
                0x40000001                X_Pic
                0x40000000                Y_Pic
                0x40000002                __data_end__ = .

.bss            0x40000004     0x8de4
                0x40000004                __bss_beg__ = .
 *(.bss)
 .bss           0x40000004     0x7bd4 T:/project/PobTools_Qt/final_application\SDK\pobeye\libpob.a(cam.o)
 COMMON         0x40007bd8     0x1210 ./double_screen.o
                                  0x0 (size before relaxing)
                0x40007bd8                LCD_Left
                0x40007be0                LCD_Right_Buffer
                0x40007de0                LCD_Left_Buffer
                0x40008de0                LCD_Right
                0x40008de8                . = ALIGN (0x4)
                0x40008de8                . = ALIGN (0x4)
                0x40008de8                _end = .
                0x40008de8                _bss_end__ = .
                0x40008de8                __bss_end__ = .
                0x40008de8                __end__ = .
                0x40008de8                PROVIDE (end, .)
                0x000002f8                PROVIDE (undefined_instruction_exception, endless_loop)
                0x000002f8                PROVIDE (software_interrupt_exception, endless_loop)
                0x000002f8                PROVIDE (prefetch_abort_exception, endless_loop)
                0x000002f8                PROVIDE (data_abort_exception, endless_loop)
                0x000002f8                PROVIDE (reserved_exception, endless_loop)
                0x000002f8                PROVIDE (interrupt_exception, endless_loop)
                0x000002f8                PROVIDE (fast_interrupt_exception, endless_loop)
                0xe002c000                PROVIDE (PINSEL0, 0xe002c000)
                0xe0028008                PROVIDE (IODIR, 0xe0028008)
                0xe002800c                PROVIDE (IOCLR, 0xe002800c)
                0xe0028004                PROVIDE (IOSET, 0xe0028004)
                0xe000c000                PROVIDE (U0RBR, 0xe000c000)
                0xe000c000                PROVIDE (U0THR, 0xe000c000)
                0xe000c004                PROVIDE (U0IER, 0xe000c004)
                0xe000c008                PROVIDE (U0IIR, 0xe000c008)
                0xe000c008                PROVIDE (U0FCR, 0xe000c008)
                0xe000c00c                PROVIDE (U0LCR, 0xe000c00c)
                0xe000c014                PROVIDE (U0LSR, 0xe000c014)
                0xe000c01c                PROVIDE (U0SCR, 0xe000c01c)
                0xe000c000                PROVIDE (U0DLL, 0xe000c000)
                0xe000c004                PROVIDE (U0DLM, 0xe000c004)
                0xe0010000                PROVIDE (U1RBR, 0xe0010000)
                0xe0010000                PROVIDE (U1THR, 0xe0010000)
                0xe0010004                PROVIDE (U1IER, 0xe0010004)
                0xe0010008                PROVIDE (U1IIR, 0xe0010008)
                0xe0010008                PROVIDE (U1FCR, 0xe0010008)
                0xe001000c                PROVIDE (U1LCR, 0xe001000c)
                0xe0010014                PROVIDE (U1LSR, 0xe0010014)
                0xe001001c                PROVIDE (U1SCR, 0xe001001c)
                0xe0010000                PROVIDE (U1DLL, 0xe0010000)
                0xe0010004                PROVIDE (U1DLM, 0xe0010004)
                0xe01fc080                PROVIDE (PLLCON, 0xe01fc080)
                0xe01fc084                PROVIDE (PLLCFG, 0xe01fc084)
                0xe01fc088                PROVIDE (PLLSTAT, 0xe01fc088)
                0xe01fc08c                PROVIDE (PLLFEED, 0xe01fc08c)
                0xe01fc000                PROVIDE (MAMCR, 0xe01fc000)
                0xe01fc004                PROVIDE (MAMTIM, 0xe01fc004)
                0xe01fc100                PROVIDE (VPBDIV, 0xe01fc100)
                0xe0004000                PROVIDE (T0IR, 0xe0004000)
                0xe0004004                PROVIDE (T0TCR, 0xe0004004)
                0xe0004008                PROVIDE (T0TC, 0xe0004008)
                0xe000400c                PROVIDE (T0PR, 0xe000400c)
                0xe0004010                PROVIDE (T0PC, 0xe0004010)
                0xe0004014                PROVIDE (T0MCR, 0xe0004014)
                0xe0004018                PROVIDE (T0MR0, 0xe0004018)
                0xe000401c                PROVIDE (T0MR1, 0xe000401c)
                0xe0004020                PROVIDE (T0MR2, 0xe0004020)
                0xe0004024                PROVIDE (T0MR3, 0xe0004024)
                0xe0004028                PROVIDE (T0CCR, 0xe0004028)
                0xe000402c                PROVIDE (T0CR0, 0xe000402c)
                0xe0004030                PROVIDE (T0CR1, 0xe0004030)
                0xe0004034                PROVIDE (T0CR2, 0xe0004034)
                0xe000403c                PROVIDE (T0EMR, 0xe000403c)
                0x3fffc014                PROVIDE (GPIO_IOPIN, 0x3fffc014)
                0x3fffc018                PROVIDE (GPIO_IOSET, 0x3fffc018)
                0x3fffc000                PROVIDE (GPIO_IODIR, 0x3fffc000)
                0x3fffc01c                PROVIDE (GPIO_IOCLR, 0x3fffc01c)
                0x3fffc014                PROVIDE (POB_IO, 0x3fffc014)
                0x3fffc000                PROVIDE (POB_IODIR, 0x3fffc000)
                0x3fffc018                PROVIDE (POB_IOSET, 0x3fffc018)
                0x3fffc01c                PROVIDE (POB_IOCLR, 0x3fffc01c)
                0xe01fc1a0                PROVIDE (SCS, 0xe01fc1a0)
OUTPUT(./double_screen.elf elf32-littlearm)

.comment        0x00000000       0xa2
 .comment       0x00000000       0x12 ./double_screen.o
 .comment       0x00000012       0x12 T:/project/PobTools_Qt/final_application\SDK\pobeye\libpob.a(graph.o)
 .comment       0x00000024       0x12 T:/project/PobTools_Qt/final_application\SDK\pobeye\libpob.a(init.o)
 .comment       0x00000036       0x12 T:/project/PobTools_Qt/final_application\SDK\pobeye\libpob.a(lcd.o)
 .comment       0x00000048       0x12 T:/project/PobTools_Qt/final_application\SDK\pobeye\libpob.a(uart.o)
 .comment       0x0000005a       0x12 T:/project/PobTools_Qt/final_application\SDK\pobeye\libpob.a(visio.o)
 .comment       0x0000006c       0x12 T:/project/PobTools_Qt/final_application\SDK\pobeye\libpob.a(cam.o)
 .comment       0x0000007e       0x12 T:/project/PobTools_Qt/final_application\SDK\pobeye\libpob.a(i2c.o)
 .comment       0x00000090       0x12 T:/project/PobTools_Qt/final_application\SDK\pobeye\libpob.a(io-bus.o)

.debug_line

.debug_info

.debug_abbrev

.debug_aranges
