Archive member included because of file (symbol)

/Applications/POB-Tools.app/Contents/MacOS/../Resources/sdk/pobeye/libpob.a(init.o)
                              ./camera_to_lcd.o (InitPOBEYE)
/Applications/POB-Tools.app/Contents/MacOS/../Resources/sdk/pobeye/libpob.a(uart.o)
                              /Applications/POB-Tools.app/Contents/MacOS/../Resources/sdk/pobeye/libpob.a(init.o) (InitUART)
/Applications/POB-Tools.app/Contents/MacOS/../Resources/sdk/pobeye/libpob.a(i2c.o)
                              /Applications/POB-Tools.app/Contents/MacOS/../Resources/sdk/pobeye/libpob.a(init.o) (InitI2C)
/Applications/POB-Tools.app/Contents/MacOS/../Resources/sdk/pobeye/libpob.a(cam.o)
                              ./camera_to_lcd.o (GetPointerOnRGBFrame)
/Applications/POB-Tools.app/Contents/MacOS/../Resources/sdk/pobeye/libpob.a(visio.o)
                              ./camera_to_lcd.o (BinaryRGBFrame)
/Applications/POB-Tools.app/Contents/MacOS/../Resources/sdk/pobeye/libpob.a(graph.o)
                              ./camera_to_lcd.o (InitGraphicBuffer)
/Applications/POB-Tools.app/Contents/MacOS/../Resources/sdk/pobeye/libpob.a(lcd.o)
                              ./camera_to_lcd.o (DrawLCD)
/Applications/POB-Tools.app/Contents/MacOS/../Resources/sdk/pobeye/libpob.a(io-bus.o)
                              /Applications/POB-Tools.app/Contents/MacOS/../Resources/sdk/pobeye/libpob.a(lcd.o) (SetIOWay)
/Developer/yagarto-4.4.2/bin/../lib/gcc/arm-elf/4.4.2/interwork/libgcc.a(_udivsi3.o)
                              /Applications/POB-Tools.app/Contents/MacOS/../Resources/sdk/pobeye/libpob.a(uart.o) (__udivsi3)
/Developer/yagarto-4.4.2/bin/../lib/gcc/arm-elf/4.4.2/interwork/libgcc.a(_divsi3.o)
                              /Applications/POB-Tools.app/Contents/MacOS/../Resources/sdk/pobeye/libpob.a(visio.o) (__divsi3)
/Developer/yagarto-4.4.2/bin/../lib/gcc/arm-elf/4.4.2/interwork/libgcc.a(_umodsi3.o)
                              /Applications/POB-Tools.app/Contents/MacOS/../Resources/sdk/pobeye/libpob.a(uart.o) (__umodsi3)
/Developer/yagarto-4.4.2/bin/../lib/gcc/arm-elf/4.4.2/interwork/libgcc.a(_dvmd_tls.o)
                              /Developer/yagarto-4.4.2/bin/../lib/gcc/arm-elf/4.4.2/interwork/libgcc.a(_udivsi3.o) (__div0)
/Developer/yagarto-4.4.2/bin/../lib/gcc/arm-elf/4.4.2/interwork/libgcc.a(_arm_addsubdf3.o)
                              /Applications/POB-Tools.app/Contents/MacOS/../Resources/sdk/pobeye/libpob.a(visio.o) (__floatsidf)
/Developer/yagarto-4.4.2/bin/../lib/gcc/arm-elf/4.4.2/interwork/libgcc.a(_arm_muldivdf3.o)
                              /Applications/POB-Tools.app/Contents/MacOS/../Resources/sdk/pobeye/libpob.a(visio.o) (__muldf3)
/Developer/yagarto-4.4.2/bin/../lib/gcc/arm-elf/4.4.2/interwork/libgcc.a(_arm_truncdfsf2.o)
                              /Applications/POB-Tools.app/Contents/MacOS/../Resources/sdk/pobeye/libpob.a(visio.o) (__truncdfsf2)
/Developer/yagarto-4.4.2/bin/../lib/gcc/arm-elf/4.4.2/interwork/libgcc.a(_arm_addsubsf3.o)
                              /Applications/POB-Tools.app/Contents/MacOS/../Resources/sdk/pobeye/libpob.a(visio.o) (__addsf3)
/Developer/yagarto-4.4.2/bin/../lib/gcc/arm-elf/4.4.2/interwork/libgcc.a(_arm_muldivsf3.o)
                              /Applications/POB-Tools.app/Contents/MacOS/../Resources/sdk/pobeye/libpob.a(visio.o) (__mulsf3)
/Developer/yagarto-4.4.2/bin/../lib/gcc/arm-elf/4.4.2/interwork/libgcc.a(_arm_fixunssfsi.o)
                              /Applications/POB-Tools.app/Contents/MacOS/../Resources/sdk/pobeye/libpob.a(visio.o) (__fixunssfsi)

Discarded input sections

 .debug_frame   0x00000000       0x2c /Developer/yagarto-4.4.2/bin/../lib/gcc/arm-elf/4.4.2/interwork/libgcc.a(_udivsi3.o)
 .debug_line    0x00000000       0x94 /Developer/yagarto-4.4.2/bin/../lib/gcc/arm-elf/4.4.2/interwork/libgcc.a(_udivsi3.o)
 .debug_info    0x00000000       0xb3 /Developer/yagarto-4.4.2/bin/../lib/gcc/arm-elf/4.4.2/interwork/libgcc.a(_udivsi3.o)
 .debug_abbrev  0x00000000       0x14 /Developer/yagarto-4.4.2/bin/../lib/gcc/arm-elf/4.4.2/interwork/libgcc.a(_udivsi3.o)
 .debug_aranges
                0x00000000       0x20 /Developer/yagarto-4.4.2/bin/../lib/gcc/arm-elf/4.4.2/interwork/libgcc.a(_udivsi3.o)
 .debug_frame   0x00000000       0x2c /Developer/yagarto-4.4.2/bin/../lib/gcc/arm-elf/4.4.2/interwork/libgcc.a(_divsi3.o)
 .debug_line    0x00000000       0xa0 /Developer/yagarto-4.4.2/bin/../lib/gcc/arm-elf/4.4.2/interwork/libgcc.a(_divsi3.o)
 .debug_info    0x00000000       0xb3 /Developer/yagarto-4.4.2/bin/../lib/gcc/arm-elf/4.4.2/interwork/libgcc.a(_divsi3.o)
 .debug_abbrev  0x00000000       0x14 /Developer/yagarto-4.4.2/bin/../lib/gcc/arm-elf/4.4.2/interwork/libgcc.a(_divsi3.o)
 .debug_aranges
                0x00000000       0x20 /Developer/yagarto-4.4.2/bin/../lib/gcc/arm-elf/4.4.2/interwork/libgcc.a(_divsi3.o)
 .debug_frame   0x00000000       0x2c /Developer/yagarto-4.4.2/bin/../lib/gcc/arm-elf/4.4.2/interwork/libgcc.a(_umodsi3.o)
 .debug_line    0x00000000       0x7e /Developer/yagarto-4.4.2/bin/../lib/gcc/arm-elf/4.4.2/interwork/libgcc.a(_umodsi3.o)
 .debug_info    0x00000000       0xb3 /Developer/yagarto-4.4.2/bin/../lib/gcc/arm-elf/4.4.2/interwork/libgcc.a(_umodsi3.o)
 .debug_abbrev  0x00000000       0x14 /Developer/yagarto-4.4.2/bin/../lib/gcc/arm-elf/4.4.2/interwork/libgcc.a(_umodsi3.o)
 .debug_aranges
                0x00000000       0x20 /Developer/yagarto-4.4.2/bin/../lib/gcc/arm-elf/4.4.2/interwork/libgcc.a(_umodsi3.o)
 .debug_line    0x00000000       0x6d /Developer/yagarto-4.4.2/bin/../lib/gcc/arm-elf/4.4.2/interwork/libgcc.a(_dvmd_tls.o)
 .debug_info    0x00000000       0xb3 /Developer/yagarto-4.4.2/bin/../lib/gcc/arm-elf/4.4.2/interwork/libgcc.a(_dvmd_tls.o)
 .debug_abbrev  0x00000000       0x14 /Developer/yagarto-4.4.2/bin/../lib/gcc/arm-elf/4.4.2/interwork/libgcc.a(_dvmd_tls.o)
 .debug_aranges
                0x00000000       0x20 /Developer/yagarto-4.4.2/bin/../lib/gcc/arm-elf/4.4.2/interwork/libgcc.a(_dvmd_tls.o)
 .debug_line    0x00000000      0x175 /Developer/yagarto-4.4.2/bin/../lib/gcc/arm-elf/4.4.2/interwork/libgcc.a(_arm_addsubdf3.o)
 .debug_info    0x00000000       0xb2 /Developer/yagarto-4.4.2/bin/../lib/gcc/arm-elf/4.4.2/interwork/libgcc.a(_arm_addsubdf3.o)
 .debug_abbrev  0x00000000       0x14 /Developer/yagarto-4.4.2/bin/../lib/gcc/arm-elf/4.4.2/interwork/libgcc.a(_arm_addsubdf3.o)
 .debug_aranges
                0x00000000       0x20 /Developer/yagarto-4.4.2/bin/../lib/gcc/arm-elf/4.4.2/interwork/libgcc.a(_arm_addsubdf3.o)
 .debug_line    0x00000000      0x18a /Developer/yagarto-4.4.2/bin/../lib/gcc/arm-elf/4.4.2/interwork/libgcc.a(_arm_muldivdf3.o)
 .debug_info    0x00000000       0xb2 /Developer/yagarto-4.4.2/bin/../lib/gcc/arm-elf/4.4.2/interwork/libgcc.a(_arm_muldivdf3.o)
 .debug_abbrev  0x00000000       0x14 /Developer/yagarto-4.4.2/bin/../lib/gcc/arm-elf/4.4.2/interwork/libgcc.a(_arm_muldivdf3.o)
 .debug_aranges
                0x00000000       0x20 /Developer/yagarto-4.4.2/bin/../lib/gcc/arm-elf/4.4.2/interwork/libgcc.a(_arm_muldivdf3.o)
 .debug_line    0x00000000       0x93 /Developer/yagarto-4.4.2/bin/../lib/gcc/arm-elf/4.4.2/interwork/libgcc.a(_arm_truncdfsf2.o)
 .debug_info    0x00000000       0xb2 /Developer/yagarto-4.4.2/bin/../lib/gcc/arm-elf/4.4.2/interwork/libgcc.a(_arm_truncdfsf2.o)
 .debug_abbrev  0x00000000       0x14 /Developer/yagarto-4.4.2/bin/../lib/gcc/arm-elf/4.4.2/interwork/libgcc.a(_arm_truncdfsf2.o)
 .debug_aranges
                0x00000000       0x20 /Developer/yagarto-4.4.2/bin/../lib/gcc/arm-elf/4.4.2/interwork/libgcc.a(_arm_truncdfsf2.o)
 .debug_line    0x00000000      0x123 /Developer/yagarto-4.4.2/bin/../lib/gcc/arm-elf/4.4.2/interwork/libgcc.a(_arm_addsubsf3.o)
 .debug_info    0x00000000       0xb2 /Developer/yagarto-4.4.2/bin/../lib/gcc/arm-elf/4.4.2/interwork/libgcc.a(_arm_addsubsf3.o)
 .debug_abbrev  0x00000000       0x14 /Developer/yagarto-4.4.2/bin/../lib/gcc/arm-elf/4.4.2/interwork/libgcc.a(_arm_addsubsf3.o)
 .debug_aranges
                0x00000000       0x20 /Developer/yagarto-4.4.2/bin/../lib/gcc/arm-elf/4.4.2/interwork/libgcc.a(_arm_addsubsf3.o)
 .debug_line    0x00000000      0x12d /Developer/yagarto-4.4.2/bin/../lib/gcc/arm-elf/4.4.2/interwork/libgcc.a(_arm_muldivsf3.o)
 .debug_info    0x00000000       0xb2 /Developer/yagarto-4.4.2/bin/../lib/gcc/arm-elf/4.4.2/interwork/libgcc.a(_arm_muldivsf3.o)
 .debug_abbrev  0x00000000       0x14 /Developer/yagarto-4.4.2/bin/../lib/gcc/arm-elf/4.4.2/interwork/libgcc.a(_arm_muldivsf3.o)
 .debug_aranges
                0x00000000       0x20 /Developer/yagarto-4.4.2/bin/../lib/gcc/arm-elf/4.4.2/interwork/libgcc.a(_arm_muldivsf3.o)
 .debug_line    0x00000000       0x80 /Developer/yagarto-4.4.2/bin/../lib/gcc/arm-elf/4.4.2/interwork/libgcc.a(_arm_fixunssfsi.o)
 .debug_info    0x00000000       0xb2 /Developer/yagarto-4.4.2/bin/../lib/gcc/arm-elf/4.4.2/interwork/libgcc.a(_arm_fixunssfsi.o)
 .debug_abbrev  0x00000000       0x14 /Developer/yagarto-4.4.2/bin/../lib/gcc/arm-elf/4.4.2/interwork/libgcc.a(_arm_fixunssfsi.o)
 .debug_aranges
                0x00000000       0x20 /Developer/yagarto-4.4.2/bin/../lib/gcc/arm-elf/4.4.2/interwork/libgcc.a(_arm_fixunssfsi.o)

Memory Configuration

Name             Origin             Length             Attributes
flash            0x00000000         0x0001e000
ram              0x40000000         0x00010000
*default*        0x00000000         0xffffffff

Linker script and memory map

LOAD ./camera_to_lcd.o
LOAD /Developer/yagarto-4.4.2/bin/../lib/gcc/arm-elf/4.4.2/../../../../arm-elf/lib/interwork/libc.a
LOAD /Developer/yagarto-4.4.2/bin/../lib/gcc/arm-elf/4.4.2/../../../../arm-elf/lib/interwork/libm.a
LOAD /Developer/yagarto-4.4.2/bin/../lib/gcc/arm-elf/4.4.2/interwork/libgcc.a
LOAD /Applications/POB-Tools.app/Contents/MacOS/../Resources/sdk/pobeye/boot.o
LOAD /Applications/POB-Tools.app/Contents/MacOS/../Resources/sdk/pobeye/libpob.a
START GROUP
LOAD /Developer/yagarto-4.4.2/bin/../lib/gcc/arm-elf/4.4.2/interwork/libgcc.a
LOAD /Developer/yagarto-4.4.2/bin/../lib/gcc/arm-elf/4.4.2/../../../../arm-elf/lib/interwork/libc.a
END GROUP
                0x4000fffc                __stack_end__ = 0x4000fffc
                0x00000000                . = 0x0

startup         0x00000000       0x20
 *(.startup)
 .startup       0x00000000       0x20 /Applications/POB-Tools.app/Contents/MacOS/../Resources/sdk/pobeye/boot.o

prog            0x00000020     0x53a0
 *(.text)
 .text          0x00000020       0xb0 ./camera_to_lcd.o
                0x00000020                main
 .text          0x000000d0       0x84 /Applications/POB-Tools.app/Contents/MacOS/../Resources/sdk/pobeye/boot.o
                0x000000d0                _start
                0x000000d0                start
                0x00000138                endless_loop
 .text          0x00000154      0x178 /Applications/POB-Tools.app/Contents/MacOS/../Resources/sdk/pobeye/libpob.a(init.o)
                0x00000170                Wait
                0x000001b4                TimerStart
                0x000001d8                TimerStop
                0x000001f0                TimerGet
                0x00000200                _InitPOBEYE_
                0x0000029c                InitPOBEYE2
                0x000002b4                InitPOBEYE
 .text          0x000002cc      0x844 /Applications/POB-Tools.app/Contents/MacOS/../Resources/sdk/pobeye/libpob.a(uart.o)
                0x000002cc                InitUART
                0x0000052c                SendByteToUART
                0x00000554                SendBufferToUART
                0x0000058c                GetByteFromUART
                0x000005b0                GetByteFromUARTNoWait
                0x000005dc                GetBufferFromUART
                0x00000a4c                printf
                0x00000a6c                PrintTextOnPobTerminal
                0x00000a9c                PrintComponentOnPobTerminal
 .text          0x00000b10      0x290 /Applications/POB-Tools.app/Contents/MacOS/../Resources/sdk/pobeye/libpob.a(i2c.o)
                0x00000b10                InitI2C
                0x00000b54                SetI2cSpeed
                0x00000bbc                SendSlaveAdress
                0x00000c90                ReadOnI2C
                0x00000cd0                ReadOnI2CWithAck
                0x00000d38                WriteOnI2C
                0x00000d74                STOPI2C
 .text          0x00000da0      0xb74 /Applications/POB-Tools.app/Contents/MacOS/../Resources/sdk/pobeye/libpob.a(cam.o)
                0x00000da0                GetPointerOnRedBuffer
                0x00000dac                GetPointerOnBlueBuffer
                0x00000db8                GetPointerOnGreenBuffer
                0x00000dc4                GetPointerOnRGBFrame
                0x00000dec                GetPointerOnHSLFrame
                0x00000e14                GrabRedFrame
                0x00000fac                GrabBlueFrame
                0x00001118                GrabGreenFrame
                0x0000129c                GrabRGBFrameXY
                0x000014fc                GrabRGBFrame
                0x00001758                SendToCam
                0x000017a8                InitCam
 .text          0x00001914     0x1554 /Applications/POB-Tools.app/Contents/MacOS/../Resources/sdk/pobeye/libpob.a(visio.o)
                0x00001914                BinaryRGBFrame
                0x000019ec                GetHSLFrame
                0x00001c54                GrayRGBFrame
                0x00001cd0                GrayAPixel
                0x00001d20                Square
                0x00001e8c                CutForm
                0x00002404                FindFormWithDistance
                0x00002630                FindFormWithCadrige
                0x00002728                DrawVec
                0x000028d4                TestPattern
                0x00002cd0                IdentifyForm
 .text          0x00002e68      0x8d4 /Applications/POB-Tools.app/Contents/MacOS/../Resources/sdk/pobeye/libpob.a(graph.o)
                0x00002e68                InitGraphicBuffer
                0x00002e80                ClearGraphicBuffer
                0x00002eec                PlotAPoint
                0x00002f5c                DrawComponentInABufferVideo
                0x00002fec                DrawLine
                0x000031a8                GetBitmapWidth
                0x00003238                GetBitmapHeight
                0x000032c4                DrawBitmap
 .text          0x0000373c      0x858 /Applications/POB-Tools.app/Contents/MacOS/../Resources/sdk/pobeye/libpob.a(lcd.o)
                0x0000373c                SetData
                0x0000377c                TicTac
                0x000037a8                SetPageXYZ
                0x000037e0                SetLCDIO
                0x00003804                DrawLCD
                0x00003bcc                DrawRightLCD
                0x00003d94                DrawLeftLCD
                0x00003f54                InitLCD
 .text          0x00003f94      0x194 /Applications/POB-Tools.app/Contents/MacOS/../Resources/sdk/pobeye/libpob.a(io-bus.o)
                0x00003f94                SetIOWay
                0x00003fa8                GetInput
                0x00003fbc                SetOutput
                0x00003fd0                ClrOutput
                0x00003fe4                ClrAndSetOuput
                0x00004004                ReadByte
                0x00004098                WriteByte
 .text          0x00004128      0x114 /Developer/yagarto-4.4.2/bin/../lib/gcc/arm-elf/4.4.2/interwork/libgcc.a(_udivsi3.o)
                0x00004128                __udivsi3
                0x00004128                __aeabi_uidiv
                0x00004224                __aeabi_uidivmod
 .text          0x0000423c      0x144 /Developer/yagarto-4.4.2/bin/../lib/gcc/arm-elf/4.4.2/interwork/libgcc.a(_divsi3.o)
                0x0000423c                __aeabi_idiv
                0x0000423c                __divsi3
                0x00004368                __aeabi_idivmod
 .text          0x00004380       0xd0 /Developer/yagarto-4.4.2/bin/../lib/gcc/arm-elf/4.4.2/interwork/libgcc.a(_umodsi3.o)
                0x00004380                __umodsi3
 .text          0x00004450        0x4 /Developer/yagarto-4.4.2/bin/../lib/gcc/arm-elf/4.4.2/interwork/libgcc.a(_dvmd_tls.o)
                0x00004450                __aeabi_ldiv0
                0x00004450                __div0
                0x00004450                __aeabi_idiv0
 .text          0x00004454      0x430 /Developer/yagarto-4.4.2/bin/../lib/gcc/arm-elf/4.4.2/interwork/libgcc.a(_arm_addsubdf3.o)
                0x00004454                __aeabi_drsub
                0x0000445c                __subdf3
                0x0000445c                __aeabi_dsub
                0x00004460                __aeabi_dadd
                0x00004460                __adddf3
                0x00004770                __aeabi_ui2d
                0x00004770                __floatunsidf
                0x00004798                __floatsidf
                0x00004798                __aeabi_i2d
                0x000047c4                __extendsfdf2
                0x000047c4                __aeabi_f2d
                0x00004804                __aeabi_ul2d
                0x00004804                __floatundidf
                0x00004818                __aeabi_l2d
                0x00004818                __floatdidf
 .text          0x00004884      0x49c /Developer/yagarto-4.4.2/bin/../lib/gcc/arm-elf/4.4.2/interwork/libgcc.a(_arm_muldivdf3.o)
                0x00004884                __aeabi_dmul
                0x00004884                __muldf3
                0x00004b14                __aeabi_ddiv
                0x00004b14                __divdf3
 .text          0x00004d20       0xa0 /Developer/yagarto-4.4.2/bin/../lib/gcc/arm-elf/4.4.2/interwork/libgcc.a(_arm_truncdfsf2.o)
                0x00004d20                __aeabi_d2f
                0x00004d20                __truncdfsf2
 .text          0x00004dc0      0x2ac /Developer/yagarto-4.4.2/bin/../lib/gcc/arm-elf/4.4.2/interwork/libgcc.a(_arm_addsubsf3.o)
                0x00004dc0                __aeabi_frsub
                0x00004dc8                __aeabi_fsub
                0x00004dc8                __subsf3
                0x00004dcc                __aeabi_fadd
                0x00004dcc                __addsf3
                0x00004f88                __aeabi_ui2f
                0x00004f88                __floatunsisf
                0x00004f90                __floatsisf
                0x00004f90                __aeabi_i2f
                0x00004fb0                __aeabi_ul2f
                0x00004fb0                __floatundisf
                0x00004fc0                __aeabi_l2f
                0x00004fc0                __floatdisf
 .text          0x0000506c      0x2f8 /Developer/yagarto-4.4.2/bin/../lib/gcc/arm-elf/4.4.2/interwork/libgcc.a(_arm_muldivsf3.o)
                0x0000506c                __mulsf3
                0x0000506c                __aeabi_fmul
                0x00005204                __divsf3
                0x00005204                __aeabi_fdiv
 .text          0x00005364       0x54 /Developer/yagarto-4.4.2/bin/../lib/gcc/arm-elf/4.4.2/interwork/libgcc.a(_arm_fixunssfsi.o)
                0x00005364                __aeabi_f2uiz
                0x00005364                __fixunssfsi
 *(.rodata)
 *(.rodata*)
 .rodata.str1.4
                0x000053b8        0x8 /Applications/POB-Tools.app/Contents/MacOS/../Resources/sdk/pobeye/libpob.a(uart.o)
 *(.glue_7)
 .glue_7        0x00000000        0x0 linker stubs
 *(.glue_7t)
 .glue_7t       0x00000000        0x0 linker stubs
                0x000053c0                __end_of_text__ = .

.vfp11_veneer   0x000053c0        0x0
 .vfp11_veneer  0x00000000        0x0 linker stubs

.v4_bx          0x000053c0        0x0
 .v4_bx         0x00000000        0x0 linker stubs

.data           0x40000000        0x0 load address 0x000053c0
                0x40000000                __data_beg__ = .
                0x000053c0                __data_beg_src__ = __end_of_text__
 *(.data)
 .data          0x40000000        0x0 ./camera_to_lcd.o
 .data          0x40000000        0x0 /Applications/POB-Tools.app/Contents/MacOS/../Resources/sdk/pobeye/boot.o
 .data          0x40000000        0x0 /Applications/POB-Tools.app/Contents/MacOS/../Resources/sdk/pobeye/libpob.a(init.o)
 .data          0x40000000        0x0 /Applications/POB-Tools.app/Contents/MacOS/../Resources/sdk/pobeye/libpob.a(uart.o)
 .data          0x40000000        0x0 /Applications/POB-Tools.app/Contents/MacOS/../Resources/sdk/pobeye/libpob.a(i2c.o)
 .data          0x40000000        0x0 /Applications/POB-Tools.app/Contents/MacOS/../Resources/sdk/pobeye/libpob.a(cam.o)
 .data          0x40000000        0x0 /Applications/POB-Tools.app/Contents/MacOS/../Resources/sdk/pobeye/libpob.a(visio.o)
 .data          0x40000000        0x0 /Applications/POB-Tools.app/Contents/MacOS/../Resources/sdk/pobeye/libpob.a(graph.o)
 .data          0x40000000        0x0 /Applications/POB-Tools.app/Contents/MacOS/../Resources/sdk/pobeye/libpob.a(lcd.o)
 .data          0x40000000        0x0 /Applications/POB-Tools.app/Contents/MacOS/../Resources/sdk/pobeye/libpob.a(io-bus.o)
 .data          0x40000000        0x0 /Developer/yagarto-4.4.2/bin/../lib/gcc/arm-elf/4.4.2/interwork/libgcc.a(_udivsi3.o)
 .data          0x40000000        0x0 /Developer/yagarto-4.4.2/bin/../lib/gcc/arm-elf/4.4.2/interwork/libgcc.a(_divsi3.o)
 .data          0x40000000        0x0 /Developer/yagarto-4.4.2/bin/../lib/gcc/arm-elf/4.4.2/interwork/libgcc.a(_umodsi3.o)
 .data          0x40000000        0x0 /Developer/yagarto-4.4.2/bin/../lib/gcc/arm-elf/4.4.2/interwork/libgcc.a(_dvmd_tls.o)
 .data          0x40000000        0x0 /Developer/yagarto-4.4.2/bin/../lib/gcc/arm-elf/4.4.2/interwork/libgcc.a(_arm_addsubdf3.o)
 .data          0x40000000        0x0 /Developer/yagarto-4.4.2/bin/../lib/gcc/arm-elf/4.4.2/interwork/libgcc.a(_arm_muldivdf3.o)
 .data          0x40000000        0x0 /Developer/yagarto-4.4.2/bin/../lib/gcc/arm-elf/4.4.2/interwork/libgcc.a(_arm_truncdfsf2.o)
 .data          0x40000000        0x0 /Developer/yagarto-4.4.2/bin/../lib/gcc/arm-elf/4.4.2/interwork/libgcc.a(_arm_addsubsf3.o)
 .data          0x40000000        0x0 /Developer/yagarto-4.4.2/bin/../lib/gcc/arm-elf/4.4.2/interwork/libgcc.a(_arm_muldivsf3.o)
 .data          0x40000000        0x0 /Developer/yagarto-4.4.2/bin/../lib/gcc/arm-elf/4.4.2/interwork/libgcc.a(_arm_fixunssfsi.o)
                0x40000000                __data_end__ = .

.bss            0x40000000     0x7bd4 load address 0x000053c0
                0x40000000                __bss_beg__ = .
 *(.bss)
 .bss           0x40000000        0x0 ./camera_to_lcd.o
 .bss           0x40000000        0x0 /Applications/POB-Tools.app/Contents/MacOS/../Resources/sdk/pobeye/boot.o
 .bss           0x40000000        0x0 /Applications/POB-Tools.app/Contents/MacOS/../Resources/sdk/pobeye/libpob.a(init.o)
 .bss           0x40000000        0x0 /Applications/POB-Tools.app/Contents/MacOS/../Resources/sdk/pobeye/libpob.a(uart.o)
 .bss           0x40000000        0x0 /Applications/POB-Tools.app/Contents/MacOS/../Resources/sdk/pobeye/libpob.a(i2c.o)
 .bss           0x40000000     0x7bd4 /Applications/POB-Tools.app/Contents/MacOS/../Resources/sdk/pobeye/libpob.a(cam.o)
 .bss           0x40007bd4        0x0 /Applications/POB-Tools.app/Contents/MacOS/../Resources/sdk/pobeye/libpob.a(visio.o)
 .bss           0x40007bd4        0x0 /Applications/POB-Tools.app/Contents/MacOS/../Resources/sdk/pobeye/libpob.a(graph.o)
 .bss           0x40007bd4        0x0 /Applications/POB-Tools.app/Contents/MacOS/../Resources/sdk/pobeye/libpob.a(lcd.o)
 .bss           0x40007bd4        0x0 /Applications/POB-Tools.app/Contents/MacOS/../Resources/sdk/pobeye/libpob.a(io-bus.o)
 .bss           0x40007bd4        0x0 /Developer/yagarto-4.4.2/bin/../lib/gcc/arm-elf/4.4.2/interwork/libgcc.a(_udivsi3.o)
 .bss           0x40007bd4        0x0 /Developer/yagarto-4.4.2/bin/../lib/gcc/arm-elf/4.4.2/interwork/libgcc.a(_divsi3.o)
 .bss           0x40007bd4        0x0 /Developer/yagarto-4.4.2/bin/../lib/gcc/arm-elf/4.4.2/interwork/libgcc.a(_umodsi3.o)
 .bss           0x40007bd4        0x0 /Developer/yagarto-4.4.2/bin/../lib/gcc/arm-elf/4.4.2/interwork/libgcc.a(_dvmd_tls.o)
 .bss           0x40007bd4        0x0 /Developer/yagarto-4.4.2/bin/../lib/gcc/arm-elf/4.4.2/interwork/libgcc.a(_arm_addsubdf3.o)
 .bss           0x40007bd4        0x0 /Developer/yagarto-4.4.2/bin/../lib/gcc/arm-elf/4.4.2/interwork/libgcc.a(_arm_muldivdf3.o)
 .bss           0x40007bd4        0x0 /Developer/yagarto-4.4.2/bin/../lib/gcc/arm-elf/4.4.2/interwork/libgcc.a(_arm_truncdfsf2.o)
 .bss           0x40007bd4        0x0 /Developer/yagarto-4.4.2/bin/../lib/gcc/arm-elf/4.4.2/interwork/libgcc.a(_arm_addsubsf3.o)
 .bss           0x40007bd4        0x0 /Developer/yagarto-4.4.2/bin/../lib/gcc/arm-elf/4.4.2/interwork/libgcc.a(_arm_muldivsf3.o)
 .bss           0x40007bd4        0x0 /Developer/yagarto-4.4.2/bin/../lib/gcc/arm-elf/4.4.2/interwork/libgcc.a(_arm_fixunssfsi.o)
                0x40007bd4                . = ALIGN (0x4)
                0x40007bd4                . = ALIGN (0x4)
                0x40007bd4                _end = .
                0x40007bd4                _bss_end__ = .
                0x40007bd4                __bss_end__ = .
                0x40007bd4                __end__ = .
                0x40007bd4                PROVIDE (end, .)
                0x00000138                PROVIDE (undefined_instruction_exception, endless_loop)
                0x00000138                PROVIDE (software_interrupt_exception, endless_loop)
                0x00000138                PROVIDE (prefetch_abort_exception, endless_loop)
                0x00000138                PROVIDE (data_abort_exception, endless_loop)
                0x00000138                PROVIDE (reserved_exception, endless_loop)
                0x00000138                PROVIDE (interrupt_exception, endless_loop)
                0x00000138                PROVIDE (fast_interrupt_exception, endless_loop)
                0xe002c000                PROVIDE (PINSEL0, 0xe002c000)
                0xe0028008                PROVIDE (IODIR, 0xe0028008)
                0xe002800c                PROVIDE (IOCLR, 0xe002800c)
                0xe0028004                PROVIDE (IOSET, 0xe0028004)
                0xe000c000                PROVIDE (U0RBR, 0xe000c000)
                0xe000c000                PROVIDE (U0THR, 0xe000c000)
                0xe000c004                PROVIDE (U0IER, 0xe000c004)
                0xe000c008                PROVIDE (U0IIR, 0xe000c008)
                0xe000c008                PROVIDE (U0FCR, 0xe000c008)
                0xe000c00c                PROVIDE (U0LCR, 0xe000c00c)
                0xe000c014                PROVIDE (U0LSR, 0xe000c014)
                0xe000c01c                PROVIDE (U0SCR, 0xe000c01c)
                0xe000c000                PROVIDE (U0DLL, 0xe000c000)
                0xe000c004                PROVIDE (U0DLM, 0xe000c004)
                0xe0010000                PROVIDE (U1RBR, 0xe0010000)
                0xe0010000                PROVIDE (U1THR, 0xe0010000)
                0xe0010004                PROVIDE (U1IER, 0xe0010004)
                0xe0010008                PROVIDE (U1IIR, 0xe0010008)
                0xe0010008                PROVIDE (U1FCR, 0xe0010008)
                0xe001000c                PROVIDE (U1LCR, 0xe001000c)
                0xe0010014                PROVIDE (U1LSR, 0xe0010014)
                0xe001001c                PROVIDE (U1SCR, 0xe001001c)
                0xe0010000                PROVIDE (U1DLL, 0xe0010000)
                0xe0010004                PROVIDE (U1DLM, 0xe0010004)
                0xe01fc080                PROVIDE (PLLCON, 0xe01fc080)
                0xe01fc084                PROVIDE (PLLCFG, 0xe01fc084)
                0xe01fc088                PROVIDE (PLLSTAT, 0xe01fc088)
                0xe01fc08c                PROVIDE (PLLFEED, 0xe01fc08c)
                0xe01fc000                PROVIDE (MAMCR, 0xe01fc000)
                0xe01fc004                PROVIDE (MAMTIM, 0xe01fc004)
                0xe01fc100                PROVIDE (VPBDIV, 0xe01fc100)
                0xe0004000                PROVIDE (T0IR, 0xe0004000)
                0xe0004004                PROVIDE (T0TCR, 0xe0004004)
                0xe0004008                PROVIDE (T0TC, 0xe0004008)
                0xe000400c                PROVIDE (T0PR, 0xe000400c)
                0xe0004010                PROVIDE (T0PC, 0xe0004010)
                0xe0004014                PROVIDE (T0MCR, 0xe0004014)
                0xe0004018                PROVIDE (T0MR0, 0xe0004018)
                0xe000401c                PROVIDE (T0MR1, 0xe000401c)
                0xe0004020                PROVIDE (T0MR2, 0xe0004020)
                0xe0004024                PROVIDE (T0MR3, 0xe0004024)
                0xe0004028                PROVIDE (T0CCR, 0xe0004028)
                0xe000402c                PROVIDE (T0CR0, 0xe000402c)
                0xe0004030                PROVIDE (T0CR1, 0xe0004030)
                0xe0004034                PROVIDE (T0CR2, 0xe0004034)
                0xe000403c                PROVIDE (T0EMR, 0xe000403c)
                0x3fffc014                PROVIDE (GPIO_IOPIN, 0x3fffc014)
                0x3fffc018                PROVIDE (GPIO_IOSET, 0x3fffc018)
                0x3fffc000                PROVIDE (GPIO_IODIR, 0x3fffc000)
                0x3fffc01c                PROVIDE (GPIO_IOCLR, 0x3fffc01c)
                0x3fffc014                PROVIDE (POB_IO, 0x3fffc014)
                0x3fffc000                PROVIDE (POB_IODIR, 0x3fffc000)
                0x3fffc018                PROVIDE (POB_IOSET, 0x3fffc018)
                0x3fffc01c                PROVIDE (POB_IOCLR, 0x3fffc01c)
                0xe01fc1a0                PROVIDE (SCS, 0xe01fc1a0)
OUTPUT(./Camera_to_LCD.elf elf32-littlearm)

.comment        0x00000000       0xa1
 .comment       0x00000000       0x11 ./camera_to_lcd.o
                                 0x12 (size before relaxing)
 .comment       0x00000011       0x12 /Applications/POB-Tools.app/Contents/MacOS/../Resources/sdk/pobeye/libpob.a(init.o)
 .comment       0x00000023       0x12 /Applications/POB-Tools.app/Contents/MacOS/../Resources/sdk/pobeye/libpob.a(uart.o)
 .comment       0x00000035       0x12 /Applications/POB-Tools.app/Contents/MacOS/../Resources/sdk/pobeye/libpob.a(i2c.o)
 .comment       0x00000047       0x12 /Applications/POB-Tools.app/Contents/MacOS/../Resources/sdk/pobeye/libpob.a(cam.o)
 .comment       0x00000059       0x12 /Applications/POB-Tools.app/Contents/MacOS/../Resources/sdk/pobeye/libpob.a(visio.o)
 .comment       0x0000006b       0x12 /Applications/POB-Tools.app/Contents/MacOS/../Resources/sdk/pobeye/libpob.a(graph.o)
 .comment       0x0000007d       0x12 /Applications/POB-Tools.app/Contents/MacOS/../Resources/sdk/pobeye/libpob.a(lcd.o)
 .comment       0x0000008f       0x12 /Applications/POB-Tools.app/Contents/MacOS/../Resources/sdk/pobeye/libpob.a(io-bus.o)

.ARM.attributes
                0x00000000       0x10
 .ARM.attributes
                0x00000000       0x10 ./camera_to_lcd.o
 .ARM.attributes
                0x00000010       0x10 /Applications/POB-Tools.app/Contents/MacOS/../Resources/sdk/pobeye/boot.o
 .ARM.attributes
                0x00000020       0x10 /Applications/POB-Tools.app/Contents/MacOS/../Resources/sdk/pobeye/libpob.a(init.o)
 .ARM.attributes
                0x00000030       0x10 /Applications/POB-Tools.app/Contents/MacOS/../Resources/sdk/pobeye/libpob.a(uart.o)
 .ARM.attributes
                0x00000040       0x10 /Applications/POB-Tools.app/Contents/MacOS/../Resources/sdk/pobeye/libpob.a(i2c.o)
 .ARM.attributes
                0x00000050       0x10 /Applications/POB-Tools.app/Contents/MacOS/../Resources/sdk/pobeye/libpob.a(cam.o)
 .ARM.attributes
                0x00000060       0x10 /Applications/POB-Tools.app/Contents/MacOS/../Resources/sdk/pobeye/libpob.a(visio.o)
 .ARM.attributes
                0x00000070       0x10 /Applications/POB-Tools.app/Contents/MacOS/../Resources/sdk/pobeye/libpob.a(graph.o)
 .ARM.attributes
                0x00000080       0x10 /Applications/POB-Tools.app/Contents/MacOS/../Resources/sdk/pobeye/libpob.a(lcd.o)
 .ARM.attributes
                0x00000090       0x10 /Applications/POB-Tools.app/Contents/MacOS/../Resources/sdk/pobeye/libpob.a(io-bus.o)
 .ARM.attributes
                0x000000a0       0x10 /Developer/yagarto-4.4.2/bin/../lib/gcc/arm-elf/4.4.2/interwork/libgcc.a(_udivsi3.o)
 .ARM.attributes
                0x000000b0       0x10 /Developer/yagarto-4.4.2/bin/../lib/gcc/arm-elf/4.4.2/interwork/libgcc.a(_divsi3.o)
 .ARM.attributes
                0x000000c0       0x10 /Developer/yagarto-4.4.2/bin/../lib/gcc/arm-elf/4.4.2/interwork/libgcc.a(_umodsi3.o)
 .ARM.attributes
                0x000000d0       0x10 /Developer/yagarto-4.4.2/bin/../lib/gcc/arm-elf/4.4.2/interwork/libgcc.a(_dvmd_tls.o)
 .ARM.attributes
                0x000000e0       0x10 /Developer/yagarto-4.4.2/bin/../lib/gcc/arm-elf/4.4.2/interwork/libgcc.a(_arm_addsubdf3.o)
 .ARM.attributes
                0x000000f0       0x10 /Developer/yagarto-4.4.2/bin/../lib/gcc/arm-elf/4.4.2/interwork/libgcc.a(_arm_muldivdf3.o)
 .ARM.attributes
                0x00000100       0x10 /Developer/yagarto-4.4.2/bin/../lib/gcc/arm-elf/4.4.2/interwork/libgcc.a(_arm_truncdfsf2.o)
 .ARM.attributes
                0x00000110       0x10 /Developer/yagarto-4.4.2/bin/../lib/gcc/arm-elf/4.4.2/interwork/libgcc.a(_arm_addsubsf3.o)
 .ARM.attributes
                0x00000120       0x10 /Developer/yagarto-4.4.2/bin/../lib/gcc/arm-elf/4.4.2/interwork/libgcc.a(_arm_muldivsf3.o)
 .ARM.attributes
                0x00000130       0x10 /Developer/yagarto-4.4.2/bin/../lib/gcc/arm-elf/4.4.2/interwork/libgcc.a(_arm_fixunssfsi.o)

.debug_frame

.debug_line

.debug_info

.debug_abbrev

.debug_aranges

.debug_frame

.debug_line

.debug_info

.debug_abbrev

.debug_aranges

.debug_frame

.debug_line

.debug_info

.debug_abbrev

.debug_aranges

.debug_line

.debug_info

.debug_abbrev

.debug_aranges

.debug_line

.debug_info

.debug_abbrev

.debug_aranges

.debug_line

.debug_info

.debug_abbrev

.debug_aranges

.debug_line

.debug_info

.debug_abbrev

.debug_aranges

.debug_line

.debug_info

.debug_abbrev

.debug_aranges

.debug_line

.debug_info

.debug_abbrev

.debug_aranges

.debug_line

.debug_info

.debug_abbrev

.debug_aranges
