Archive member included because of file (symbol)

T:/project/PobTools_Qt/final_application\SDK\pobeye\libpob.a(graph.o)
                              ./move_bot.o (InitGraphicBuffer)
T:/project/PobTools_Qt/final_application\SDK\pobeye\libpob.a(init.o)
                              ./move_bot.o (InitPOBEYE)
T:/project/PobTools_Qt/final_application\SDK\pobeye\libpob.a(lcd.o)
                              ./move_bot.o (InitLCD)
T:/project/PobTools_Qt/final_application\SDK\pobeye\libpob.a(uart.o)
                              T:/project/PobTools_Qt/final_application\SDK\pobeye\libpob.a(init.o) (InitUART)
T:/project/PobTools_Qt/final_application\SDK\pobeye\libpob.a(pob-proto.o)
                              ./Functions.o (SetPobProto)
T:/project/PobTools_Qt/final_application\SDK\pobeye\libpob.a(cam.o)
                              T:/project/PobTools_Qt/final_application\SDK\pobeye\libpob.a(init.o) (InitCam)
T:/project/PobTools_Qt/final_application\SDK\pobeye\libpob.a(i2c.o)
                              T:/project/PobTools_Qt/final_application\SDK\pobeye\libpob.a(init.o) (InitI2C)
T:/project/PobTools_Qt/final_application\SDK\pobeye\libpob.a(io-bus.o)
                              T:/project/PobTools_Qt/final_application\SDK\pobeye\libpob.a(lcd.o) (SetIOWay)
/cygdrive/c/Program Files/GNUARM/bin/../lib/gcc/arm-elf/3.4.3/thumb/libgcc.a(_udivsi3.o)
                              T:/project/PobTools_Qt/final_application\SDK\pobeye\libpob.a(uart.o) (__udivsi3)
/cygdrive/c/Program Files/GNUARM/bin/../lib/gcc/arm-elf/3.4.3/thumb/libgcc.a(_divsi3.o)
                              T:/project/PobTools_Qt/final_application\SDK\pobeye\libpob.a(graph.o) (__divsi3)
/cygdrive/c/Program Files/GNUARM/bin/../lib/gcc/arm-elf/3.4.3/thumb/libgcc.a(_umodsi3.o)
                              T:/project/PobTools_Qt/final_application\SDK\pobeye\libpob.a(uart.o) (__umodsi3)
/cygdrive/c/Program Files/GNUARM/bin/../lib/gcc/arm-elf/3.4.3/thumb/libgcc.a(_dvmd_tls.o)
                              /cygdrive/c/Program Files/GNUARM/bin/../lib/gcc/arm-elf/3.4.3/thumb/libgcc.a(_udivsi3.o) (__div0)
/cygdrive/c/Program Files/GNUARM/bin/../lib/gcc/arm-elf/3.4.3/../../../../arm-elf/lib/thumb/libc.a(sprintf.o)
                              ./move_bot.o (sprintf)
/cygdrive/c/Program Files/GNUARM/bin/../lib/gcc/arm-elf/3.4.3/../../../../arm-elf/lib/thumb/libc.a(vfprintf.o)
                              /cygdrive/c/Program Files/GNUARM/bin/../lib/gcc/arm-elf/3.4.3/../../../../arm-elf/lib/thumb/libc.a(sprintf.o) (_vfprintf_r)
/cygdrive/c/Program Files/GNUARM/bin/../lib/gcc/arm-elf/3.4.3/../../../../arm-elf/lib/thumb/libc.a(wcrtomb.o)
                              /cygdrive/c/Program Files/GNUARM/bin/../lib/gcc/arm-elf/3.4.3/../../../../arm-elf/lib/thumb/libc.a(vfprintf.o) (_wcrtomb_r)
/cygdrive/c/Program Files/GNUARM/bin/../lib/gcc/arm-elf/3.4.3/../../../../arm-elf/lib/thumb/libc.a(wcsrtombs.o)
                              /cygdrive/c/Program Files/GNUARM/bin/../lib/gcc/arm-elf/3.4.3/../../../../arm-elf/lib/thumb/libc.a(vfprintf.o) (_wcsrtombs_r)
/cygdrive/c/Program Files/GNUARM/bin/../lib/gcc/arm-elf/3.4.3/../../../../arm-elf/lib/thumb/libc.a(wctomb_r.o)
                              /cygdrive/c/Program Files/GNUARM/bin/../lib/gcc/arm-elf/3.4.3/../../../../arm-elf/lib/thumb/libc.a(wcrtomb.o) (_wctomb_r)
/cygdrive/c/Program Files/GNUARM/bin/../lib/gcc/arm-elf/3.4.3/../../../../arm-elf/lib/thumb/libc.a(wsetup.o)
                              /cygdrive/c/Program Files/GNUARM/bin/../lib/gcc/arm-elf/3.4.3/../../../../arm-elf/lib/thumb/libc.a(vfprintf.o) (__swsetup)
/cygdrive/c/Program Files/GNUARM/bin/../lib/gcc/arm-elf/3.4.3/../../../../arm-elf/lib/thumb/libc.a(dtoa.o)
                              /cygdrive/c/Program Files/GNUARM/bin/../lib/gcc/arm-elf/3.4.3/../../../../arm-elf/lib/thumb/libc.a(vfprintf.o) (_dtoa_r)
/cygdrive/c/Program Files/GNUARM/bin/../lib/gcc/arm-elf/3.4.3/../../../../arm-elf/lib/thumb/libc.a(fflush.o)
                              /cygdrive/c/Program Files/GNUARM/bin/../lib/gcc/arm-elf/3.4.3/../../../../arm-elf/lib/thumb/libc.a(vfprintf.o) (fflush)
/cygdrive/c/Program Files/GNUARM/bin/../lib/gcc/arm-elf/3.4.3/../../../../arm-elf/lib/thumb/libc.a(findfp.o)
                              /cygdrive/c/Program Files/GNUARM/bin/../lib/gcc/arm-elf/3.4.3/../../../../arm-elf/lib/thumb/libc.a(vfprintf.o) (__sinit)
/cygdrive/c/Program Files/GNUARM/bin/../lib/gcc/arm-elf/3.4.3/../../../../arm-elf/lib/thumb/libc.a(freer.o)
                              /cygdrive/c/Program Files/GNUARM/bin/../lib/gcc/arm-elf/3.4.3/../../../../arm-elf/lib/thumb/libc.a(wsetup.o) (_free_r)
/cygdrive/c/Program Files/GNUARM/bin/../lib/gcc/arm-elf/3.4.3/../../../../arm-elf/lib/thumb/libc.a(fvwrite.o)
                              /cygdrive/c/Program Files/GNUARM/bin/../lib/gcc/arm-elf/3.4.3/../../../../arm-elf/lib/thumb/libc.a(vfprintf.o) (__sfvwrite)
/cygdrive/c/Program Files/GNUARM/bin/../lib/gcc/arm-elf/3.4.3/../../../../arm-elf/lib/thumb/libc.a(fwalk.o)
                              /cygdrive/c/Program Files/GNUARM/bin/../lib/gcc/arm-elf/3.4.3/../../../../arm-elf/lib/thumb/libc.a(fflush.o) (_fwalk)
/cygdrive/c/Program Files/GNUARM/bin/../lib/gcc/arm-elf/3.4.3/../../../../arm-elf/lib/thumb/libc.a(impure.o)
                              /cygdrive/c/Program Files/GNUARM/bin/../lib/gcc/arm-elf/3.4.3/../../../../arm-elf/lib/thumb/libc.a(sprintf.o) (_impure_ptr)
/cygdrive/c/Program Files/GNUARM/bin/../lib/gcc/arm-elf/3.4.3/../../../../arm-elf/lib/thumb/libc.a(locale.o)
                              /cygdrive/c/Program Files/GNUARM/bin/../lib/gcc/arm-elf/3.4.3/../../../../arm-elf/lib/thumb/libc.a(wctomb_r.o) (__lc_ctype)
/cygdrive/c/Program Files/GNUARM/bin/../lib/gcc/arm-elf/3.4.3/../../../../arm-elf/lib/thumb/libc.a(makebuf.o)
                              /cygdrive/c/Program Files/GNUARM/bin/../lib/gcc/arm-elf/3.4.3/../../../../arm-elf/lib/thumb/libc.a(wsetup.o) (__smakebuf)
/cygdrive/c/Program Files/GNUARM/bin/../lib/gcc/arm-elf/3.4.3/../../../../arm-elf/lib/thumb/libc.a(malloc.o)
                              /cygdrive/c/Program Files/GNUARM/bin/../lib/gcc/arm-elf/3.4.3/../../../../arm-elf/lib/thumb/libc.a(vfprintf.o) (free)
/cygdrive/c/Program Files/GNUARM/bin/../lib/gcc/arm-elf/3.4.3/../../../../arm-elf/lib/thumb/libc.a(mallocr.o)
                              /cygdrive/c/Program Files/GNUARM/bin/../lib/gcc/arm-elf/3.4.3/../../../../arm-elf/lib/thumb/libc.a(freer.o) (__malloc_current_mallinfo)
/cygdrive/c/Program Files/GNUARM/bin/../lib/gcc/arm-elf/3.4.3/../../../../arm-elf/lib/thumb/libc.a(memchr.o)
                              /cygdrive/c/Program Files/GNUARM/bin/../lib/gcc/arm-elf/3.4.3/../../../../arm-elf/lib/thumb/libc.a(vfprintf.o) (memchr)
/cygdrive/c/Program Files/GNUARM/bin/../lib/gcc/arm-elf/3.4.3/../../../../arm-elf/lib/thumb/libc.a(memcpy.o)
                              /cygdrive/c/Program Files/GNUARM/bin/../lib/gcc/arm-elf/3.4.3/../../../../arm-elf/lib/thumb/libc.a(dtoa.o) (memcpy)
/cygdrive/c/Program Files/GNUARM/bin/../lib/gcc/arm-elf/3.4.3/../../../../arm-elf/lib/thumb/libc.a(memmove.o)
                              /cygdrive/c/Program Files/GNUARM/bin/../lib/gcc/arm-elf/3.4.3/../../../../arm-elf/lib/thumb/libc.a(fvwrite.o) (memmove)
/cygdrive/c/Program Files/GNUARM/bin/../lib/gcc/arm-elf/3.4.3/../../../../arm-elf/lib/thumb/libc.a(memset.o)
                              /cygdrive/c/Program Files/GNUARM/bin/../lib/gcc/arm-elf/3.4.3/../../../../arm-elf/lib/thumb/libc.a(vfprintf.o) (memset)
/cygdrive/c/Program Files/GNUARM/bin/../lib/gcc/arm-elf/3.4.3/../../../../arm-elf/lib/thumb/libc.a(mlock.o)
                              /cygdrive/c/Program Files/GNUARM/bin/../lib/gcc/arm-elf/3.4.3/../../../../arm-elf/lib/thumb/libc.a(freer.o) (__malloc_lock)
/cygdrive/c/Program Files/GNUARM/bin/../lib/gcc/arm-elf/3.4.3/../../../../arm-elf/lib/thumb/libc.a(mprec.o)
                              /cygdrive/c/Program Files/GNUARM/bin/../lib/gcc/arm-elf/3.4.3/../../../../arm-elf/lib/thumb/libc.a(dtoa.o) (__mprec_bigtens)
/cygdrive/c/Program Files/GNUARM/bin/../lib/gcc/arm-elf/3.4.3/../../../../arm-elf/lib/thumb/libc.a(reallocr.o)
                              /cygdrive/c/Program Files/GNUARM/bin/../lib/gcc/arm-elf/3.4.3/../../../../arm-elf/lib/thumb/libc.a(fvwrite.o) (_realloc_r)
/cygdrive/c/Program Files/GNUARM/bin/../lib/gcc/arm-elf/3.4.3/../../../../arm-elf/lib/thumb/libc.a(s_isinf.o)
                              /cygdrive/c/Program Files/GNUARM/bin/../lib/gcc/arm-elf/3.4.3/../../../../arm-elf/lib/thumb/libc.a(vfprintf.o) (isinf)
/cygdrive/c/Program Files/GNUARM/bin/../lib/gcc/arm-elf/3.4.3/../../../../arm-elf/lib/thumb/libc.a(s_isnan.o)
                              /cygdrive/c/Program Files/GNUARM/bin/../lib/gcc/arm-elf/3.4.3/../../../../arm-elf/lib/thumb/libc.a(vfprintf.o) (isnan)
/cygdrive/c/Program Files/GNUARM/bin/../lib/gcc/arm-elf/3.4.3/../../../../arm-elf/lib/thumb/libc.a(sbrkr.o)
                              /cygdrive/c/Program Files/GNUARM/bin/../lib/gcc/arm-elf/3.4.3/../../../../arm-elf/lib/thumb/libc.a(freer.o) (_sbrk_r)
/cygdrive/c/Program Files/GNUARM/bin/../lib/gcc/arm-elf/3.4.3/../../../../arm-elf/lib/thumb/libc.a(stdio.o)
                              /cygdrive/c/Program Files/GNUARM/bin/../lib/gcc/arm-elf/3.4.3/../../../../arm-elf/lib/thumb/libc.a(findfp.o) (__sread)
/cygdrive/c/Program Files/GNUARM/bin/../lib/gcc/arm-elf/3.4.3/../../../../arm-elf/lib/thumb/libc.a(strcmp.o)
                              /cygdrive/c/Program Files/GNUARM/bin/../lib/gcc/arm-elf/3.4.3/../../../../arm-elf/lib/thumb/libc.a(wctomb_r.o) (strcmp)
/cygdrive/c/Program Files/GNUARM/bin/../lib/gcc/arm-elf/3.4.3/../../../../arm-elf/lib/thumb/libc.a(strlen.o)
                              /cygdrive/c/Program Files/GNUARM/bin/../lib/gcc/arm-elf/3.4.3/../../../../arm-elf/lib/thumb/libc.a(vfprintf.o) (strlen)
/cygdrive/c/Program Files/GNUARM/bin/../lib/gcc/arm-elf/3.4.3/../../../../arm-elf/lib/thumb/libc.a(syscalls.o)
                              /cygdrive/c/Program Files/GNUARM/bin/../lib/gcc/arm-elf/3.4.3/../../../../arm-elf/lib/thumb/libc.a(sbrkr.o) (_sbrk)
/cygdrive/c/Program Files/GNUARM/bin/../lib/gcc/arm-elf/3.4.3/../../../../arm-elf/lib/thumb/libc.a(writer.o)
                              /cygdrive/c/Program Files/GNUARM/bin/../lib/gcc/arm-elf/3.4.3/../../../../arm-elf/lib/thumb/libc.a(stdio.o) (_write_r)
/cygdrive/c/Program Files/GNUARM/bin/../lib/gcc/arm-elf/3.4.3/../../../../arm-elf/lib/thumb/libc.a(callocr.o)
                              /cygdrive/c/Program Files/GNUARM/bin/../lib/gcc/arm-elf/3.4.3/../../../../arm-elf/lib/thumb/libc.a(mprec.o) (_calloc_r)
/cygdrive/c/Program Files/GNUARM/bin/../lib/gcc/arm-elf/3.4.3/../../../../arm-elf/lib/thumb/libc.a(closer.o)
                              /cygdrive/c/Program Files/GNUARM/bin/../lib/gcc/arm-elf/3.4.3/../../../../arm-elf/lib/thumb/libc.a(stdio.o) (_close_r)
/cygdrive/c/Program Files/GNUARM/bin/../lib/gcc/arm-elf/3.4.3/../../../../arm-elf/lib/thumb/libc.a(errno.o)
                              /cygdrive/c/Program Files/GNUARM/bin/../lib/gcc/arm-elf/3.4.3/../../../../arm-elf/lib/thumb/libc.a(syscalls.o) (__errno)
/cygdrive/c/Program Files/GNUARM/bin/../lib/gcc/arm-elf/3.4.3/../../../../arm-elf/lib/thumb/libc.a(fstatr.o)
                              /cygdrive/c/Program Files/GNUARM/bin/../lib/gcc/arm-elf/3.4.3/../../../../arm-elf/lib/thumb/libc.a(makebuf.o) (_fstat_r)
/cygdrive/c/Program Files/GNUARM/bin/../lib/gcc/arm-elf/3.4.3/../../../../arm-elf/lib/thumb/libc.a(lseekr.o)
                              /cygdrive/c/Program Files/GNUARM/bin/../lib/gcc/arm-elf/3.4.3/../../../../arm-elf/lib/thumb/libc.a(stdio.o) (_lseek_r)
/cygdrive/c/Program Files/GNUARM/bin/../lib/gcc/arm-elf/3.4.3/../../../../arm-elf/lib/thumb/libc.a(readr.o)
                              /cygdrive/c/Program Files/GNUARM/bin/../lib/gcc/arm-elf/3.4.3/../../../../arm-elf/lib/thumb/libc.a(stdio.o) (_read_r)
/cygdrive/c/Program Files/GNUARM/bin/../lib/gcc/arm-elf/3.4.3/../../../../arm-elf/lib/thumb/libc.a(reent.o)
                              /cygdrive/c/Program Files/GNUARM/bin/../lib/gcc/arm-elf/3.4.3/../../../../arm-elf/lib/thumb/libc.a(sbrkr.o) (errno)
/cygdrive/c/Program Files/GNUARM/bin/../lib/gcc/arm-elf/3.4.3/thumb/libgcc.a(_modsi3.o)
                              /cygdrive/c/Program Files/GNUARM/bin/../lib/gcc/arm-elf/3.4.3/../../../../arm-elf/lib/thumb/libc.a(vfprintf.o) (__modsi3)
/cygdrive/c/Program Files/GNUARM/bin/../lib/gcc/arm-elf/3.4.3/thumb/libgcc.a(_call_via_rX.o)
                              /cygdrive/c/Program Files/GNUARM/bin/../lib/gcc/arm-elf/3.4.3/../../../../arm-elf/lib/thumb/libc.a(fflush.o) (_call_via_r3)
/cygdrive/c/Program Files/GNUARM/bin/../lib/gcc/arm-elf/3.4.3/thumb/libgcc.a(_addsubdf3.o)
                              /cygdrive/c/Program Files/GNUARM/bin/../lib/gcc/arm-elf/3.4.3/../../../../arm-elf/lib/thumb/libc.a(dtoa.o) (__subdf3)
/cygdrive/c/Program Files/GNUARM/bin/../lib/gcc/arm-elf/3.4.3/thumb/libgcc.a(_muldivdf3.o)
                              /cygdrive/c/Program Files/GNUARM/bin/../lib/gcc/arm-elf/3.4.3/../../../../arm-elf/lib/thumb/libc.a(dtoa.o) (__muldf3)
/cygdrive/c/Program Files/GNUARM/bin/../lib/gcc/arm-elf/3.4.3/thumb/libgcc.a(_cmpdf2.o)
                              /cygdrive/c/Program Files/GNUARM/bin/../lib/gcc/arm-elf/3.4.3/../../../../arm-elf/lib/thumb/libc.a(dtoa.o) (__gtdf2)
/cygdrive/c/Program Files/GNUARM/bin/../lib/gcc/arm-elf/3.4.3/thumb/libgcc.a(_fixdfsi.o)
                              /cygdrive/c/Program Files/GNUARM/bin/../lib/gcc/arm-elf/3.4.3/../../../../arm-elf/lib/thumb/libc.a(dtoa.o) (__fixdfsi)

Allocating common symbols
Common symbol       size              file

errno               0x4               /cygdrive/c/Program Files/GNUARM/bin/../lib/gcc/arm-elf/3.4.3/../../../../arm-elf/lib/thumb/libc.a(reent.o)

Memory Configuration

Name             Origin             Length             Attributes
flash            0x00000000         0x0001e000
ram              0x40000000         0x00010000
*default*        0x00000000         0xffffffff

Linker script and memory map

LOAD ./move_bot.o
LOAD ./Functions.o
LOAD T:/project/PobTools_Qt/final_application\SDK\pobeye\boot.o
LOAD T:/project/PobTools_Qt/final_application\SDK\pobeye\libpob.a
LOAD /cygdrive/c/Program Files/GNUARM/bin/../lib/gcc/arm-elf/3.4.3/../../../../arm-elf/lib/thumb/libm.a
LOAD /cygdrive/c/Program Files/GNUARM/bin/../lib/gcc/arm-elf/3.4.3/thumb/libgcc.a
LOAD /cygdrive/c/Program Files/GNUARM/bin/../lib/gcc/arm-elf/3.4.3/../../../../arm-elf/lib/thumb/libc.a
LOAD /cygdrive/c/Program Files/GNUARM/bin/../lib/gcc/arm-elf/3.4.3/thumb/libgcc.a
                0x4000fffc                __stack_end__ = 0x4000fffc
                0x00000000                . = 0x0

startup         0x00000000       0x20
 *(.startup)
 .startup       0x00000000       0x20 T:/project/PobTools_Qt/final_application\SDK\pobeye\boot.o

prog            0x00000020     0xa724
 *(.text)
 .text          0x00000020      0x114 ./move_bot.o
                0x00000020                main
 .text          0x00000134       0xc8 ./Functions.o
                0x000001f0                MoveBot
                0x00000154                InitAsciiBuffer
                0x00000134                InitPobProto
                0x0000018c                PrintTextOnPobLCD
 .text          0x000001fc       0x84 T:/project/PobTools_Qt/final_application\SDK\pobeye\boot.o
                0x000001fc                _start
                0x000001fc                start
                0x00000264                endless_loop
 .text          0x00000280      0x818 T:/project/PobTools_Qt/final_application\SDK\pobeye\libpob.a(graph.o)
                0x00000280                InitGraphicBuffer
                0x00000704                DrawBitmap
                0x000002d0                PlotAPoint
                0x0000028c                ClearGraphicBuffer
                0x000003b0                DrawLine
                0x00000634                GetBitmapWidth
                0x0000069c                GetBitmapHeight
                0x00000328                DrawComponentInABufferVideo
 .text          0x00000a98      0x23c T:/project/PobTools_Qt/final_application\SDK\pobeye\libpob.a(init.o)
                0x00000a98                _InitPOBEYE_
                0x00000c74                Wait
                0x00000cb8                TimerStop
                0x00000c9c                TimerStart
                0x00000bd4                InitPOBEYE
                0x00000b34                InitPOBEYE2
                0x00000cc8                TimerGet
 .text          0x00000cd4      0xe78 T:/project/PobTools_Qt/final_application\SDK\pobeye\libpob.a(lcd.o)
                0x00000d34                SetPageXYZ
                0x00000cd4                SetLCDIO
                0x00000d0c                SetData
                0x00000cec                TicTac
                0x000014b0                DrawLCD
                0x00000db4                InitLCD
                0x000011e4                DrawRightLCD
                0x00000f20                DrawLeftLCD
 .text          0x00001b4c      0x958 T:/project/PobTools_Qt/final_application\SDK\pobeye\libpob.a(uart.o)
                0x000023c8                printf
                0x00001c9c                SendBufferToUART
                0x00001cc8                GetByteFromUART
                0x000023dc                PrintTextOnPobTerminal
                0x0000241c                PrintComponentOnPobTerminal
                0x00001ce8                GetByteFromUARTNoWait
                0x00001c7c                SendByteToUART
                0x00001b4c                InitUART
                0x00001d08                GetBufferFromUART
 .text          0x000024a4      0xdf4 T:/project/PobTools_Qt/final_application\SDK\pobeye\libpob.a(pob-proto.o)
                0x00002fc0                SwitchTinyOffAllServo
                0x000025ac                GetPinPortA
                0x00002b84                GetPinPortC
                0x000029ac                SetPortD
                0x0000323c                SendTinyEcho
                0x0000277c                SetPinPortA
                0x00002d18                SetTinyPinPortC
                0x00002c7c                SetTinyPortC
                0x00003278                SendToSapien
                0x00002840                GetTinyPortAnalog
                0x00002680                SetPortA
                0x00002b54                GetTinyPortC
                0x000027b4                ClearPinPortA
                0x00002be4                GetTinyPinPortC
                0x00002f04                SetServoMotorFull
                0x0000254c                SetPortDAsServo
                0x00002b00                ClearPinPortD
                0x00002ff8                SwitchTinyOnAllServo
                0x00002560                GetPortA
                0x0000278c                SetTinyPinPortA
                0x00002c5c                SetPortC
                0x000028b4                GetPinPortD
                0x0000310c                SwitchOffOneServoFull
                0x00002e68                SetServoMotor
                0x00002df8                ClearTinyPinPortC
                0x00002cac                SetPinPortC
                0x00003144                SwitchTinyOffOneServoFull
                0x00002fac                SwitchOffAllServo
                0x0000301c                SwitchOffOneServo
                0x00002ac8                SetPinPortD
                0x00003190                SwitchOnOneServoFull
                0x00002d9c                ClearPinPortC
                0x000030c4                SwitchTinyOnOneServo
                0x0000304c                SwitchTinyOffOneServo
                0x00002b10                ClearTinyPinPortD
                0x000024f8                SetPobProto
                0x000024a4                SetTinyPobProto
                0x000029cc                SetTinyPortD
                0x0000260c                GetTinyPinPortA
                0x000031c8                SwitchTinyOnOneServoFull
                0x00002f4c                SetTinyServoMotorFull
                0x00002b38                GetPortC
                0x000027c4                ClearTinyPinPortA
                0x00002884                GetTinyPortD
                0x00002ad8                SetTinyPinPortD
                0x00003214                SendEcho
                0x000027ec                GetPortAnalog
                0x000026a0                SetTinyPortA
                0x00002eac                SetTinyServoMotor
                0x00003094                SwitchOnOneServo
                0x00002868                GetPortD
                0x0000257c                GetTinyPortA
                0x00002924                GetTinyPinPortD
                0x00002fe4                SwitchOnAllServo
 .text          0x00003298      0x918 T:/project/PobTools_Qt/final_application\SDK\pobeye\libpob.a(cam.o)
                0x00003740                GrabGreenFrame
                0x00003638                GrabBlueFrame
                0x00003a18                GrabRGBFrame
                0x000032cc                GetPointerOnHSLFrame
                0x000032b0                GetPointerOnRGBFrame
                0x00003858                GrabRGBFrameXY
                0x000032a8                GetPointerOnGreenBuffer
                0x00003324                InitCam
                0x00003510                GrabRedFrame
                0x000032a0                GetPointerOnBlueBuffer
                0x00003298                GetPointerOnRedBuffer
                0x000032e8                SendToCam
 .text          0x00003bb0      0x204 T:/project/PobTools_Qt/final_application\SDK\pobeye\libpob.a(i2c.o)
                0x00003d58                WriteOnI2C
                0x00003bb0                InitI2C
                0x00003d90                STOPI2C
                0x00003ccc                ReadOnI2C
                0x00003be8                SetI2cSpeed
                0x00003c34                SendSlaveAdress
                0x00003d08                ReadOnI2CWithAck
 .text          0x00003db4      0x15c T:/project/PobTools_Qt/final_application\SDK\pobeye\libpob.a(io-bus.o)
                0x00003dd8                ClrOutput
                0x00003e84                ReadByte
                0x00003dc0                GetInput
                0x00003dcc                SetOutput
                0x00003df8                WriteByte
                0x00003db4                SetIOWay
                0x00003de4                ClrAndSetOuput
 .text          0x00003f10       0x7c /cygdrive/c/Program Files/GNUARM/bin/../lib/gcc/arm-elf/3.4.3/thumb/libgcc.a(_udivsi3.o)
                0x00003f10                __udivsi3
 .text          0x00003f8c       0x94 /cygdrive/c/Program Files/GNUARM/bin/../lib/gcc/arm-elf/3.4.3/thumb/libgcc.a(_divsi3.o)
                0x00003f8c                __divsi3
 .text          0x00004020       0xc8 /cygdrive/c/Program Files/GNUARM/bin/../lib/gcc/arm-elf/3.4.3/thumb/libgcc.a(_umodsi3.o)
                0x00004020                __umodsi3
 .text          0x000040e8        0x4 /cygdrive/c/Program Files/GNUARM/bin/../lib/gcc/arm-elf/3.4.3/thumb/libgcc.a(_dvmd_tls.o)
                0x000040e8                __div0
 .text          0x000040ec       0x80 /cygdrive/c/Program Files/GNUARM/bin/../lib/gcc/arm-elf/3.4.3/../../../../arm-elf/lib/thumb/libc.a(sprintf.o)
                0x000040ec                _sprintf_r
                0x00004128                sprintf
 .text          0x0000416c     0x1764 /cygdrive/c/Program Files/GNUARM/bin/../lib/gcc/arm-elf/3.4.3/../../../../arm-elf/lib/thumb/libc.a(vfprintf.o)
                0x00004188                _vfprintf_r
                0x000058a4                vfprintf
 .text          0x000058d0       0x4c /cygdrive/c/Program Files/GNUARM/bin/../lib/gcc/arm-elf/3.4.3/../../../../arm-elf/lib/thumb/libc.a(wcrtomb.o)
                0x000058d0                _wcrtomb_r
                0x00005900                wcrtomb
 .text          0x0000591c       0xec /cygdrive/c/Program Files/GNUARM/bin/../lib/gcc/arm-elf/3.4.3/../../../../arm-elf/lib/thumb/libc.a(wcsrtombs.o)
                0x0000591c                _wcsrtombs_r
                0x000059e4                wcsrtombs
 .text          0x00005a08      0x2b0 /cygdrive/c/Program Files/GNUARM/bin/../lib/gcc/arm-elf/3.4.3/../../../../arm-elf/lib/thumb/libc.a(wctomb_r.o)
                0x00005a08                _wctomb_r
 .text          0x00005cb8       0xa0 /cygdrive/c/Program Files/GNUARM/bin/../lib/gcc/arm-elf/3.4.3/../../../../arm-elf/lib/thumb/libc.a(wsetup.o)
                0x00005cb8                __swsetup
 .text          0x00005d58      0xe14 /cygdrive/c/Program Files/GNUARM/bin/../lib/gcc/arm-elf/3.4.3/../../../../arm-elf/lib/thumb/libc.a(dtoa.o)
                0x00005eb8                _dtoa_r
 .text          0x00006b6c       0x78 /cygdrive/c/Program Files/GNUARM/bin/../lib/gcc/arm-elf/3.4.3/../../../../arm-elf/lib/thumb/libc.a(fflush.o)
                0x00006b6c                fflush
 .text          0x00006be4      0x158 /cygdrive/c/Program Files/GNUARM/bin/../lib/gcc/arm-elf/3.4.3/../../../../arm-elf/lib/thumb/libc.a(findfp.o)
                0x00006c50                __sinit
                0x00006c1c                __sfmoreglue
                0x00006d2c                _cleanup
                0x00006d1c                _cleanup_r
                0x00006ca4                __sfp
 .text          0x00006d3c      0x264 /cygdrive/c/Program Files/GNUARM/bin/../lib/gcc/arm-elf/3.4.3/../../../../arm-elf/lib/thumb/libc.a(freer.o)
                0x00006dec                _free_r
                0x00006d3c                _malloc_trim_r
 .text          0x00006fa0      0x284 /cygdrive/c/Program Files/GNUARM/bin/../lib/gcc/arm-elf/3.4.3/../../../../arm-elf/lib/thumb/libc.a(fvwrite.o)
                0x00006fa0                __sfvwrite
 .text          0x00007224       0x90 /cygdrive/c/Program Files/GNUARM/bin/../lib/gcc/arm-elf/3.4.3/../../../../arm-elf/lib/thumb/libc.a(fwalk.o)
                0x00007224                _fwalk
 .text          0x000072b4       0x74 /cygdrive/c/Program Files/GNUARM/bin/../lib/gcc/arm-elf/3.4.3/../../../../arm-elf/lib/thumb/libc.a(locale.o)
                0x000072b4                _setlocale_r
                0x000072ec                __locale_charset
                0x000072f8                _localeconv_r
                0x00007300                setlocale
                0x00007318                localeconv
 .text          0x00007328       0xd0 /cygdrive/c/Program Files/GNUARM/bin/../lib/gcc/arm-elf/3.4.3/../../../../arm-elf/lib/thumb/libc.a(makebuf.o)
                0x00007328                __smakebuf
 .text          0x000073f8       0x28 /cygdrive/c/Program Files/GNUARM/bin/../lib/gcc/arm-elf/3.4.3/../../../../arm-elf/lib/thumb/libc.a(malloc.o)
                0x000073f8                malloc
                0x0000740c                free
 .text          0x00007420      0x4a8 /cygdrive/c/Program Files/GNUARM/bin/../lib/gcc/arm-elf/3.4.3/../../../../arm-elf/lib/thumb/libc.a(mallocr.o)
                0x00007420                _malloc_r
 .text          0x000078c8       0x70 /cygdrive/c/Program Files/GNUARM/bin/../lib/gcc/arm-elf/3.4.3/../../../../arm-elf/lib/thumb/libc.a(memchr.o)
                0x000078c8                memchr
 .text          0x00007938       0x54 /cygdrive/c/Program Files/GNUARM/bin/../lib/gcc/arm-elf/3.4.3/../../../../arm-elf/lib/thumb/libc.a(memcpy.o)
                0x00007938                memcpy
 .text          0x0000798c       0x7c /cygdrive/c/Program Files/GNUARM/bin/../lib/gcc/arm-elf/3.4.3/../../../../arm-elf/lib/thumb/libc.a(memmove.o)
                0x0000798c                memmove
 .text          0x00007a08       0x4c /cygdrive/c/Program Files/GNUARM/bin/../lib/gcc/arm-elf/3.4.3/../../../../arm-elf/lib/thumb/libc.a(memset.o)
                0x00007a08                memset
 .text          0x00007a54        0x8 /cygdrive/c/Program Files/GNUARM/bin/../lib/gcc/arm-elf/3.4.3/../../../../arm-elf/lib/thumb/libc.a(mlock.o)
                0x00007a58                __malloc_unlock
                0x00007a54                __malloc_lock
 .text          0x00007a5c      0x870 /cygdrive/c/Program Files/GNUARM/bin/../lib/gcc/arm-elf/3.4.3/../../../../arm-elf/lib/thumb/libc.a(mprec.o)
                0x00008290                _mprec_log10
                0x00007be8                _hi0bits
                0x00007a5c                _Balloc
                0x0000815c                _d2b
                0x00007cb4                _multiply
                0x00008240                _ratio
                0x00007b60                _s2b
                0x00007ca0                _i2b
                0x00007c30                _lo0bits
                0x00007f40                __mcmp
                0x00007e04                _pow5mult
                0x00008060                _ulp
                0x000080ac                _b2d
                0x00007ac4                _multadd
                0x00007f7c                __mdiff
                0x00007ea0                _lshift
                0x00007ab0                _Bfree
 .text          0x000082cc      0x330 /cygdrive/c/Program Files/GNUARM/bin/../lib/gcc/arm-elf/3.4.3/../../../../arm-elf/lib/thumb/libc.a(reallocr.o)
                0x000082cc                _realloc_r
 .text          0x000085fc       0x2c /cygdrive/c/Program Files/GNUARM/bin/../lib/gcc/arm-elf/3.4.3/../../../../arm-elf/lib/thumb/libc.a(s_isinf.o)
                0x000085fc                isinf
 .text          0x00008628       0x24 /cygdrive/c/Program Files/GNUARM/bin/../lib/gcc/arm-elf/3.4.3/../../../../arm-elf/lib/thumb/libc.a(s_isnan.o)
                0x00008628                isnan
 .text          0x0000864c       0x24 /cygdrive/c/Program Files/GNUARM/bin/../lib/gcc/arm-elf/3.4.3/../../../../arm-elf/lib/thumb/libc.a(sbrkr.o)
                0x0000864c                _sbrk_r
 .text          0x00008670       0xc8 /cygdrive/c/Program Files/GNUARM/bin/../lib/gcc/arm-elf/3.4.3/../../../../arm-elf/lib/thumb/libc.a(stdio.o)
                0x000086e8                __sseek
                0x00008670                __sread
                0x00008724                __sclose
                0x000086a4                __swrite
 .text          0x00008738       0x60 /cygdrive/c/Program Files/GNUARM/bin/../lib/gcc/arm-elf/3.4.3/../../../../arm-elf/lib/thumb/libc.a(strcmp.o)
                0x00008738                strcmp
 .text          0x00008798       0x40 /cygdrive/c/Program Files/GNUARM/bin/../lib/gcc/arm-elf/3.4.3/../../../../arm-elf/lib/thumb/libc.a(strlen.o)
                0x00008798                strlen
 .text          0x000087d8      0x514 /cygdrive/c/Program Files/GNUARM/bin/../lib/gcc/arm-elf/3.4.3/../../../../arm-elf/lib/thumb/libc.a(syscalls.o)
                0x00008bdc                _getpid
                0x000088a4                initialise_monitor_handles
                0x00008cc0                isatty
                0x00008c10                _fstat
                0x00008b60                _open
                0x00008be0                _sbrk
                0x00008c74                _raise
                0x00008ca0                _times
                0x00008c30                _stat
                0x00008a58                _lseek
                0x00008c64                _link
                0x00008a64                _swiwrite
                0x00008cdc                _rename
                0x000089d0                _swilseek
                0x00008b74                _swiclose
                0x00008ad4                _swiopen
                0x00008c6c                _unlink
                0x00008a88                _write
                0x00008bc4                _kill
                0x00008c78                _gettimeofday
                0x00008988                _read
                0x00008bb0                _exit
                0x00008cc4                _system
                0x00008964                _swiread
                0x00008ba4                _close
 .text          0x00008cec       0x28 /cygdrive/c/Program Files/GNUARM/bin/../lib/gcc/arm-elf/3.4.3/../../../../arm-elf/lib/thumb/libc.a(writer.o)
                0x00008cec                _write_r
 .text          0x00008d14       0x54 /cygdrive/c/Program Files/GNUARM/bin/../lib/gcc/arm-elf/3.4.3/../../../../arm-elf/lib/thumb/libc.a(callocr.o)
                0x00008d14                _calloc_r
 .text          0x00008d68       0x24 /cygdrive/c/Program Files/GNUARM/bin/../lib/gcc/arm-elf/3.4.3/../../../../arm-elf/lib/thumb/libc.a(closer.o)
                0x00008d68                _close_r
 .text          0x00008d8c        0xc /cygdrive/c/Program Files/GNUARM/bin/../lib/gcc/arm-elf/3.4.3/../../../../arm-elf/lib/thumb/libc.a(errno.o)
                0x00008d8c                __errno
 .text          0x00008d98       0x28 /cygdrive/c/Program Files/GNUARM/bin/../lib/gcc/arm-elf/3.4.3/../../../../arm-elf/lib/thumb/libc.a(fstatr.o)
                0x00008d98                _fstat_r
 .text          0x00008dc0       0x28 /cygdrive/c/Program Files/GNUARM/bin/../lib/gcc/arm-elf/3.4.3/../../../../arm-elf/lib/thumb/libc.a(lseekr.o)
                0x00008dc0                _lseek_r
 .text          0x00008de8       0x28 /cygdrive/c/Program Files/GNUARM/bin/../lib/gcc/arm-elf/3.4.3/../../../../arm-elf/lib/thumb/libc.a(readr.o)
                0x00008de8                _read_r
 .text          0x00008e10      0x100 /cygdrive/c/Program Files/GNUARM/bin/../lib/gcc/arm-elf/3.4.3/../../../../arm-elf/lib/thumb/libc.a(reent.o)
                0x00008e10                cleanup_glue
                0x00008e2c                _reclaim_reent
                0x00008ec4                _wrapup_reent
 .text          0x00008f10       0xd8 /cygdrive/c/Program Files/GNUARM/bin/../lib/gcc/arm-elf/3.4.3/thumb/libgcc.a(_modsi3.o)
                0x00008f10                __modsi3
 .text          0x00008fe8       0x3c /cygdrive/c/Program Files/GNUARM/bin/../lib/gcc/arm-elf/3.4.3/thumb/libgcc.a(_call_via_rX.o)
                0x00008ff0                _call_via_r2
                0x00009000                _call_via_r6
                0x00008ffc                _call_via_r5
                0x00008ff4                _call_via_r3
                0x00009014                _call_via_fp
                0x00009008                _call_via_r8
                0x00009004                _call_via_r7
                0x00008fe8                _call_via_r0
                0x00009010                _call_via_sl
                0x0000901c                _call_via_sp
                0x0000900c                _call_via_r9
                0x00008ff8                _call_via_r4
                0x00008fec                _call_via_r1
                0x00009018                _call_via_ip
                0x00009020                _call_via_lr
 .text          0x00009024      0x3c0 /cygdrive/c/Program Files/GNUARM/bin/../lib/gcc/arm-elf/3.4.3/thumb/libgcc.a(_addsubdf3.o)
                0x00009364                __floatsidf
                0x00009394                __extendsfdf2
                0x00009030                __adddf3
                0x00009338                __floatunsidf
                0x00009024                __subdf3
 .text          0x000093e4      0x4f4 /cygdrive/c/Program Files/GNUARM/bin/../lib/gcc/arm-elf/3.4.3/thumb/libgcc.a(_muldivdf3.o)
                0x00009660                __divdf3
                0x000093e4                __muldf3
 .text          0x000098d8       0xc0 /cygdrive/c/Program Files/GNUARM/bin/../lib/gcc/arm-elf/3.4.3/thumb/libgcc.a(_cmpdf2.o)
                0x000098f0                __cmpdf2
                0x000098f0                __eqdf2
                0x000098d8                __gtdf2
                0x000098e4                __ltdf2
                0x000098e4                __ledf2
                0x000098f0                __nedf2
                0x000098d8                __gedf2
 .text          0x00009998       0x84 /cygdrive/c/Program Files/GNUARM/bin/../lib/gcc/arm-elf/3.4.3/thumb/libgcc.a(_fixdfsi.o)
                0x00009998                __fixdfsi
 *(.rodata)
 .rodata        0x00009a1c      0x808 ./Functions.o
                0x00009a1c                bitmap
 .rodata        0x0000a224      0x168 T:/project/PobTools_Qt/final_application\SDK\pobeye\libpob.a(pob-proto.o)
 .rodata        0x0000a38c      0x184 /cygdrive/c/Program Files/GNUARM/bin/../lib/gcc/arm-elf/3.4.3/../../../../arm-elf/lib/thumb/libc.a(vfprintf.o)
 .rodata        0x0000a510       0x18 /cygdrive/c/Program Files/GNUARM/bin/../lib/gcc/arm-elf/3.4.3/../../../../arm-elf/lib/thumb/libc.a(dtoa.o)
 .rodata        0x0000a528       0x30 /cygdrive/c/Program Files/GNUARM/bin/../lib/gcc/arm-elf/3.4.3/../../../../arm-elf/lib/thumb/libc.a(locale.o)
 .rodata        0x0000a558      0x124 /cygdrive/c/Program Files/GNUARM/bin/../lib/gcc/arm-elf/3.4.3/../../../../arm-elf/lib/thumb/libc.a(mprec.o)
                0x0000a558                __mprec_tinytens
                0x0000a5a8                __mprec_tens
                0x0000a580                __mprec_bigtens
 *(.rodata*)
 .rodata.str1.4
                0x0000a67c       0x1d ./move_bot.o
                                 0x20 (size before relaxing)
 *fill*         0x0000a699        0x3 00
 .rodata.str1.4
                0x0000a69c        0x7 T:/project/PobTools_Qt/final_application\SDK\pobeye\libpob.a(uart.o)
                                  0x8 (size before relaxing)
 *fill*         0x0000a6a3        0x1 00
 .rodata.str1.4
                0x0000a6a4       0x54 /cygdrive/c/Program Files/GNUARM/bin/../lib/gcc/arm-elf/3.4.3/../../../../arm-elf/lib/thumb/libc.a(vfprintf.o)
                                 0x5c (size before relaxing)
 .rodata.str1.4
                0x0000a6f8       0x1e /cygdrive/c/Program Files/GNUARM/bin/../lib/gcc/arm-elf/3.4.3/../../../../arm-elf/lib/thumb/libc.a(wctomb_r.o)
                                 0x20 (size before relaxing)
 *fill*         0x0000a716        0x2 00
 .rodata.str1.4
                0x0000a718        0x9 /cygdrive/c/Program Files/GNUARM/bin/../lib/gcc/arm-elf/3.4.3/../../../../arm-elf/lib/thumb/libc.a(dtoa.o)
                                 0x14 (size before relaxing)
 *fill*         0x0000a721        0x3 00
 .rodata.str1.4
                0x0000a724        0x2 /cygdrive/c/Program Files/GNUARM/bin/../lib/gcc/arm-elf/3.4.3/../../../../arm-elf/lib/thumb/libc.a(impure.o)
                                  0x4 (size before relaxing)
 *fill*         0x0000a726        0x2 00
 .rodata.str1.4
                0x0000a728        0xb /cygdrive/c/Program Files/GNUARM/bin/../lib/gcc/arm-elf/3.4.3/../../../../arm-elf/lib/thumb/libc.a(locale.o)
                                 0x18 (size before relaxing)
 *fill*         0x0000a733        0x1 00
 .rodata.str1.4
                0x0000a734        0x4 /cygdrive/c/Program Files/GNUARM/bin/../lib/gcc/arm-elf/3.4.3/../../../../arm-elf/lib/thumb/libc.a(syscalls.o)
 *(.glue_7)
 .glue_7        0x0000a738        0xc /cygdrive/c/Program Files/GNUARM/bin/../lib/gcc/arm-elf/3.4.3/thumb/libgcc.a(_fixdfsi.o)
                0x0000a738                __main_from_arm
 *(.glue_7t)
                0x0000a744                __end_of_text__ = .

.data           0x40000000      0x7a8 load address 0x0000a744
                0x40000000                __data_beg__ = .
                0x0000a744                __data_beg_src__ = __end_of_text__
 *(.data)
 .data          0x40000000        0x1 T:/project/PobTools_Qt/final_application\SDK\pobeye\libpob.a(pob-proto.o)
 *fill*         0x40000001        0x3 00
 .data          0x40000004      0x380 /cygdrive/c/Program Files/GNUARM/bin/../lib/gcc/arm-elf/3.4.3/../../../../arm-elf/lib/thumb/libc.a(impure.o)
                0x40000004                _impure_ptr
 .data          0x40000384       0x14 /cygdrive/c/Program Files/GNUARM/bin/../lib/gcc/arm-elf/3.4.3/../../../../arm-elf/lib/thumb/libc.a(locale.o)
                0x40000390                __mb_cur_max
                0x40000384                __lc_ctype
 .data          0x40000398      0x410 /cygdrive/c/Program Files/GNUARM/bin/../lib/gcc/arm-elf/3.4.3/../../../../arm-elf/lib/thumb/libc.a(mallocr.o)
                0x40000398                __malloc_sbrk_base
                0x400003a0                __malloc_av_
                0x4000039c                __malloc_trim_threshold
                0x400007a8                __data_end__ = .

.bss            0x400007a8     0x84dc
                0x400007a8                __bss_beg__ = .
 *(.bss)
 .bss           0x400007a8      0x808 ./Functions.o
 .bss           0x40000fb0        0x1 T:/project/PobTools_Qt/final_application\SDK\pobeye\libpob.a(pob-proto.o)
 *fill*         0x40000fb1        0x3 00
 .bss           0x40000fb4     0x7bd4 T:/project/PobTools_Qt/final_application\SDK\pobeye\libpob.a(cam.o)
 .bss           0x40008b88        0x4 /cygdrive/c/Program Files/GNUARM/bin/../lib/gcc/arm-elf/3.4.3/../../../../arm-elf/lib/thumb/libc.a(findfp.o)
 .bss           0x40008b8c        0xc /cygdrive/c/Program Files/GNUARM/bin/../lib/gcc/arm-elf/3.4.3/../../../../arm-elf/lib/thumb/libc.a(locale.o)
                0x40008b94                __nlocale_changed
                0x40008b90                __mlocale_changed
                0x40008b8c                _PathLocale
 .bss           0x40008b98       0x34 /cygdrive/c/Program Files/GNUARM/bin/../lib/gcc/arm-elf/3.4.3/../../../../arm-elf/lib/thumb/libc.a(mallocr.o)
                0x40008bc8                __malloc_top_pad
                0x40008bc4                __malloc_max_sbrked_mem
                0x40008b98                __malloc_current_mallinfo
                0x40008bc0                __malloc_max_total_mem
 .bss           0x40008bcc       0xb4 /cygdrive/c/Program Files/GNUARM/bin/../lib/gcc/arm-elf/3.4.3/../../../../arm-elf/lib/thumb/libc.a(syscalls.o)
 COMMON         0x40008c80        0x4 /cygdrive/c/Program Files/GNUARM/bin/../lib/gcc/arm-elf/3.4.3/../../../../arm-elf/lib/thumb/libc.a(reent.o)
                                  0x0 (size before relaxing)
                0x40008c80                errno
                0x40008c84                . = ALIGN (0x4)
                0x40008c84                . = ALIGN (0x4)
                0x40008c84                _end = .
                0x40008c84                _bss_end__ = .
                0x40008c84                __bss_end__ = .
                0x40008c84                __end__ = .
                0x40008c84                PROVIDE (end, .)
                0x00000264                PROVIDE (undefined_instruction_exception, endless_loop)
                0x00000264                PROVIDE (software_interrupt_exception, endless_loop)
                0x00000264                PROVIDE (prefetch_abort_exception, endless_loop)
                0x00000264                PROVIDE (data_abort_exception, endless_loop)
                0x00000264                PROVIDE (reserved_exception, endless_loop)
                0x00000264                PROVIDE (interrupt_exception, endless_loop)
                0x00000264                PROVIDE (fast_interrupt_exception, endless_loop)
                0xe002c000                PROVIDE (PINSEL0, 0xe002c000)
                0xe0028008                PROVIDE (IODIR, 0xe0028008)
                0xe002800c                PROVIDE (IOCLR, 0xe002800c)
                0xe0028004                PROVIDE (IOSET, 0xe0028004)
                0xe000c000                PROVIDE (U0RBR, 0xe000c000)
                0xe000c000                PROVIDE (U0THR, 0xe000c000)
                0xe000c004                PROVIDE (U0IER, 0xe000c004)
                0xe000c008                PROVIDE (U0IIR, 0xe000c008)
                0xe000c008                PROVIDE (U0FCR, 0xe000c008)
                0xe000c00c                PROVIDE (U0LCR, 0xe000c00c)
                0xe000c014                PROVIDE (U0LSR, 0xe000c014)
                0xe000c01c                PROVIDE (U0SCR, 0xe000c01c)
                0xe000c000                PROVIDE (U0DLL, 0xe000c000)
                0xe000c004                PROVIDE (U0DLM, 0xe000c004)
                0xe0010000                PROVIDE (U1RBR, 0xe0010000)
                0xe0010000                PROVIDE (U1THR, 0xe0010000)
                0xe0010004                PROVIDE (U1IER, 0xe0010004)
                0xe0010008                PROVIDE (U1IIR, 0xe0010008)
                0xe0010008                PROVIDE (U1FCR, 0xe0010008)
                0xe001000c                PROVIDE (U1LCR, 0xe001000c)
                0xe0010014                PROVIDE (U1LSR, 0xe0010014)
                0xe001001c                PROVIDE (U1SCR, 0xe001001c)
                0xe0010000                PROVIDE (U1DLL, 0xe0010000)
                0xe0010004                PROVIDE (U1DLM, 0xe0010004)
                0xe01fc080                PROVIDE (PLLCON, 0xe01fc080)
                0xe01fc084                PROVIDE (PLLCFG, 0xe01fc084)
                0xe01fc088                PROVIDE (PLLSTAT, 0xe01fc088)
                0xe01fc08c                PROVIDE (PLLFEED, 0xe01fc08c)
                0xe01fc000                PROVIDE (MAMCR, 0xe01fc000)
                0xe01fc004                PROVIDE (MAMTIM, 0xe01fc004)
                0xe01fc100                PROVIDE (VPBDIV, 0xe01fc100)
                0xe0004000                PROVIDE (T0IR, 0xe0004000)
                0xe0004004                PROVIDE (T0TCR, 0xe0004004)
                0xe0004008                PROVIDE (T0TC, 0xe0004008)
                0xe000400c                PROVIDE (T0PR, 0xe000400c)
                0xe0004010                PROVIDE (T0PC, 0xe0004010)
                0xe0004014                PROVIDE (T0MCR, 0xe0004014)
                0xe0004018                PROVIDE (T0MR0, 0xe0004018)
                0xe000401c                PROVIDE (T0MR1, 0xe000401c)
                0xe0004020                PROVIDE (T0MR2, 0xe0004020)
                0xe0004024                PROVIDE (T0MR3, 0xe0004024)
                0xe0004028                PROVIDE (T0CCR, 0xe0004028)
                0xe000402c                PROVIDE (T0CR0, 0xe000402c)
                0xe0004030                PROVIDE (T0CR1, 0xe0004030)
                0xe0004034                PROVIDE (T0CR2, 0xe0004034)
                0xe000403c                PROVIDE (T0EMR, 0xe000403c)
                0x3fffc014                PROVIDE (GPIO_IOPIN, 0x3fffc014)
                0x3fffc018                PROVIDE (GPIO_IOSET, 0x3fffc018)
                0x3fffc000                PROVIDE (GPIO_IODIR, 0x3fffc000)
                0x3fffc01c                PROVIDE (GPIO_IOCLR, 0x3fffc01c)
                0x3fffc014                PROVIDE (POB_IO, 0x3fffc014)
                0x3fffc000                PROVIDE (POB_IODIR, 0x3fffc000)
                0x3fffc018                PROVIDE (POB_IOSET, 0x3fffc018)
                0x3fffc01c                PROVIDE (POB_IOCLR, 0x3fffc01c)
                0xe01fc1a0                PROVIDE (SCS, 0xe01fc1a0)
OUTPUT(./move_bot.elf elf32-littlearm)

.comment        0x00000000      0x372
 .comment       0x00000000       0x12 ./move_bot.o
 .comment       0x00000012       0x12 ./Functions.o
 .comment       0x00000024       0x12 T:/project/PobTools_Qt/final_application\SDK\pobeye\libpob.a(graph.o)
 .comment       0x00000036       0x12 T:/project/PobTools_Qt/final_application\SDK\pobeye\libpob.a(init.o)
 .comment       0x00000048       0x12 T:/project/PobTools_Qt/final_application\SDK\pobeye\libpob.a(lcd.o)
 .comment       0x0000005a       0x12 T:/project/PobTools_Qt/final_application\SDK\pobeye\libpob.a(uart.o)
 .comment       0x0000006c       0x12 T:/project/PobTools_Qt/final_application\SDK\pobeye\libpob.a(pob-proto.o)
 .comment       0x0000007e       0x12 T:/project/PobTools_Qt/final_application\SDK\pobeye\libpob.a(cam.o)
 .comment       0x00000090       0x12 T:/project/PobTools_Qt/final_application\SDK\pobeye\libpob.a(i2c.o)
 .comment       0x000000a2       0x12 T:/project/PobTools_Qt/final_application\SDK\pobeye\libpob.a(io-bus.o)
 .comment       0x000000b4       0x12 /cygdrive/c/Program Files/GNUARM/bin/../lib/gcc/arm-elf/3.4.3/../../../../arm-elf/lib/thumb/libc.a(sprintf.o)
 .comment       0x000000c6       0x12 /cygdrive/c/Program Files/GNUARM/bin/../lib/gcc/arm-elf/3.4.3/../../../../arm-elf/lib/thumb/libc.a(vfprintf.o)
 .comment       0x000000d8       0x12 /cygdrive/c/Program Files/GNUARM/bin/../lib/gcc/arm-elf/3.4.3/../../../../arm-elf/lib/thumb/libc.a(wcrtomb.o)
 .comment       0x000000ea       0x12 /cygdrive/c/Program Files/GNUARM/bin/../lib/gcc/arm-elf/3.4.3/../../../../arm-elf/lib/thumb/libc.a(wcsrtombs.o)
 .comment       0x000000fc       0x12 /cygdrive/c/Program Files/GNUARM/bin/../lib/gcc/arm-elf/3.4.3/../../../../arm-elf/lib/thumb/libc.a(wctomb_r.o)
 .comment       0x0000010e       0x12 /cygdrive/c/Program Files/GNUARM/bin/../lib/gcc/arm-elf/3.4.3/../../../../arm-elf/lib/thumb/libc.a(wsetup.o)
 .comment       0x00000120       0x12 /cygdrive/c/Program Files/GNUARM/bin/../lib/gcc/arm-elf/3.4.3/../../../../arm-elf/lib/thumb/libc.a(dtoa.o)
 .comment       0x00000132       0x12 /cygdrive/c/Program Files/GNUARM/bin/../lib/gcc/arm-elf/3.4.3/../../../../arm-elf/lib/thumb/libc.a(fflush.o)
 .comment       0x00000144       0x12 /cygdrive/c/Program Files/GNUARM/bin/../lib/gcc/arm-elf/3.4.3/../../../../arm-elf/lib/thumb/libc.a(findfp.o)
 .comment       0x00000156       0x12 /cygdrive/c/Program Files/GNUARM/bin/../lib/gcc/arm-elf/3.4.3/../../../../arm-elf/lib/thumb/libc.a(freer.o)
 .comment       0x00000168       0x12 /cygdrive/c/Program Files/GNUARM/bin/../lib/gcc/arm-elf/3.4.3/../../../../arm-elf/lib/thumb/libc.a(fvwrite.o)
 .comment       0x0000017a       0x12 /cygdrive/c/Program Files/GNUARM/bin/../lib/gcc/arm-elf/3.4.3/../../../../arm-elf/lib/thumb/libc.a(fwalk.o)
 .comment       0x0000018c       0x12 /cygdrive/c/Program Files/GNUARM/bin/../lib/gcc/arm-elf/3.4.3/../../../../arm-elf/lib/thumb/libc.a(impure.o)
 .comment       0x0000019e       0x12 /cygdrive/c/Program Files/GNUARM/bin/../lib/gcc/arm-elf/3.4.3/../../../../arm-elf/lib/thumb/libc.a(locale.o)
 .comment       0x000001b0       0x12 /cygdrive/c/Program Files/GNUARM/bin/../lib/gcc/arm-elf/3.4.3/../../../../arm-elf/lib/thumb/libc.a(makebuf.o)
 .comment       0x000001c2       0x12 /cygdrive/c/Program Files/GNUARM/bin/../lib/gcc/arm-elf/3.4.3/../../../../arm-elf/lib/thumb/libc.a(malloc.o)
 .comment       0x000001d4       0x12 /cygdrive/c/Program Files/GNUARM/bin/../lib/gcc/arm-elf/3.4.3/../../../../arm-elf/lib/thumb/libc.a(mallocr.o)
 .comment       0x000001e6       0x12 /cygdrive/c/Program Files/GNUARM/bin/../lib/gcc/arm-elf/3.4.3/../../../../arm-elf/lib/thumb/libc.a(memchr.o)
 .comment       0x000001f8       0x12 /cygdrive/c/Program Files/GNUARM/bin/../lib/gcc/arm-elf/3.4.3/../../../../arm-elf/lib/thumb/libc.a(memcpy.o)
 .comment       0x0000020a       0x12 /cygdrive/c/Program Files/GNUARM/bin/../lib/gcc/arm-elf/3.4.3/../../../../arm-elf/lib/thumb/libc.a(memmove.o)
 .comment       0x0000021c       0x12 /cygdrive/c/Program Files/GNUARM/bin/../lib/gcc/arm-elf/3.4.3/../../../../arm-elf/lib/thumb/libc.a(memset.o)
 .comment       0x0000022e       0x12 /cygdrive/c/Program Files/GNUARM/bin/../lib/gcc/arm-elf/3.4.3/../../../../arm-elf/lib/thumb/libc.a(mlock.o)
 .comment       0x00000240       0x12 /cygdrive/c/Program Files/GNUARM/bin/../lib/gcc/arm-elf/3.4.3/../../../../arm-elf/lib/thumb/libc.a(mprec.o)
 .comment       0x00000252       0x12 /cygdrive/c/Program Files/GNUARM/bin/../lib/gcc/arm-elf/3.4.3/../../../../arm-elf/lib/thumb/libc.a(reallocr.o)
 .comment       0x00000264       0x12 /cygdrive/c/Program Files/GNUARM/bin/../lib/gcc/arm-elf/3.4.3/../../../../arm-elf/lib/thumb/libc.a(s_isinf.o)
 .comment       0x00000276       0x12 /cygdrive/c/Program Files/GNUARM/bin/../lib/gcc/arm-elf/3.4.3/../../../../arm-elf/lib/thumb/libc.a(s_isnan.o)
 .comment       0x00000288       0x12 /cygdrive/c/Program Files/GNUARM/bin/../lib/gcc/arm-elf/3.4.3/../../../../arm-elf/lib/thumb/libc.a(sbrkr.o)
 .comment       0x0000029a       0x12 /cygdrive/c/Program Files/GNUARM/bin/../lib/gcc/arm-elf/3.4.3/../../../../arm-elf/lib/thumb/libc.a(stdio.o)
 .comment       0x000002ac       0x12 /cygdrive/c/Program Files/GNUARM/bin/../lib/gcc/arm-elf/3.4.3/../../../../arm-elf/lib/thumb/libc.a(strcmp.o)
 .comment       0x000002be       0x12 /cygdrive/c/Program Files/GNUARM/bin/../lib/gcc/arm-elf/3.4.3/../../../../arm-elf/lib/thumb/libc.a(strlen.o)
 .comment       0x000002d0       0x12 /cygdrive/c/Program Files/GNUARM/bin/../lib/gcc/arm-elf/3.4.3/../../../../arm-elf/lib/thumb/libc.a(syscalls.o)
 .comment       0x000002e2       0x12 /cygdrive/c/Program Files/GNUARM/bin/../lib/gcc/arm-elf/3.4.3/../../../../arm-elf/lib/thumb/libc.a(writer.o)
 .comment       0x000002f4       0x12 /cygdrive/c/Program Files/GNUARM/bin/../lib/gcc/arm-elf/3.4.3/../../../../arm-elf/lib/thumb/libc.a(callocr.o)
 .comment       0x00000306       0x12 /cygdrive/c/Program Files/GNUARM/bin/../lib/gcc/arm-elf/3.4.3/../../../../arm-elf/lib/thumb/libc.a(closer.o)
 .comment       0x00000318       0x12 /cygdrive/c/Program Files/GNUARM/bin/../lib/gcc/arm-elf/3.4.3/../../../../arm-elf/lib/thumb/libc.a(errno.o)
 .comment       0x0000032a       0x12 /cygdrive/c/Program Files/GNUARM/bin/../lib/gcc/arm-elf/3.4.3/../../../../arm-elf/lib/thumb/libc.a(fstatr.o)
 .comment       0x0000033c       0x12 /cygdrive/c/Program Files/GNUARM/bin/../lib/gcc/arm-elf/3.4.3/../../../../arm-elf/lib/thumb/libc.a(lseekr.o)
 .comment       0x0000034e       0x12 /cygdrive/c/Program Files/GNUARM/bin/../lib/gcc/arm-elf/3.4.3/../../../../arm-elf/lib/thumb/libc.a(readr.o)
 .comment       0x00000360       0x12 /cygdrive/c/Program Files/GNUARM/bin/../lib/gcc/arm-elf/3.4.3/../../../../arm-elf/lib/thumb/libc.a(reent.o)

.debug_line

.debug_info

.debug_abbrev

.debug_aranges

.debug_frame

.debug_pubnames

.debug_str

.debug_ranges
