Archive member included because of file (symbol)

C:/Program Files/POB-Technology/POBTOOLS-BETA\sdk\pobeye\libpob.a(graph.o)
                              ./form_recognition_and_print.o (InitGraphicBuffer)
C:/Program Files/POB-Technology/POBTOOLS-BETA\sdk\pobeye\libpob.a(init.o)
                              ./form_recognition_and_print.o (InitPOBEYE)
C:/Program Files/POB-Technology/POBTOOLS-BETA\sdk\pobeye\libpob.a(lcd.o)
                              ./form_recognition_and_print.o (InitLCD)
C:/Program Files/POB-Technology/POBTOOLS-BETA\sdk\pobeye\libpob.a(uart.o)
                              C:/Program Files/POB-Technology/POBTOOLS-BETA\sdk\pobeye\libpob.a(init.o) (InitUART)
C:/Program Files/POB-Technology/POBTOOLS-BETA\sdk\pobeye\libpob.a(visio.o)
                              ./form_recognition_and_print.o (BinaryRGBFrame)
C:/Program Files/POB-Technology/POBTOOLS-BETA\sdk\pobeye\libpob.a(cam.o)
                              ./form_recognition_and_print.o (GetPointerOnRGBFrame)
C:/Program Files/POB-Technology/POBTOOLS-BETA\sdk\pobeye\libpob.a(i2c.o)
                              C:/Program Files/POB-Technology/POBTOOLS-BETA\sdk\pobeye\libpob.a(init.o) (InitI2C)
C:/Program Files/POB-Technology/POBTOOLS-BETA\sdk\pobeye\libpob.a(io-bus.o)
                              C:/Program Files/POB-Technology/POBTOOLS-BETA\sdk\pobeye\libpob.a(lcd.o) (SetIOWay)
/cygdrive/c/Program Files/GNUARM/bin/../lib/gcc/arm-elf/3.4.3/thumb/libgcc.a(_udivsi3.o)
                              C:/Program Files/POB-Technology/POBTOOLS-BETA\sdk\pobeye\libpob.a(uart.o) (__udivsi3)
/cygdrive/c/Program Files/GNUARM/bin/../lib/gcc/arm-elf/3.4.3/thumb/libgcc.a(_divsi3.o)
                              C:/Program Files/POB-Technology/POBTOOLS-BETA\sdk\pobeye\libpob.a(graph.o) (__divsi3)
/cygdrive/c/Program Files/GNUARM/bin/../lib/gcc/arm-elf/3.4.3/thumb/libgcc.a(_umodsi3.o)
                              C:/Program Files/POB-Technology/POBTOOLS-BETA\sdk\pobeye\libpob.a(uart.o) (__umodsi3)
/cygdrive/c/Program Files/GNUARM/bin/../lib/gcc/arm-elf/3.4.3/thumb/libgcc.a(_dvmd_tls.o)
                              /cygdrive/c/Program Files/GNUARM/bin/../lib/gcc/arm-elf/3.4.3/thumb/libgcc.a(_udivsi3.o) (__div0)
/cygdrive/c/Program Files/GNUARM/bin/../lib/gcc/arm-elf/3.4.3/thumb/libgcc.a(_addsubdf3.o)
                              C:/Program Files/POB-Technology/POBTOOLS-BETA\sdk\pobeye\libpob.a(visio.o) (__floatsidf)
/cygdrive/c/Program Files/GNUARM/bin/../lib/gcc/arm-elf/3.4.3/thumb/libgcc.a(_muldivdf3.o)
                              C:/Program Files/POB-Technology/POBTOOLS-BETA\sdk\pobeye\libpob.a(visio.o) (__muldf3)
/cygdrive/c/Program Files/GNUARM/bin/../lib/gcc/arm-elf/3.4.3/thumb/libgcc.a(_truncdfsf2.o)
                              C:/Program Files/POB-Technology/POBTOOLS-BETA\sdk\pobeye\libpob.a(visio.o) (__truncdfsf2)
/cygdrive/c/Program Files/GNUARM/bin/../lib/gcc/arm-elf/3.4.3/thumb/libgcc.a(_addsubsf3.o)
                              C:/Program Files/POB-Technology/POBTOOLS-BETA\sdk\pobeye\libpob.a(visio.o) (__addsf3)
/cygdrive/c/Program Files/GNUARM/bin/../lib/gcc/arm-elf/3.4.3/thumb/libgcc.a(_muldivsf3.o)
                              C:/Program Files/POB-Technology/POBTOOLS-BETA\sdk\pobeye\libpob.a(visio.o) (__mulsf3)
/cygdrive/c/Program Files/GNUARM/bin/../lib/gcc/arm-elf/3.4.3/thumb/libgcc.a(_fixunssfsi.o)
                              C:/Program Files/POB-Technology/POBTOOLS-BETA\sdk\pobeye\libpob.a(visio.o) (__fixunssfsi)

Memory Configuration

Name             Origin             Length             Attributes
flash            0x00000000         0x0001e000
ram              0x40000000         0x00010000
*default*        0x00000000         0xffffffff

Linker script and memory map

LOAD ./form_recognition_and_print.o
LOAD C:/Program Files/POB-Technology/POBTOOLS-BETA\sdk\pobeye\boot.o
LOAD C:/Program Files/POB-Technology/POBTOOLS-BETA\sdk\pobeye\libpob.a
LOAD /cygdrive/c/Program Files/GNUARM/bin/../lib/gcc/arm-elf/3.4.3/../../../../arm-elf/lib/thumb/libm.a
LOAD /cygdrive/c/Program Files/GNUARM/bin/../lib/gcc/arm-elf/3.4.3/thumb/libgcc.a
LOAD /cygdrive/c/Program Files/GNUARM/bin/../lib/gcc/arm-elf/3.4.3/../../../../arm-elf/lib/thumb/libc.a
LOAD /cygdrive/c/Program Files/GNUARM/bin/../lib/gcc/arm-elf/3.4.3/thumb/libgcc.a
                0x4000fffc                __stack_end__ = 0x4000fffc
                0x00000000                . = 0x0

startup         0x00000000       0x20
 *(.startup)
 .startup       0x00000000       0x20 C:/Program Files/POB-Technology/POBTOOLS-BETA\sdk\pobeye\boot.o

prog            0x00000020     0x86c0
 *(.text)
 .text          0x00000020      0x180 ./form_recognition_and_print.o
                0x00000020                main
 .text          0x000001a0       0x84 C:/Program Files/POB-Technology/POBTOOLS-BETA\sdk\pobeye\boot.o
                0x000001a0                _start
                0x000001a0                start
                0x00000208                endless_loop
 .text          0x00000224      0x818 C:/Program Files/POB-Technology/POBTOOLS-BETA\sdk\pobeye\libpob.a(graph.o)
                0x00000224                InitGraphicBuffer
                0x000006a8                DrawBitmap
                0x00000274                PlotAPoint
                0x00000230                ClearGraphicBuffer
                0x00000354                DrawLine
                0x000005d8                GetBitmapWidth
                0x00000640                GetBitmapHeight
                0x000002cc                DrawComponentInABufferVideo
 .text          0x00000a3c      0x23c C:/Program Files/POB-Technology/POBTOOLS-BETA\sdk\pobeye\libpob.a(init.o)
                0x00000a3c                _InitPOBEYE_
                0x00000c18                Wait
                0x00000c5c                TimerStop
                0x00000c40                TimerStart
                0x00000b78                InitPOBEYE
                0x00000ad8                InitPOBEYE2
                0x00000c6c                TimerGet
 .text          0x00000c78      0xe78 C:/Program Files/POB-Technology/POBTOOLS-BETA\sdk\pobeye\libpob.a(lcd.o)
                0x00000cd8                SetPageXYZ
                0x00000c78                SetLCDIO
                0x00000cb0                SetData
                0x00000c90                TicTac
                0x00001454                DrawLCD
                0x00000d58                InitLCD
                0x00001188                DrawRightLCD
                0x00000ec4                DrawLeftLCD
 .text          0x00001af0      0x958 C:/Program Files/POB-Technology/POBTOOLS-BETA\sdk\pobeye\libpob.a(uart.o)
                0x0000236c                printf
                0x00001c40                SendBufferToUART
                0x00001c6c                GetByteFromUART
                0x00002380                PrintTextOnPobTerminal
                0x000023c0                PrintComponentOnPobTerminal
                0x00001c8c                GetByteFromUARTNoWait
                0x00001c20                SendByteToUART
                0x00001af0                InitUART
                0x00001cac                GetBufferFromUART
 .text          0x00002448      0xfa0 C:/Program Files/POB-Technology/POBTOOLS-BETA\sdk\pobeye\libpob.a(visio.o)
                0x00002504                GetHSLFrame
                0x00002448                BinaryRGBFrame
                0x00002f20                TestPattern
                0x00002c68                FindFormWithDistance
                0x000028f0                CutForm
                0x0000323c                IdentifyForm
                0x000027d0                Square
                0x00002d98                FindFormWithCadrige
                0x000027a4                GrayAPixel
                0x00002e2c                DrawVec
                0x00002758                GrayRGBFrame
 .text          0x000033e8      0x918 C:/Program Files/POB-Technology/POBTOOLS-BETA\sdk\pobeye\libpob.a(cam.o)
                0x00003890                GrabGreenFrame
                0x00003788                GrabBlueFrame
                0x00003b68                GrabRGBFrame
                0x0000341c                GetPointerOnHSLFrame
                0x00003400                GetPointerOnRGBFrame
                0x000039a8                GrabRGBFrameXY
                0x000033f8                GetPointerOnGreenBuffer
                0x00003474                InitCam
                0x00003660                GrabRedFrame
                0x000033f0                GetPointerOnBlueBuffer
                0x000033e8                GetPointerOnRedBuffer
                0x00003438                SendToCam
 .text          0x00003d00      0x204 C:/Program Files/POB-Technology/POBTOOLS-BETA\sdk\pobeye\libpob.a(i2c.o)
                0x00003ea8                WriteOnI2C
                0x00003d00                InitI2C
                0x00003ee0                STOPI2C
                0x00003e1c                ReadOnI2C
                0x00003d38                SetI2cSpeed
                0x00003d84                SendSlaveAdress
                0x00003e58                ReadOnI2CWithAck
 .text          0x00003f04      0x15c C:/Program Files/POB-Technology/POBTOOLS-BETA\sdk\pobeye\libpob.a(io-bus.o)
                0x00003f28                ClrOutput
                0x00003fd4                ReadByte
                0x00003f10                GetInput
                0x00003f1c                SetOutput
                0x00003f48                WriteByte
                0x00003f04                SetIOWay
                0x00003f34                ClrAndSetOuput
 .text          0x00004060       0x7c /cygdrive/c/Program Files/GNUARM/bin/../lib/gcc/arm-elf/3.4.3/thumb/libgcc.a(_udivsi3.o)
                0x00004060                __udivsi3
 .text          0x000040dc       0x94 /cygdrive/c/Program Files/GNUARM/bin/../lib/gcc/arm-elf/3.4.3/thumb/libgcc.a(_divsi3.o)
                0x000040dc                __divsi3
 .text          0x00004170       0xc8 /cygdrive/c/Program Files/GNUARM/bin/../lib/gcc/arm-elf/3.4.3/thumb/libgcc.a(_umodsi3.o)
                0x00004170                __umodsi3
 .text          0x00004238        0x4 /cygdrive/c/Program Files/GNUARM/bin/../lib/gcc/arm-elf/3.4.3/thumb/libgcc.a(_dvmd_tls.o)
                0x00004238                __div0
 .text          0x0000423c      0x3c0 /cygdrive/c/Program Files/GNUARM/bin/../lib/gcc/arm-elf/3.4.3/thumb/libgcc.a(_addsubdf3.o)
                0x0000457c                __floatsidf
                0x000045ac                __extendsfdf2
                0x00004248                __adddf3
                0x00004550                __floatunsidf
                0x0000423c                __subdf3
 .text          0x000045fc      0x4f4 /cygdrive/c/Program Files/GNUARM/bin/../lib/gcc/arm-elf/3.4.3/thumb/libgcc.a(_muldivdf3.o)
                0x00004878                __divdf3
                0x000045fc                __muldf3
 .text          0x00004af0       0xfc /cygdrive/c/Program Files/GNUARM/bin/../lib/gcc/arm-elf/3.4.3/thumb/libgcc.a(_truncdfsf2.o)
                0x00004af0                __truncdfsf2
 .text          0x00004bec      0x22c /cygdrive/c/Program Files/GNUARM/bin/../lib/gcc/arm-elf/3.4.3/thumb/libgcc.a(_addsubsf3.o)
                0x00004bec                __subsf3
                0x00004dc8                __floatsisf
                0x00004dbc                __floatunsisf
                0x00004bf8                __addsf3
 .text          0x00004e18      0x338 /cygdrive/c/Program Files/GNUARM/bin/../lib/gcc/arm-elf/3.4.3/thumb/libgcc.a(_muldivsf3.o)
                0x00004fac                __divsf3
                0x00004e18                __mulsf3
 .text          0x00005150       0x60 /cygdrive/c/Program Files/GNUARM/bin/../lib/gcc/arm-elf/3.4.3/thumb/libgcc.a(_fixunssfsi.o)
                0x00005150                __fixunssfsi
 *(.rodata)
 .rodata        0x000051b0     0x34b4 ./form_recognition_and_print.o
                0x0000561f                bitmap
                0x000051b0                pattern
 *(.rodata*)
 .rodata.str1.4
                0x00008664       0x68 ./form_recognition_and_print.o
 .rodata.str1.4
                0x000086cc        0x7 C:/Program Files/POB-Technology/POBTOOLS-BETA\sdk\pobeye\libpob.a(uart.o)
                                  0x8 (size before relaxing)
 *(.glue_7)
 *fill*         0x000086d3        0x1 00
 .glue_7        0x000086d4        0xc /cygdrive/c/Program Files/GNUARM/bin/../lib/gcc/arm-elf/3.4.3/thumb/libgcc.a(_fixunssfsi.o)
                0x000086d4                __main_from_arm
 *(.glue_7t)
                0x000086e0                __end_of_text__ = .

.data           0x40000000        0x0 load address 0x000086e0
                0x40000000                __data_beg__ = .
                0x000086e0                __data_beg_src__ = __end_of_text__
 *(.data)
                0x40000000                __data_end__ = .

.bss            0x40000000     0x7bd4
                0x40000000                __bss_beg__ = .
 *(.bss)
 .bss           0x40000000     0x7bd4 C:/Program Files/POB-Technology/POBTOOLS-BETA\sdk\pobeye\libpob.a(cam.o)
                0x40007bd4                . = ALIGN (0x4)
                0x40007bd4                . = ALIGN (0x4)
                0x40007bd4                _end = .
                0x40007bd4                _bss_end__ = .
                0x40007bd4                __bss_end__ = .
                0x40007bd4                __end__ = .
                0x40007bd4                PROVIDE (end, .)
                0x00000208                PROVIDE (undefined_instruction_exception, endless_loop)
                0x00000208                PROVIDE (software_interrupt_exception, endless_loop)
                0x00000208                PROVIDE (prefetch_abort_exception, endless_loop)
                0x00000208                PROVIDE (data_abort_exception, endless_loop)
                0x00000208                PROVIDE (reserved_exception, endless_loop)
                0x00000208                PROVIDE (interrupt_exception, endless_loop)
                0x00000208                PROVIDE (fast_interrupt_exception, endless_loop)
                0xe002c000                PROVIDE (PINSEL0, 0xe002c000)
                0xe0028008                PROVIDE (IODIR, 0xe0028008)
                0xe002800c                PROVIDE (IOCLR, 0xe002800c)
                0xe0028004                PROVIDE (IOSET, 0xe0028004)
                0xe000c000                PROVIDE (U0RBR, 0xe000c000)
                0xe000c000                PROVIDE (U0THR, 0xe000c000)
                0xe000c004                PROVIDE (U0IER, 0xe000c004)
                0xe000c008                PROVIDE (U0IIR, 0xe000c008)
                0xe000c008                PROVIDE (U0FCR, 0xe000c008)
                0xe000c00c                PROVIDE (U0LCR, 0xe000c00c)
                0xe000c014                PROVIDE (U0LSR, 0xe000c014)
                0xe000c01c                PROVIDE (U0SCR, 0xe000c01c)
                0xe000c000                PROVIDE (U0DLL, 0xe000c000)
                0xe000c004                PROVIDE (U0DLM, 0xe000c004)
                0xe0010000                PROVIDE (U1RBR, 0xe0010000)
                0xe0010000                PROVIDE (U1THR, 0xe0010000)
                0xe0010004                PROVIDE (U1IER, 0xe0010004)
                0xe0010008                PROVIDE (U1IIR, 0xe0010008)
                0xe0010008                PROVIDE (U1FCR, 0xe0010008)
                0xe001000c                PROVIDE (U1LCR, 0xe001000c)
                0xe0010014                PROVIDE (U1LSR, 0xe0010014)
                0xe001001c                PROVIDE (U1SCR, 0xe001001c)
                0xe0010000                PROVIDE (U1DLL, 0xe0010000)
                0xe0010004                PROVIDE (U1DLM, 0xe0010004)
                0xe01fc080                PROVIDE (PLLCON, 0xe01fc080)
                0xe01fc084                PROVIDE (PLLCFG, 0xe01fc084)
                0xe01fc088                PROVIDE (PLLSTAT, 0xe01fc088)
                0xe01fc08c                PROVIDE (PLLFEED, 0xe01fc08c)
                0xe01fc000                PROVIDE (MAMCR, 0xe01fc000)
                0xe01fc004                PROVIDE (MAMTIM, 0xe01fc004)
                0xe01fc100                PROVIDE (VPBDIV, 0xe01fc100)
                0xe0004000                PROVIDE (T0IR, 0xe0004000)
                0xe0004004                PROVIDE (T0TCR, 0xe0004004)
                0xe0004008                PROVIDE (T0TC, 0xe0004008)
                0xe000400c                PROVIDE (T0PR, 0xe000400c)
                0xe0004010                PROVIDE (T0PC, 0xe0004010)
                0xe0004014                PROVIDE (T0MCR, 0xe0004014)
                0xe0004018                PROVIDE (T0MR0, 0xe0004018)
                0xe000401c                PROVIDE (T0MR1, 0xe000401c)
                0xe0004020                PROVIDE (T0MR2, 0xe0004020)
                0xe0004024                PROVIDE (T0MR3, 0xe0004024)
                0xe0004028                PROVIDE (T0CCR, 0xe0004028)
                0xe000402c                PROVIDE (T0CR0, 0xe000402c)
                0xe0004030                PROVIDE (T0CR1, 0xe0004030)
                0xe0004034                PROVIDE (T0CR2, 0xe0004034)
                0xe000403c                PROVIDE (T0EMR, 0xe000403c)
                0x3fffc014                PROVIDE (GPIO_IOPIN, 0x3fffc014)
                0x3fffc018                PROVIDE (GPIO_IOSET, 0x3fffc018)
                0x3fffc000                PROVIDE (GPIO_IODIR, 0x3fffc000)
                0x3fffc01c                PROVIDE (GPIO_IOCLR, 0x3fffc01c)
                0x3fffc014                PROVIDE (POB_IO, 0x3fffc014)
                0x3fffc000                PROVIDE (POB_IODIR, 0x3fffc000)
                0x3fffc018                PROVIDE (POB_IOSET, 0x3fffc018)
                0x3fffc01c                PROVIDE (POB_IOCLR, 0x3fffc01c)
                0xe01fc1a0                PROVIDE (SCS, 0xe01fc1a0)
OUTPUT(./form_recongition_and_print.elf elf32-littlearm)

.comment        0x00000000       0xa2
 .comment       0x00000000       0x12 ./form_recognition_and_print.o
 .comment       0x00000012       0x12 C:/Program Files/POB-Technology/POBTOOLS-BETA\sdk\pobeye\libpob.a(graph.o)
 .comment       0x00000024       0x12 C:/Program Files/POB-Technology/POBTOOLS-BETA\sdk\pobeye\libpob.a(init.o)
 .comment       0x00000036       0x12 C:/Program Files/POB-Technology/POBTOOLS-BETA\sdk\pobeye\libpob.a(lcd.o)
 .comment       0x00000048       0x12 C:/Program Files/POB-Technology/POBTOOLS-BETA\sdk\pobeye\libpob.a(uart.o)
 .comment       0x0000005a       0x12 C:/Program Files/POB-Technology/POBTOOLS-BETA\sdk\pobeye\libpob.a(visio.o)
 .comment       0x0000006c       0x12 C:/Program Files/POB-Technology/POBTOOLS-BETA\sdk\pobeye\libpob.a(cam.o)
 .comment       0x0000007e       0x12 C:/Program Files/POB-Technology/POBTOOLS-BETA\sdk\pobeye\libpob.a(i2c.o)
 .comment       0x00000090       0x12 C:/Program Files/POB-Technology/POBTOOLS-BETA\sdk\pobeye\libpob.a(io-bus.o)

.debug_line

.debug_info

.debug_abbrev

.debug_aranges
