Archive member included because of file (symbol)

T:/project/PobTools_Qt/final_application\SDK\pobeye\libpob.a(graph.o)
                              ./Functions.o (InitGraphicBuffer)
T:/project/PobTools_Qt/final_application\SDK\pobeye\libpob.a(init.o)
                              ./pad_write.o (InitPOBEYE)
T:/project/PobTools_Qt/final_application\SDK\pobeye\libpob.a(lcd.o)
                              ./pad_write.o (InitLCD)
T:/project/PobTools_Qt/final_application\SDK\pobeye\libpob.a(uart.o)
                              T:/project/PobTools_Qt/final_application\SDK\pobeye\libpob.a(init.o) (InitUART)
T:/project/PobTools_Qt/final_application\SDK\pobeye\libpob.a(pob-proto.o)
                              ./Functions.o (SetPobProto)
T:/project/PobTools_Qt/final_application\SDK\pobeye\libpob.a(cam.o)
                              T:/project/PobTools_Qt/final_application\SDK\pobeye\libpob.a(init.o) (InitCam)
T:/project/PobTools_Qt/final_application\SDK\pobeye\libpob.a(i2c.o)
                              T:/project/PobTools_Qt/final_application\SDK\pobeye\libpob.a(init.o) (InitI2C)
T:/project/PobTools_Qt/final_application\SDK\pobeye\libpob.a(io-bus.o)
                              T:/project/PobTools_Qt/final_application\SDK\pobeye\libpob.a(lcd.o) (SetIOWay)
/cygdrive/c/Program Files/GNUARM/bin/../lib/gcc/arm-elf/3.4.3/thumb/libgcc.a(_udivsi3.o)
                              T:/project/PobTools_Qt/final_application\SDK\pobeye\libpob.a(uart.o) (__udivsi3)
/cygdrive/c/Program Files/GNUARM/bin/../lib/gcc/arm-elf/3.4.3/thumb/libgcc.a(_divsi3.o)
                              T:/project/PobTools_Qt/final_application\SDK\pobeye\libpob.a(graph.o) (__divsi3)
/cygdrive/c/Program Files/GNUARM/bin/../lib/gcc/arm-elf/3.4.3/thumb/libgcc.a(_umodsi3.o)
                              T:/project/PobTools_Qt/final_application\SDK\pobeye\libpob.a(uart.o) (__umodsi3)
/cygdrive/c/Program Files/GNUARM/bin/../lib/gcc/arm-elf/3.4.3/thumb/libgcc.a(_dvmd_tls.o)
                              /cygdrive/c/Program Files/GNUARM/bin/../lib/gcc/arm-elf/3.4.3/thumb/libgcc.a(_udivsi3.o) (__div0)
/cygdrive/c/Program Files/GNUARM/bin/../lib/gcc/arm-elf/3.4.3/../../../../arm-elf/lib/thumb/libc.a(sprintf.o)
                              ./pad_write.o (sprintf)
/cygdrive/c/Program Files/GNUARM/bin/../lib/gcc/arm-elf/3.4.3/../../../../arm-elf/lib/thumb/libc.a(vfprintf.o)
                              /cygdrive/c/Program Files/GNUARM/bin/../lib/gcc/arm-elf/3.4.3/../../../../arm-elf/lib/thumb/libc.a(sprintf.o) (_vfprintf_r)
/cygdrive/c/Program Files/GNUARM/bin/../lib/gcc/arm-elf/3.4.3/../../../../arm-elf/lib/thumb/libc.a(wcrtomb.o)
                              /cygdrive/c/Program Files/GNUARM/bin/../lib/gcc/arm-elf/3.4.3/../../../../arm-elf/lib/thumb/libc.a(vfprintf.o) (_wcrtomb_r)
/cygdrive/c/Program Files/GNUARM/bin/../lib/gcc/arm-elf/3.4.3/../../../../arm-elf/lib/thumb/libc.a(wcsrtombs.o)
                              /cygdrive/c/Program Files/GNUARM/bin/../lib/gcc/arm-elf/3.4.3/../../../../arm-elf/lib/thumb/libc.a(vfprintf.o) (_wcsrtombs_r)
/cygdrive/c/Program Files/GNUARM/bin/../lib/gcc/arm-elf/3.4.3/../../../../arm-elf/lib/thumb/libc.a(wctomb_r.o)
                              /cygdrive/c/Program Files/GNUARM/bin/../lib/gcc/arm-elf/3.4.3/../../../../arm-elf/lib/thumb/libc.a(wcrtomb.o) (_wctomb_r)
/cygdrive/c/Program Files/GNUARM/bin/../lib/gcc/arm-elf/3.4.3/../../../../arm-elf/lib/thumb/libc.a(wsetup.o)
                              /cygdrive/c/Program Files/GNUARM/bin/../lib/gcc/arm-elf/3.4.3/../../../../arm-elf/lib/thumb/libc.a(vfprintf.o) (__swsetup)
/cygdrive/c/Program Files/GNUARM/bin/../lib/gcc/arm-elf/3.4.3/../../../../arm-elf/lib/thumb/libc.a(dtoa.o)
                              /cygdrive/c/Program Files/GNUARM/bin/../lib/gcc/arm-elf/3.4.3/../../../../arm-elf/lib/thumb/libc.a(vfprintf.o) (_dtoa_r)
/cygdrive/c/Program Files/GNUARM/bin/../lib/gcc/arm-elf/3.4.3/../../../../arm-elf/lib/thumb/libc.a(fflush.o)
                              /cygdrive/c/Program Files/GNUARM/bin/../lib/gcc/arm-elf/3.4.3/../../../../arm-elf/lib/thumb/libc.a(vfprintf.o) (fflush)
/cygdrive/c/Program Files/GNUARM/bin/../lib/gcc/arm-elf/3.4.3/../../../../arm-elf/lib/thumb/libc.a(findfp.o)
                              /cygdrive/c/Program Files/GNUARM/bin/../lib/gcc/arm-elf/3.4.3/../../../../arm-elf/lib/thumb/libc.a(vfprintf.o) (__sinit)
/cygdrive/c/Program Files/GNUARM/bin/../lib/gcc/arm-elf/3.4.3/../../../../arm-elf/lib/thumb/libc.a(freer.o)
                              /cygdrive/c/Program Files/GNUARM/bin/../lib/gcc/arm-elf/3.4.3/../../../../arm-elf/lib/thumb/libc.a(wsetup.o) (_free_r)
/cygdrive/c/Program Files/GNUARM/bin/../lib/gcc/arm-elf/3.4.3/../../../../arm-elf/lib/thumb/libc.a(fvwrite.o)
                              /cygdrive/c/Program Files/GNUARM/bin/../lib/gcc/arm-elf/3.4.3/../../../../arm-elf/lib/thumb/libc.a(vfprintf.o) (__sfvwrite)
/cygdrive/c/Program Files/GNUARM/bin/../lib/gcc/arm-elf/3.4.3/../../../../arm-elf/lib/thumb/libc.a(fwalk.o)
                              /cygdrive/c/Program Files/GNUARM/bin/../lib/gcc/arm-elf/3.4.3/../../../../arm-elf/lib/thumb/libc.a(fflush.o) (_fwalk)
/cygdrive/c/Program Files/GNUARM/bin/../lib/gcc/arm-elf/3.4.3/../../../../arm-elf/lib/thumb/libc.a(impure.o)
                              /cygdrive/c/Program Files/GNUARM/bin/../lib/gcc/arm-elf/3.4.3/../../../../arm-elf/lib/thumb/libc.a(sprintf.o) (_impure_ptr)
/cygdrive/c/Program Files/GNUARM/bin/../lib/gcc/arm-elf/3.4.3/../../../../arm-elf/lib/thumb/libc.a(locale.o)
                              /cygdrive/c/Program Files/GNUARM/bin/../lib/gcc/arm-elf/3.4.3/../../../../arm-elf/lib/thumb/libc.a(wctomb_r.o) (__lc_ctype)
/cygdrive/c/Program Files/GNUARM/bin/../lib/gcc/arm-elf/3.4.3/../../../../arm-elf/lib/thumb/libc.a(makebuf.o)
                              /cygdrive/c/Program Files/GNUARM/bin/../lib/gcc/arm-elf/3.4.3/../../../../arm-elf/lib/thumb/libc.a(wsetup.o) (__smakebuf)
/cygdrive/c/Program Files/GNUARM/bin/../lib/gcc/arm-elf/3.4.3/../../../../arm-elf/lib/thumb/libc.a(malloc.o)
                              /cygdrive/c/Program Files/GNUARM/bin/../lib/gcc/arm-elf/3.4.3/../../../../arm-elf/lib/thumb/libc.a(vfprintf.o) (free)
/cygdrive/c/Program Files/GNUARM/bin/../lib/gcc/arm-elf/3.4.3/../../../../arm-elf/lib/thumb/libc.a(mallocr.o)
                              /cygdrive/c/Program Files/GNUARM/bin/../lib/gcc/arm-elf/3.4.3/../../../../arm-elf/lib/thumb/libc.a(freer.o) (__malloc_current_mallinfo)
/cygdrive/c/Program Files/GNUARM/bin/../lib/gcc/arm-elf/3.4.3/../../../../arm-elf/lib/thumb/libc.a(memchr.o)
                              /cygdrive/c/Program Files/GNUARM/bin/../lib/gcc/arm-elf/3.4.3/../../../../arm-elf/lib/thumb/libc.a(vfprintf.o) (memchr)
/cygdrive/c/Program Files/GNUARM/bin/../lib/gcc/arm-elf/3.4.3/../../../../arm-elf/lib/thumb/libc.a(memcpy.o)
                              /cygdrive/c/Program Files/GNUARM/bin/../lib/gcc/arm-elf/3.4.3/../../../../arm-elf/lib/thumb/libc.a(dtoa.o) (memcpy)
/cygdrive/c/Program Files/GNUARM/bin/../lib/gcc/arm-elf/3.4.3/../../../../arm-elf/lib/thumb/libc.a(memmove.o)
                              /cygdrive/c/Program Files/GNUARM/bin/../lib/gcc/arm-elf/3.4.3/../../../../arm-elf/lib/thumb/libc.a(fvwrite.o) (memmove)
/cygdrive/c/Program Files/GNUARM/bin/../lib/gcc/arm-elf/3.4.3/../../../../arm-elf/lib/thumb/libc.a(memset.o)
                              /cygdrive/c/Program Files/GNUARM/bin/../lib/gcc/arm-elf/3.4.3/../../../../arm-elf/lib/thumb/libc.a(vfprintf.o) (memset)
/cygdrive/c/Program Files/GNUARM/bin/../lib/gcc/arm-elf/3.4.3/../../../../arm-elf/lib/thumb/libc.a(mlock.o)
                              /cygdrive/c/Program Files/GNUARM/bin/../lib/gcc/arm-elf/3.4.3/../../../../arm-elf/lib/thumb/libc.a(freer.o) (__malloc_lock)
/cygdrive/c/Program Files/GNUARM/bin/../lib/gcc/arm-elf/3.4.3/../../../../arm-elf/lib/thumb/libc.a(mprec.o)
                              /cygdrive/c/Program Files/GNUARM/bin/../lib/gcc/arm-elf/3.4.3/../../../../arm-elf/lib/thumb/libc.a(dtoa.o) (__mprec_bigtens)
/cygdrive/c/Program Files/GNUARM/bin/../lib/gcc/arm-elf/3.4.3/../../../../arm-elf/lib/thumb/libc.a(reallocr.o)
                              /cygdrive/c/Program Files/GNUARM/bin/../lib/gcc/arm-elf/3.4.3/../../../../arm-elf/lib/thumb/libc.a(fvwrite.o) (_realloc_r)
/cygdrive/c/Program Files/GNUARM/bin/../lib/gcc/arm-elf/3.4.3/../../../../arm-elf/lib/thumb/libc.a(s_isinf.o)
                              /cygdrive/c/Program Files/GNUARM/bin/../lib/gcc/arm-elf/3.4.3/../../../../arm-elf/lib/thumb/libc.a(vfprintf.o) (isinf)
/cygdrive/c/Program Files/GNUARM/bin/../lib/gcc/arm-elf/3.4.3/../../../../arm-elf/lib/thumb/libc.a(s_isnan.o)
                              /cygdrive/c/Program Files/GNUARM/bin/../lib/gcc/arm-elf/3.4.3/../../../../arm-elf/lib/thumb/libc.a(vfprintf.o) (isnan)
/cygdrive/c/Program Files/GNUARM/bin/../lib/gcc/arm-elf/3.4.3/../../../../arm-elf/lib/thumb/libc.a(sbrkr.o)
                              /cygdrive/c/Program Files/GNUARM/bin/../lib/gcc/arm-elf/3.4.3/../../../../arm-elf/lib/thumb/libc.a(freer.o) (_sbrk_r)
/cygdrive/c/Program Files/GNUARM/bin/../lib/gcc/arm-elf/3.4.3/../../../../arm-elf/lib/thumb/libc.a(stdio.o)
                              /cygdrive/c/Program Files/GNUARM/bin/../lib/gcc/arm-elf/3.4.3/../../../../arm-elf/lib/thumb/libc.a(findfp.o) (__sread)
/cygdrive/c/Program Files/GNUARM/bin/../lib/gcc/arm-elf/3.4.3/../../../../arm-elf/lib/thumb/libc.a(strcmp.o)
                              /cygdrive/c/Program Files/GNUARM/bin/../lib/gcc/arm-elf/3.4.3/../../../../arm-elf/lib/thumb/libc.a(wctomb_r.o) (strcmp)
/cygdrive/c/Program Files/GNUARM/bin/../lib/gcc/arm-elf/3.4.3/../../../../arm-elf/lib/thumb/libc.a(strlen.o)
                              /cygdrive/c/Program Files/GNUARM/bin/../lib/gcc/arm-elf/3.4.3/../../../../arm-elf/lib/thumb/libc.a(vfprintf.o) (strlen)
/cygdrive/c/Program Files/GNUARM/bin/../lib/gcc/arm-elf/3.4.3/../../../../arm-elf/lib/thumb/libc.a(syscalls.o)
                              /cygdrive/c/Program Files/GNUARM/bin/../lib/gcc/arm-elf/3.4.3/../../../../arm-elf/lib/thumb/libc.a(sbrkr.o) (_sbrk)
/cygdrive/c/Program Files/GNUARM/bin/../lib/gcc/arm-elf/3.4.3/../../../../arm-elf/lib/thumb/libc.a(writer.o)
                              /cygdrive/c/Program Files/GNUARM/bin/../lib/gcc/arm-elf/3.4.3/../../../../arm-elf/lib/thumb/libc.a(stdio.o) (_write_r)
/cygdrive/c/Program Files/GNUARM/bin/../lib/gcc/arm-elf/3.4.3/../../../../arm-elf/lib/thumb/libc.a(callocr.o)
                              /cygdrive/c/Program Files/GNUARM/bin/../lib/gcc/arm-elf/3.4.3/../../../../arm-elf/lib/thumb/libc.a(mprec.o) (_calloc_r)
/cygdrive/c/Program Files/GNUARM/bin/../lib/gcc/arm-elf/3.4.3/../../../../arm-elf/lib/thumb/libc.a(closer.o)
                              /cygdrive/c/Program Files/GNUARM/bin/../lib/gcc/arm-elf/3.4.3/../../../../arm-elf/lib/thumb/libc.a(stdio.o) (_close_r)
/cygdrive/c/Program Files/GNUARM/bin/../lib/gcc/arm-elf/3.4.3/../../../../arm-elf/lib/thumb/libc.a(errno.o)
                              /cygdrive/c/Program Files/GNUARM/bin/../lib/gcc/arm-elf/3.4.3/../../../../arm-elf/lib/thumb/libc.a(syscalls.o) (__errno)
/cygdrive/c/Program Files/GNUARM/bin/../lib/gcc/arm-elf/3.4.3/../../../../arm-elf/lib/thumb/libc.a(fstatr.o)
                              /cygdrive/c/Program Files/GNUARM/bin/../lib/gcc/arm-elf/3.4.3/../../../../arm-elf/lib/thumb/libc.a(makebuf.o) (_fstat_r)
/cygdrive/c/Program Files/GNUARM/bin/../lib/gcc/arm-elf/3.4.3/../../../../arm-elf/lib/thumb/libc.a(lseekr.o)
                              /cygdrive/c/Program Files/GNUARM/bin/../lib/gcc/arm-elf/3.4.3/../../../../arm-elf/lib/thumb/libc.a(stdio.o) (_lseek_r)
/cygdrive/c/Program Files/GNUARM/bin/../lib/gcc/arm-elf/3.4.3/../../../../arm-elf/lib/thumb/libc.a(readr.o)
                              /cygdrive/c/Program Files/GNUARM/bin/../lib/gcc/arm-elf/3.4.3/../../../../arm-elf/lib/thumb/libc.a(stdio.o) (_read_r)
/cygdrive/c/Program Files/GNUARM/bin/../lib/gcc/arm-elf/3.4.3/../../../../arm-elf/lib/thumb/libc.a(reent.o)
                              /cygdrive/c/Program Files/GNUARM/bin/../lib/gcc/arm-elf/3.4.3/../../../../arm-elf/lib/thumb/libc.a(sbrkr.o) (errno)
/cygdrive/c/Program Files/GNUARM/bin/../lib/gcc/arm-elf/3.4.3/thumb/libgcc.a(_modsi3.o)
                              /cygdrive/c/Program Files/GNUARM/bin/../lib/gcc/arm-elf/3.4.3/../../../../arm-elf/lib/thumb/libc.a(vfprintf.o) (__modsi3)
/cygdrive/c/Program Files/GNUARM/bin/../lib/gcc/arm-elf/3.4.3/thumb/libgcc.a(_call_via_rX.o)
                              /cygdrive/c/Program Files/GNUARM/bin/../lib/gcc/arm-elf/3.4.3/../../../../arm-elf/lib/thumb/libc.a(fflush.o) (_call_via_r3)
/cygdrive/c/Program Files/GNUARM/bin/../lib/gcc/arm-elf/3.4.3/thumb/libgcc.a(_addsubdf3.o)
                              /cygdrive/c/Program Files/GNUARM/bin/../lib/gcc/arm-elf/3.4.3/../../../../arm-elf/lib/thumb/libc.a(dtoa.o) (__subdf3)
/cygdrive/c/Program Files/GNUARM/bin/../lib/gcc/arm-elf/3.4.3/thumb/libgcc.a(_muldivdf3.o)
                              /cygdrive/c/Program Files/GNUARM/bin/../lib/gcc/arm-elf/3.4.3/../../../../arm-elf/lib/thumb/libc.a(dtoa.o) (__muldf3)
/cygdrive/c/Program Files/GNUARM/bin/../lib/gcc/arm-elf/3.4.3/thumb/libgcc.a(_cmpdf2.o)
                              /cygdrive/c/Program Files/GNUARM/bin/../lib/gcc/arm-elf/3.4.3/../../../../arm-elf/lib/thumb/libc.a(dtoa.o) (__gtdf2)
/cygdrive/c/Program Files/GNUARM/bin/../lib/gcc/arm-elf/3.4.3/thumb/libgcc.a(_fixdfsi.o)
                              /cygdrive/c/Program Files/GNUARM/bin/../lib/gcc/arm-elf/3.4.3/../../../../arm-elf/lib/thumb/libc.a(dtoa.o) (__fixdfsi)

Allocating common symbols
Common symbol       size              file

errno               0x4               /cygdrive/c/Program Files/GNUARM/bin/../lib/gcc/arm-elf/3.4.3/../../../../arm-elf/lib/thumb/libc.a(reent.o)

Memory Configuration

Name             Origin             Length             Attributes
flash            0x00000000         0x0001e000
ram              0x40000000         0x00010000
*default*        0x00000000         0xffffffff

Linker script and memory map

LOAD ./Functions.o
LOAD ./pad_write.o
LOAD T:/project/PobTools_Qt/final_application\SDK\pobeye\boot.o
LOAD T:/project/PobTools_Qt/final_application\SDK\pobeye\libpob.a
LOAD /cygdrive/c/Program Files/GNUARM/bin/../lib/gcc/arm-elf/3.4.3/../../../../arm-elf/lib/thumb/libm.a
LOAD /cygdrive/c/Program Files/GNUARM/bin/../lib/gcc/arm-elf/3.4.3/thumb/libgcc.a
LOAD /cygdrive/c/Program Files/GNUARM/bin/../lib/gcc/arm-elf/3.4.3/../../../../arm-elf/lib/thumb/libc.a
LOAD /cygdrive/c/Program Files/GNUARM/bin/../lib/gcc/arm-elf/3.4.3/thumb/libgcc.a
                0x4000fffc                __stack_end__ = 0x4000fffc
                0x00000000                . = 0x0

startup         0x00000000       0x20
 *(.startup)
 .startup       0x00000000       0x20 T:/project/PobTools_Qt/final_application\SDK\pobeye\boot.o

prog            0x00000020     0xa748
 *(.text)
 .text          0x00000020       0xbc ./Functions.o
                0x00000040                InitAsciiBuffer
                0x00000020                InitPobProto
                0x00000078                PrintTextOnPobLCD
 .text          0x000000dc      0x134 ./pad_write.o
                0x000000dc                main
 .text          0x00000210       0x84 T:/project/PobTools_Qt/final_application\SDK\pobeye\boot.o
                0x00000210                _start
                0x00000210                start
                0x00000278                endless_loop
 .text          0x00000294      0x818 T:/project/PobTools_Qt/final_application\SDK\pobeye\libpob.a(graph.o)
                0x00000294                InitGraphicBuffer
                0x00000718                DrawBitmap
                0x000002e4                PlotAPoint
                0x000002a0                ClearGraphicBuffer
                0x000003c4                DrawLine
                0x00000648                GetBitmapWidth
                0x000006b0                GetBitmapHeight
                0x0000033c                DrawComponentInABufferVideo
 .text          0x00000aac      0x23c T:/project/PobTools_Qt/final_application\SDK\pobeye\libpob.a(init.o)
                0x00000aac                _InitPOBEYE_
                0x00000c88                Wait
                0x00000ccc                TimerStop
                0x00000cb0                TimerStart
                0x00000be8                InitPOBEYE
                0x00000b48                InitPOBEYE2
                0x00000cdc                TimerGet
 .text          0x00000ce8      0xe78 T:/project/PobTools_Qt/final_application\SDK\pobeye\libpob.a(lcd.o)
                0x00000d48                SetPageXYZ
                0x00000ce8                SetLCDIO
                0x00000d20                SetData
                0x00000d00                TicTac
                0x000014c4                DrawLCD
                0x00000dc8                InitLCD
                0x000011f8                DrawRightLCD
                0x00000f34                DrawLeftLCD
 .text          0x00001b60      0x958 T:/project/PobTools_Qt/final_application\SDK\pobeye\libpob.a(uart.o)
                0x000023dc                printf
                0x00001cb0                SendBufferToUART
                0x00001cdc                GetByteFromUART
                0x000023f0                PrintTextOnPobTerminal
                0x00002430                PrintComponentOnPobTerminal
                0x00001cfc                GetByteFromUARTNoWait
                0x00001c90                SendByteToUART
                0x00001b60                InitUART
                0x00001d1c                GetBufferFromUART
 .text          0x000024b8      0xdf4 T:/project/PobTools_Qt/final_application\SDK\pobeye\libpob.a(pob-proto.o)
                0x00002fd4                SwitchTinyOffAllServo
                0x000025c0                GetPinPortA
                0x00002b98                GetPinPortC
                0x000029c0                SetPortD
                0x00003250                SendTinyEcho
                0x00002790                SetPinPortA
                0x00002d2c                SetTinyPinPortC
                0x00002c90                SetTinyPortC
                0x0000328c                SendToSapien
                0x00002854                GetTinyPortAnalog
                0x00002694                SetPortA
                0x00002b68                GetTinyPortC
                0x000027c8                ClearPinPortA
                0x00002bf8                GetTinyPinPortC
                0x00002f18                SetServoMotorFull
                0x00002560                SetPortDAsServo
                0x00002b14                ClearPinPortD
                0x0000300c                SwitchTinyOnAllServo
                0x00002574                GetPortA
                0x000027a0                SetTinyPinPortA
                0x00002c70                SetPortC
                0x000028c8                GetPinPortD
                0x00003120                SwitchOffOneServoFull
                0x00002e7c                SetServoMotor
                0x00002e0c                ClearTinyPinPortC
                0x00002cc0                SetPinPortC
                0x00003158                SwitchTinyOffOneServoFull
                0x00002fc0                SwitchOffAllServo
                0x00003030                SwitchOffOneServo
                0x00002adc                SetPinPortD
                0x000031a4                SwitchOnOneServoFull
                0x00002db0                ClearPinPortC
                0x000030d8                SwitchTinyOnOneServo
                0x00003060                SwitchTinyOffOneServo
                0x00002b24                ClearTinyPinPortD
                0x0000250c                SetPobProto
                0x000024b8                SetTinyPobProto
                0x000029e0                SetTinyPortD
                0x00002620                GetTinyPinPortA
                0x000031dc                SwitchTinyOnOneServoFull
                0x00002f60                SetTinyServoMotorFull
                0x00002b4c                GetPortC
                0x000027d8                ClearTinyPinPortA
                0x00002898                GetTinyPortD
                0x00002aec                SetTinyPinPortD
                0x00003228                SendEcho
                0x00002800                GetPortAnalog
                0x000026b4                SetTinyPortA
                0x00002ec0                SetTinyServoMotor
                0x000030a8                SwitchOnOneServo
                0x0000287c                GetPortD
                0x00002590                GetTinyPortA
                0x00002938                GetTinyPinPortD
                0x00002ff8                SwitchOnAllServo
 .text          0x000032ac      0x918 T:/project/PobTools_Qt/final_application\SDK\pobeye\libpob.a(cam.o)
                0x00003754                GrabGreenFrame
                0x0000364c                GrabBlueFrame
                0x00003a2c                GrabRGBFrame
                0x000032e0                GetPointerOnHSLFrame
                0x000032c4                GetPointerOnRGBFrame
                0x0000386c                GrabRGBFrameXY
                0x000032bc                GetPointerOnGreenBuffer
                0x00003338                InitCam
                0x00003524                GrabRedFrame
                0x000032b4                GetPointerOnBlueBuffer
                0x000032ac                GetPointerOnRedBuffer
                0x000032fc                SendToCam
 .text          0x00003bc4      0x204 T:/project/PobTools_Qt/final_application\SDK\pobeye\libpob.a(i2c.o)
                0x00003d6c                WriteOnI2C
                0x00003bc4                InitI2C
                0x00003da4                STOPI2C
                0x00003ce0                ReadOnI2C
                0x00003bfc                SetI2cSpeed
                0x00003c48                SendSlaveAdress
                0x00003d1c                ReadOnI2CWithAck
 .text          0x00003dc8      0x15c T:/project/PobTools_Qt/final_application\SDK\pobeye\libpob.a(io-bus.o)
                0x00003dec                ClrOutput
                0x00003e98                ReadByte
                0x00003dd4                GetInput
                0x00003de0                SetOutput
                0x00003e0c                WriteByte
                0x00003dc8                SetIOWay
                0x00003df8                ClrAndSetOuput
 .text          0x00003f24       0x7c /cygdrive/c/Program Files/GNUARM/bin/../lib/gcc/arm-elf/3.4.3/thumb/libgcc.a(_udivsi3.o)
                0x00003f24                __udivsi3
 .text          0x00003fa0       0x94 /cygdrive/c/Program Files/GNUARM/bin/../lib/gcc/arm-elf/3.4.3/thumb/libgcc.a(_divsi3.o)
                0x00003fa0                __divsi3
 .text          0x00004034       0xc8 /cygdrive/c/Program Files/GNUARM/bin/../lib/gcc/arm-elf/3.4.3/thumb/libgcc.a(_umodsi3.o)
                0x00004034                __umodsi3
 .text          0x000040fc        0x4 /cygdrive/c/Program Files/GNUARM/bin/../lib/gcc/arm-elf/3.4.3/thumb/libgcc.a(_dvmd_tls.o)
                0x000040fc                __div0
 .text          0x00004100       0x80 /cygdrive/c/Program Files/GNUARM/bin/../lib/gcc/arm-elf/3.4.3/../../../../arm-elf/lib/thumb/libc.a(sprintf.o)
                0x00004100                _sprintf_r
                0x0000413c                sprintf
 .text          0x00004180     0x1764 /cygdrive/c/Program Files/GNUARM/bin/../lib/gcc/arm-elf/3.4.3/../../../../arm-elf/lib/thumb/libc.a(vfprintf.o)
                0x0000419c                _vfprintf_r
                0x000058b8                vfprintf
 .text          0x000058e4       0x4c /cygdrive/c/Program Files/GNUARM/bin/../lib/gcc/arm-elf/3.4.3/../../../../arm-elf/lib/thumb/libc.a(wcrtomb.o)
                0x000058e4                _wcrtomb_r
                0x00005914                wcrtomb
 .text          0x00005930       0xec /cygdrive/c/Program Files/GNUARM/bin/../lib/gcc/arm-elf/3.4.3/../../../../arm-elf/lib/thumb/libc.a(wcsrtombs.o)
                0x00005930                _wcsrtombs_r
                0x000059f8                wcsrtombs
 .text          0x00005a1c      0x2b0 /cygdrive/c/Program Files/GNUARM/bin/../lib/gcc/arm-elf/3.4.3/../../../../arm-elf/lib/thumb/libc.a(wctomb_r.o)
                0x00005a1c                _wctomb_r
 .text          0x00005ccc       0xa0 /cygdrive/c/Program Files/GNUARM/bin/../lib/gcc/arm-elf/3.4.3/../../../../arm-elf/lib/thumb/libc.a(wsetup.o)
                0x00005ccc                __swsetup
 .text          0x00005d6c      0xe14 /cygdrive/c/Program Files/GNUARM/bin/../lib/gcc/arm-elf/3.4.3/../../../../arm-elf/lib/thumb/libc.a(dtoa.o)
                0x00005ecc                _dtoa_r
 .text          0x00006b80       0x78 /cygdrive/c/Program Files/GNUARM/bin/../lib/gcc/arm-elf/3.4.3/../../../../arm-elf/lib/thumb/libc.a(fflush.o)
                0x00006b80                fflush
 .text          0x00006bf8      0x158 /cygdrive/c/Program Files/GNUARM/bin/../lib/gcc/arm-elf/3.4.3/../../../../arm-elf/lib/thumb/libc.a(findfp.o)
                0x00006c64                __sinit
                0x00006c30                __sfmoreglue
                0x00006d40                _cleanup
                0x00006d30                _cleanup_r
                0x00006cb8                __sfp
 .text          0x00006d50      0x264 /cygdrive/c/Program Files/GNUARM/bin/../lib/gcc/arm-elf/3.4.3/../../../../arm-elf/lib/thumb/libc.a(freer.o)
                0x00006e00                _free_r
                0x00006d50                _malloc_trim_r
 .text          0x00006fb4      0x284 /cygdrive/c/Program Files/GNUARM/bin/../lib/gcc/arm-elf/3.4.3/../../../../arm-elf/lib/thumb/libc.a(fvwrite.o)
                0x00006fb4                __sfvwrite
 .text          0x00007238       0x90 /cygdrive/c/Program Files/GNUARM/bin/../lib/gcc/arm-elf/3.4.3/../../../../arm-elf/lib/thumb/libc.a(fwalk.o)
                0x00007238                _fwalk
 .text          0x000072c8       0x74 /cygdrive/c/Program Files/GNUARM/bin/../lib/gcc/arm-elf/3.4.3/../../../../arm-elf/lib/thumb/libc.a(locale.o)
                0x000072c8                _setlocale_r
                0x00007300                __locale_charset
                0x0000730c                _localeconv_r
                0x00007314                setlocale
                0x0000732c                localeconv
 .text          0x0000733c       0xd0 /cygdrive/c/Program Files/GNUARM/bin/../lib/gcc/arm-elf/3.4.3/../../../../arm-elf/lib/thumb/libc.a(makebuf.o)
                0x0000733c                __smakebuf
 .text          0x0000740c       0x28 /cygdrive/c/Program Files/GNUARM/bin/../lib/gcc/arm-elf/3.4.3/../../../../arm-elf/lib/thumb/libc.a(malloc.o)
                0x0000740c                malloc
                0x00007420                free
 .text          0x00007434      0x4a8 /cygdrive/c/Program Files/GNUARM/bin/../lib/gcc/arm-elf/3.4.3/../../../../arm-elf/lib/thumb/libc.a(mallocr.o)
                0x00007434                _malloc_r
 .text          0x000078dc       0x70 /cygdrive/c/Program Files/GNUARM/bin/../lib/gcc/arm-elf/3.4.3/../../../../arm-elf/lib/thumb/libc.a(memchr.o)
                0x000078dc                memchr
 .text          0x0000794c       0x54 /cygdrive/c/Program Files/GNUARM/bin/../lib/gcc/arm-elf/3.4.3/../../../../arm-elf/lib/thumb/libc.a(memcpy.o)
                0x0000794c                memcpy
 .text          0x000079a0       0x7c /cygdrive/c/Program Files/GNUARM/bin/../lib/gcc/arm-elf/3.4.3/../../../../arm-elf/lib/thumb/libc.a(memmove.o)
                0x000079a0                memmove
 .text          0x00007a1c       0x4c /cygdrive/c/Program Files/GNUARM/bin/../lib/gcc/arm-elf/3.4.3/../../../../arm-elf/lib/thumb/libc.a(memset.o)
                0x00007a1c                memset
 .text          0x00007a68        0x8 /cygdrive/c/Program Files/GNUARM/bin/../lib/gcc/arm-elf/3.4.3/../../../../arm-elf/lib/thumb/libc.a(mlock.o)
                0x00007a6c                __malloc_unlock
                0x00007a68                __malloc_lock
 .text          0x00007a70      0x870 /cygdrive/c/Program Files/GNUARM/bin/../lib/gcc/arm-elf/3.4.3/../../../../arm-elf/lib/thumb/libc.a(mprec.o)
                0x000082a4                _mprec_log10
                0x00007bfc                _hi0bits
                0x00007a70                _Balloc
                0x00008170                _d2b
                0x00007cc8                _multiply
                0x00008254                _ratio
                0x00007b74                _s2b
                0x00007cb4                _i2b
                0x00007c44                _lo0bits
                0x00007f54                __mcmp
                0x00007e18                _pow5mult
                0x00008074                _ulp
                0x000080c0                _b2d
                0x00007ad8                _multadd
                0x00007f90                __mdiff
                0x00007eb4                _lshift
                0x00007ac4                _Bfree
 .text          0x000082e0      0x330 /cygdrive/c/Program Files/GNUARM/bin/../lib/gcc/arm-elf/3.4.3/../../../../arm-elf/lib/thumb/libc.a(reallocr.o)
                0x000082e0                _realloc_r
 .text          0x00008610       0x2c /cygdrive/c/Program Files/GNUARM/bin/../lib/gcc/arm-elf/3.4.3/../../../../arm-elf/lib/thumb/libc.a(s_isinf.o)
                0x00008610                isinf
 .text          0x0000863c       0x24 /cygdrive/c/Program Files/GNUARM/bin/../lib/gcc/arm-elf/3.4.3/../../../../arm-elf/lib/thumb/libc.a(s_isnan.o)
                0x0000863c                isnan
 .text          0x00008660       0x24 /cygdrive/c/Program Files/GNUARM/bin/../lib/gcc/arm-elf/3.4.3/../../../../arm-elf/lib/thumb/libc.a(sbrkr.o)
                0x00008660                _sbrk_r
 .text          0x00008684       0xc8 /cygdrive/c/Program Files/GNUARM/bin/../lib/gcc/arm-elf/3.4.3/../../../../arm-elf/lib/thumb/libc.a(stdio.o)
                0x000086fc                __sseek
                0x00008684                __sread
                0x00008738                __sclose
                0x000086b8                __swrite
 .text          0x0000874c       0x60 /cygdrive/c/Program Files/GNUARM/bin/../lib/gcc/arm-elf/3.4.3/../../../../arm-elf/lib/thumb/libc.a(strcmp.o)
                0x0000874c                strcmp
 .text          0x000087ac       0x40 /cygdrive/c/Program Files/GNUARM/bin/../lib/gcc/arm-elf/3.4.3/../../../../arm-elf/lib/thumb/libc.a(strlen.o)
                0x000087ac                strlen
 .text          0x000087ec      0x514 /cygdrive/c/Program Files/GNUARM/bin/../lib/gcc/arm-elf/3.4.3/../../../../arm-elf/lib/thumb/libc.a(syscalls.o)
                0x00008bf0                _getpid
                0x000088b8                initialise_monitor_handles
                0x00008cd4                isatty
                0x00008c24                _fstat
                0x00008b74                _open
                0x00008bf4                _sbrk
                0x00008c88                _raise
                0x00008cb4                _times
                0x00008c44                _stat
                0x00008a6c                _lseek
                0x00008c78                _link
                0x00008a78                _swiwrite
                0x00008cf0                _rename
                0x000089e4                _swilseek
                0x00008b88                _swiclose
                0x00008ae8                _swiopen
                0x00008c80                _unlink
                0x00008a9c                _write
                0x00008bd8                _kill
                0x00008c8c                _gettimeofday
                0x0000899c                _read
                0x00008bc4                _exit
                0x00008cd8                _system
                0x00008978                _swiread
                0x00008bb8                _close
 .text          0x00008d00       0x28 /cygdrive/c/Program Files/GNUARM/bin/../lib/gcc/arm-elf/3.4.3/../../../../arm-elf/lib/thumb/libc.a(writer.o)
                0x00008d00                _write_r
 .text          0x00008d28       0x54 /cygdrive/c/Program Files/GNUARM/bin/../lib/gcc/arm-elf/3.4.3/../../../../arm-elf/lib/thumb/libc.a(callocr.o)
                0x00008d28                _calloc_r
 .text          0x00008d7c       0x24 /cygdrive/c/Program Files/GNUARM/bin/../lib/gcc/arm-elf/3.4.3/../../../../arm-elf/lib/thumb/libc.a(closer.o)
                0x00008d7c                _close_r
 .text          0x00008da0        0xc /cygdrive/c/Program Files/GNUARM/bin/../lib/gcc/arm-elf/3.4.3/../../../../arm-elf/lib/thumb/libc.a(errno.o)
                0x00008da0                __errno
 .text          0x00008dac       0x28 /cygdrive/c/Program Files/GNUARM/bin/../lib/gcc/arm-elf/3.4.3/../../../../arm-elf/lib/thumb/libc.a(fstatr.o)
                0x00008dac                _fstat_r
 .text          0x00008dd4       0x28 /cygdrive/c/Program Files/GNUARM/bin/../lib/gcc/arm-elf/3.4.3/../../../../arm-elf/lib/thumb/libc.a(lseekr.o)
                0x00008dd4                _lseek_r
 .text          0x00008dfc       0x28 /cygdrive/c/Program Files/GNUARM/bin/../lib/gcc/arm-elf/3.4.3/../../../../arm-elf/lib/thumb/libc.a(readr.o)
                0x00008dfc                _read_r
 .text          0x00008e24      0x100 /cygdrive/c/Program Files/GNUARM/bin/../lib/gcc/arm-elf/3.4.3/../../../../arm-elf/lib/thumb/libc.a(reent.o)
                0x00008e24                cleanup_glue
                0x00008e40                _reclaim_reent
                0x00008ed8                _wrapup_reent
 .text          0x00008f24       0xd8 /cygdrive/c/Program Files/GNUARM/bin/../lib/gcc/arm-elf/3.4.3/thumb/libgcc.a(_modsi3.o)
                0x00008f24                __modsi3
 .text          0x00008ffc       0x3c /cygdrive/c/Program Files/GNUARM/bin/../lib/gcc/arm-elf/3.4.3/thumb/libgcc.a(_call_via_rX.o)
                0x00009004                _call_via_r2
                0x00009014                _call_via_r6
                0x00009010                _call_via_r5
                0x00009008                _call_via_r3
                0x00009028                _call_via_fp
                0x0000901c                _call_via_r8
                0x00009018                _call_via_r7
                0x00008ffc                _call_via_r0
                0x00009024                _call_via_sl
                0x00009030                _call_via_sp
                0x00009020                _call_via_r9
                0x0000900c                _call_via_r4
                0x00009000                _call_via_r1
                0x0000902c                _call_via_ip
                0x00009034                _call_via_lr
 .text          0x00009038      0x3c0 /cygdrive/c/Program Files/GNUARM/bin/../lib/gcc/arm-elf/3.4.3/thumb/libgcc.a(_addsubdf3.o)
                0x00009378                __floatsidf
                0x000093a8                __extendsfdf2
                0x00009044                __adddf3
                0x0000934c                __floatunsidf
                0x00009038                __subdf3
 .text          0x000093f8      0x4f4 /cygdrive/c/Program Files/GNUARM/bin/../lib/gcc/arm-elf/3.4.3/thumb/libgcc.a(_muldivdf3.o)
                0x00009674                __divdf3
                0x000093f8                __muldf3
 .text          0x000098ec       0xc0 /cygdrive/c/Program Files/GNUARM/bin/../lib/gcc/arm-elf/3.4.3/thumb/libgcc.a(_cmpdf2.o)
                0x00009904                __cmpdf2
                0x00009904                __eqdf2
                0x000098ec                __gtdf2
                0x000098f8                __ltdf2
                0x000098f8                __ledf2
                0x00009904                __nedf2
                0x000098ec                __gedf2
 .text          0x000099ac       0x84 /cygdrive/c/Program Files/GNUARM/bin/../lib/gcc/arm-elf/3.4.3/thumb/libgcc.a(_fixdfsi.o)
                0x000099ac                __fixdfsi
 *(.rodata)
 .rodata        0x00009a30      0x808 ./Functions.o
                0x00009a30                bitmap
 .rodata        0x0000a238      0x168 T:/project/PobTools_Qt/final_application\SDK\pobeye\libpob.a(pob-proto.o)
 .rodata        0x0000a3a0      0x184 /cygdrive/c/Program Files/GNUARM/bin/../lib/gcc/arm-elf/3.4.3/../../../../arm-elf/lib/thumb/libc.a(vfprintf.o)
 .rodata        0x0000a524       0x18 /cygdrive/c/Program Files/GNUARM/bin/../lib/gcc/arm-elf/3.4.3/../../../../arm-elf/lib/thumb/libc.a(dtoa.o)
 .rodata        0x0000a53c       0x30 /cygdrive/c/Program Files/GNUARM/bin/../lib/gcc/arm-elf/3.4.3/../../../../arm-elf/lib/thumb/libc.a(locale.o)
 .rodata        0x0000a56c      0x124 /cygdrive/c/Program Files/GNUARM/bin/../lib/gcc/arm-elf/3.4.3/../../../../arm-elf/lib/thumb/libc.a(mprec.o)
                0x0000a56c                __mprec_tinytens
                0x0000a5bc                __mprec_tens
                0x0000a594                __mprec_bigtens
 *(.rodata*)
 .rodata.str1.4
                0x0000a690       0x2d ./pad_write.o
                                 0x30 (size before relaxing)
 *fill*         0x0000a6bd        0x3 00
 .rodata.str1.4
                0x0000a6c0        0x7 T:/project/PobTools_Qt/final_application\SDK\pobeye\libpob.a(uart.o)
                                  0x8 (size before relaxing)
 *fill*         0x0000a6c7        0x1 00
 .rodata.str1.4
                0x0000a6c8       0x54 /cygdrive/c/Program Files/GNUARM/bin/../lib/gcc/arm-elf/3.4.3/../../../../arm-elf/lib/thumb/libc.a(vfprintf.o)
                                 0x5c (size before relaxing)
 .rodata.str1.4
                0x0000a71c       0x1e /cygdrive/c/Program Files/GNUARM/bin/../lib/gcc/arm-elf/3.4.3/../../../../arm-elf/lib/thumb/libc.a(wctomb_r.o)
                                 0x20 (size before relaxing)
 *fill*         0x0000a73a        0x2 00
 .rodata.str1.4
                0x0000a73c        0x9 /cygdrive/c/Program Files/GNUARM/bin/../lib/gcc/arm-elf/3.4.3/../../../../arm-elf/lib/thumb/libc.a(dtoa.o)
                                 0x14 (size before relaxing)
 *fill*         0x0000a745        0x3 00
 .rodata.str1.4
                0x0000a748        0x2 /cygdrive/c/Program Files/GNUARM/bin/../lib/gcc/arm-elf/3.4.3/../../../../arm-elf/lib/thumb/libc.a(impure.o)
                                  0x4 (size before relaxing)
 *fill*         0x0000a74a        0x2 00
 .rodata.str1.4
                0x0000a74c        0xb /cygdrive/c/Program Files/GNUARM/bin/../lib/gcc/arm-elf/3.4.3/../../../../arm-elf/lib/thumb/libc.a(locale.o)
                                 0x18 (size before relaxing)
 *fill*         0x0000a757        0x1 00
 .rodata.str1.4
                0x0000a758        0x4 /cygdrive/c/Program Files/GNUARM/bin/../lib/gcc/arm-elf/3.4.3/../../../../arm-elf/lib/thumb/libc.a(syscalls.o)
 *(.glue_7)
 .glue_7        0x0000a75c        0xc /cygdrive/c/Program Files/GNUARM/bin/../lib/gcc/arm-elf/3.4.3/thumb/libgcc.a(_fixdfsi.o)
                0x0000a75c                __main_from_arm
 *(.glue_7t)
                0x0000a768                __end_of_text__ = .

.data           0x40000000      0x7a8 load address 0x0000a768
                0x40000000                __data_beg__ = .
                0x0000a768                __data_beg_src__ = __end_of_text__
 *(.data)
 .data          0x40000000        0x1 T:/project/PobTools_Qt/final_application\SDK\pobeye\libpob.a(pob-proto.o)
 *fill*         0x40000001        0x3 00
 .data          0x40000004      0x380 /cygdrive/c/Program Files/GNUARM/bin/../lib/gcc/arm-elf/3.4.3/../../../../arm-elf/lib/thumb/libc.a(impure.o)
                0x40000004                _impure_ptr
 .data          0x40000384       0x14 /cygdrive/c/Program Files/GNUARM/bin/../lib/gcc/arm-elf/3.4.3/../../../../arm-elf/lib/thumb/libc.a(locale.o)
                0x40000390                __mb_cur_max
                0x40000384                __lc_ctype
 .data          0x40000398      0x410 /cygdrive/c/Program Files/GNUARM/bin/../lib/gcc/arm-elf/3.4.3/../../../../arm-elf/lib/thumb/libc.a(mallocr.o)
                0x40000398                __malloc_sbrk_base
                0x400003a0                __malloc_av_
                0x4000039c                __malloc_trim_threshold
                0x400007a8                __data_end__ = .

.bss            0x400007a8     0x84dc
                0x400007a8                __bss_beg__ = .
 *(.bss)
 .bss           0x400007a8      0x808 ./Functions.o
 .bss           0x40000fb0        0x1 T:/project/PobTools_Qt/final_application\SDK\pobeye\libpob.a(pob-proto.o)
 *fill*         0x40000fb1        0x3 00
 .bss           0x40000fb4     0x7bd4 T:/project/PobTools_Qt/final_application\SDK\pobeye\libpob.a(cam.o)
 .bss           0x40008b88        0x4 /cygdrive/c/Program Files/GNUARM/bin/../lib/gcc/arm-elf/3.4.3/../../../../arm-elf/lib/thumb/libc.a(findfp.o)
 .bss           0x40008b8c        0xc /cygdrive/c/Program Files/GNUARM/bin/../lib/gcc/arm-elf/3.4.3/../../../../arm-elf/lib/thumb/libc.a(locale.o)
                0x40008b94                __nlocale_changed
                0x40008b90                __mlocale_changed
                0x40008b8c                _PathLocale
 .bss           0x40008b98       0x34 /cygdrive/c/Program Files/GNUARM/bin/../lib/gcc/arm-elf/3.4.3/../../../../arm-elf/lib/thumb/libc.a(mallocr.o)
                0x40008bc8                __malloc_top_pad
                0x40008bc4                __malloc_max_sbrked_mem
                0x40008b98                __malloc_current_mallinfo
                0x40008bc0                __malloc_max_total_mem
 .bss           0x40008bcc       0xb4 /cygdrive/c/Program Files/GNUARM/bin/../lib/gcc/arm-elf/3.4.3/../../../../arm-elf/lib/thumb/libc.a(syscalls.o)
 COMMON         0x40008c80        0x4 /cygdrive/c/Program Files/GNUARM/bin/../lib/gcc/arm-elf/3.4.3/../../../../arm-elf/lib/thumb/libc.a(reent.o)
                                  0x0 (size before relaxing)
                0x40008c80                errno
                0x40008c84                . = ALIGN (0x4)
                0x40008c84                . = ALIGN (0x4)
                0x40008c84                _end = .
                0x40008c84                _bss_end__ = .
                0x40008c84                __bss_end__ = .
                0x40008c84                __end__ = .
                0x40008c84                PROVIDE (end, .)
                0x00000278                PROVIDE (undefined_instruction_exception, endless_loop)
                0x00000278                PROVIDE (software_interrupt_exception, endless_loop)
                0x00000278                PROVIDE (prefetch_abort_exception, endless_loop)
                0x00000278                PROVIDE (data_abort_exception, endless_loop)
                0x00000278                PROVIDE (reserved_exception, endless_loop)
                0x00000278                PROVIDE (interrupt_exception, endless_loop)
                0x00000278                PROVIDE (fast_interrupt_exception, endless_loop)
                0xe002c000                PROVIDE (PINSEL0, 0xe002c000)
                0xe0028008                PROVIDE (IODIR, 0xe0028008)
                0xe002800c                PROVIDE (IOCLR, 0xe002800c)
                0xe0028004                PROVIDE (IOSET, 0xe0028004)
                0xe000c000                PROVIDE (U0RBR, 0xe000c000)
                0xe000c000                PROVIDE (U0THR, 0xe000c000)
                0xe000c004                PROVIDE (U0IER, 0xe000c004)
                0xe000c008                PROVIDE (U0IIR, 0xe000c008)
                0xe000c008                PROVIDE (U0FCR, 0xe000c008)
                0xe000c00c                PROVIDE (U0LCR, 0xe000c00c)
                0xe000c014                PROVIDE (U0LSR, 0xe000c014)
                0xe000c01c                PROVIDE (U0SCR, 0xe000c01c)
                0xe000c000                PROVIDE (U0DLL, 0xe000c000)
                0xe000c004                PROVIDE (U0DLM, 0xe000c004)
                0xe0010000                PROVIDE (U1RBR, 0xe0010000)
                0xe0010000                PROVIDE (U1THR, 0xe0010000)
                0xe0010004                PROVIDE (U1IER, 0xe0010004)
                0xe0010008                PROVIDE (U1IIR, 0xe0010008)
                0xe0010008                PROVIDE (U1FCR, 0xe0010008)
                0xe001000c                PROVIDE (U1LCR, 0xe001000c)
                0xe0010014                PROVIDE (U1LSR, 0xe0010014)
                0xe001001c                PROVIDE (U1SCR, 0xe001001c)
                0xe0010000                PROVIDE (U1DLL, 0xe0010000)
                0xe0010004                PROVIDE (U1DLM, 0xe0010004)
                0xe01fc080                PROVIDE (PLLCON, 0xe01fc080)
                0xe01fc084                PROVIDE (PLLCFG, 0xe01fc084)
                0xe01fc088                PROVIDE (PLLSTAT, 0xe01fc088)
                0xe01fc08c                PROVIDE (PLLFEED, 0xe01fc08c)
                0xe01fc000                PROVIDE (MAMCR, 0xe01fc000)
                0xe01fc004                PROVIDE (MAMTIM, 0xe01fc004)
                0xe01fc100                PROVIDE (VPBDIV, 0xe01fc100)
                0xe0004000                PROVIDE (T0IR, 0xe0004000)
                0xe0004004                PROVIDE (T0TCR, 0xe0004004)
                0xe0004008                PROVIDE (T0TC, 0xe0004008)
                0xe000400c                PROVIDE (T0PR, 0xe000400c)
                0xe0004010                PROVIDE (T0PC, 0xe0004010)
                0xe0004014                PROVIDE (T0MCR, 0xe0004014)
                0xe0004018                PROVIDE (T0MR0, 0xe0004018)
                0xe000401c                PROVIDE (T0MR1, 0xe000401c)
                0xe0004020                PROVIDE (T0MR2, 0xe0004020)
                0xe0004024                PROVIDE (T0MR3, 0xe0004024)
                0xe0004028                PROVIDE (T0CCR, 0xe0004028)
                0xe000402c                PROVIDE (T0CR0, 0xe000402c)
                0xe0004030                PROVIDE (T0CR1, 0xe0004030)
                0xe0004034                PROVIDE (T0CR2, 0xe0004034)
                0xe000403c                PROVIDE (T0EMR, 0xe000403c)
                0x3fffc014                PROVIDE (GPIO_IOPIN, 0x3fffc014)
                0x3fffc018                PROVIDE (GPIO_IOSET, 0x3fffc018)
                0x3fffc000                PROVIDE (GPIO_IODIR, 0x3fffc000)
                0x3fffc01c                PROVIDE (GPIO_IOCLR, 0x3fffc01c)
                0x3fffc014                PROVIDE (POB_IO, 0x3fffc014)
                0x3fffc000                PROVIDE (POB_IODIR, 0x3fffc000)
                0x3fffc018                PROVIDE (POB_IOSET, 0x3fffc018)
                0x3fffc01c                PROVIDE (POB_IOCLR, 0x3fffc01c)
                0xe01fc1a0                PROVIDE (SCS, 0xe01fc1a0)
OUTPUT(./pad_write.elf elf32-littlearm)

.comment        0x00000000      0x372
 .comment       0x00000000       0x12 ./Functions.o
 .comment       0x00000012       0x12 ./pad_write.o
 .comment       0x00000024       0x12 T:/project/PobTools_Qt/final_application\SDK\pobeye\libpob.a(graph.o)
 .comment       0x00000036       0x12 T:/project/PobTools_Qt/final_application\SDK\pobeye\libpob.a(init.o)
 .comment       0x00000048       0x12 T:/project/PobTools_Qt/final_application\SDK\pobeye\libpob.a(lcd.o)
 .comment       0x0000005a       0x12 T:/project/PobTools_Qt/final_application\SDK\pobeye\libpob.a(uart.o)
 .comment       0x0000006c       0x12 T:/project/PobTools_Qt/final_application\SDK\pobeye\libpob.a(pob-proto.o)
 .comment       0x0000007e       0x12 T:/project/PobTools_Qt/final_application\SDK\pobeye\libpob.a(cam.o)
 .comment       0x00000090       0x12 T:/project/PobTools_Qt/final_application\SDK\pobeye\libpob.a(i2c.o)
 .comment       0x000000a2       0x12 T:/project/PobTools_Qt/final_application\SDK\pobeye\libpob.a(io-bus.o)
 .comment       0x000000b4       0x12 /cygdrive/c/Program Files/GNUARM/bin/../lib/gcc/arm-elf/3.4.3/../../../../arm-elf/lib/thumb/libc.a(sprintf.o)
 .comment       0x000000c6       0x12 /cygdrive/c/Program Files/GNUARM/bin/../lib/gcc/arm-elf/3.4.3/../../../../arm-elf/lib/thumb/libc.a(vfprintf.o)
 .comment       0x000000d8       0x12 /cygdrive/c/Program Files/GNUARM/bin/../lib/gcc/arm-elf/3.4.3/../../../../arm-elf/lib/thumb/libc.a(wcrtomb.o)
 .comment       0x000000ea       0x12 /cygdrive/c/Program Files/GNUARM/bin/../lib/gcc/arm-elf/3.4.3/../../../../arm-elf/lib/thumb/libc.a(wcsrtombs.o)
 .comment       0x000000fc       0x12 /cygdrive/c/Program Files/GNUARM/bin/../lib/gcc/arm-elf/3.4.3/../../../../arm-elf/lib/thumb/libc.a(wctomb_r.o)
 .comment       0x0000010e       0x12 /cygdrive/c/Program Files/GNUARM/bin/../lib/gcc/arm-elf/3.4.3/../../../../arm-elf/lib/thumb/libc.a(wsetup.o)
 .comment       0x00000120       0x12 /cygdrive/c/Program Files/GNUARM/bin/../lib/gcc/arm-elf/3.4.3/../../../../arm-elf/lib/thumb/libc.a(dtoa.o)
 .comment       0x00000132       0x12 /cygdrive/c/Program Files/GNUARM/bin/../lib/gcc/arm-elf/3.4.3/../../../../arm-elf/lib/thumb/libc.a(fflush.o)
 .comment       0x00000144       0x12 /cygdrive/c/Program Files/GNUARM/bin/../lib/gcc/arm-elf/3.4.3/../../../../arm-elf/lib/thumb/libc.a(findfp.o)
 .comment       0x00000156       0x12 /cygdrive/c/Program Files/GNUARM/bin/../lib/gcc/arm-elf/3.4.3/../../../../arm-elf/lib/thumb/libc.a(freer.o)
 .comment       0x00000168       0x12 /cygdrive/c/Program Files/GNUARM/bin/../lib/gcc/arm-elf/3.4.3/../../../../arm-elf/lib/thumb/libc.a(fvwrite.o)
 .comment       0x0000017a       0x12 /cygdrive/c/Program Files/GNUARM/bin/../lib/gcc/arm-elf/3.4.3/../../../../arm-elf/lib/thumb/libc.a(fwalk.o)
 .comment       0x0000018c       0x12 /cygdrive/c/Program Files/GNUARM/bin/../lib/gcc/arm-elf/3.4.3/../../../../arm-elf/lib/thumb/libc.a(impure.o)
 .comment       0x0000019e       0x12 /cygdrive/c/Program Files/GNUARM/bin/../lib/gcc/arm-elf/3.4.3/../../../../arm-elf/lib/thumb/libc.a(locale.o)
 .comment       0x000001b0       0x12 /cygdrive/c/Program Files/GNUARM/bin/../lib/gcc/arm-elf/3.4.3/../../../../arm-elf/lib/thumb/libc.a(makebuf.o)
 .comment       0x000001c2       0x12 /cygdrive/c/Program Files/GNUARM/bin/../lib/gcc/arm-elf/3.4.3/../../../../arm-elf/lib/thumb/libc.a(malloc.o)
 .comment       0x000001d4       0x12 /cygdrive/c/Program Files/GNUARM/bin/../lib/gcc/arm-elf/3.4.3/../../../../arm-elf/lib/thumb/libc.a(mallocr.o)
 .comment       0x000001e6       0x12 /cygdrive/c/Program Files/GNUARM/bin/../lib/gcc/arm-elf/3.4.3/../../../../arm-elf/lib/thumb/libc.a(memchr.o)
 .comment       0x000001f8       0x12 /cygdrive/c/Program Files/GNUARM/bin/../lib/gcc/arm-elf/3.4.3/../../../../arm-elf/lib/thumb/libc.a(memcpy.o)
 .comment       0x0000020a       0x12 /cygdrive/c/Program Files/GNUARM/bin/../lib/gcc/arm-elf/3.4.3/../../../../arm-elf/lib/thumb/libc.a(memmove.o)
 .comment       0x0000021c       0x12 /cygdrive/c/Program Files/GNUARM/bin/../lib/gcc/arm-elf/3.4.3/../../../../arm-elf/lib/thumb/libc.a(memset.o)
 .comment       0x0000022e       0x12 /cygdrive/c/Program Files/GNUARM/bin/../lib/gcc/arm-elf/3.4.3/../../../../arm-elf/lib/thumb/libc.a(mlock.o)
 .comment       0x00000240       0x12 /cygdrive/c/Program Files/GNUARM/bin/../lib/gcc/arm-elf/3.4.3/../../../../arm-elf/lib/thumb/libc.a(mprec.o)
 .comment       0x00000252       0x12 /cygdrive/c/Program Files/GNUARM/bin/../lib/gcc/arm-elf/3.4.3/../../../../arm-elf/lib/thumb/libc.a(reallocr.o)
 .comment       0x00000264       0x12 /cygdrive/c/Program Files/GNUARM/bin/../lib/gcc/arm-elf/3.4.3/../../../../arm-elf/lib/thumb/libc.a(s_isinf.o)
 .comment       0x00000276       0x12 /cygdrive/c/Program Files/GNUARM/bin/../lib/gcc/arm-elf/3.4.3/../../../../arm-elf/lib/thumb/libc.a(s_isnan.o)
 .comment       0x00000288       0x12 /cygdrive/c/Program Files/GNUARM/bin/../lib/gcc/arm-elf/3.4.3/../../../../arm-elf/lib/thumb/libc.a(sbrkr.o)
 .comment       0x0000029a       0x12 /cygdrive/c/Program Files/GNUARM/bin/../lib/gcc/arm-elf/3.4.3/../../../../arm-elf/lib/thumb/libc.a(stdio.o)
 .comment       0x000002ac       0x12 /cygdrive/c/Program Files/GNUARM/bin/../lib/gcc/arm-elf/3.4.3/../../../../arm-elf/lib/thumb/libc.a(strcmp.o)
 .comment       0x000002be       0x12 /cygdrive/c/Program Files/GNUARM/bin/../lib/gcc/arm-elf/3.4.3/../../../../arm-elf/lib/thumb/libc.a(strlen.o)
 .comment       0x000002d0       0x12 /cygdrive/c/Program Files/GNUARM/bin/../lib/gcc/arm-elf/3.4.3/../../../../arm-elf/lib/thumb/libc.a(syscalls.o)
 .comment       0x000002e2       0x12 /cygdrive/c/Program Files/GNUARM/bin/../lib/gcc/arm-elf/3.4.3/../../../../arm-elf/lib/thumb/libc.a(writer.o)
 .comment       0x000002f4       0x12 /cygdrive/c/Program Files/GNUARM/bin/../lib/gcc/arm-elf/3.4.3/../../../../arm-elf/lib/thumb/libc.a(callocr.o)
 .comment       0x00000306       0x12 /cygdrive/c/Program Files/GNUARM/bin/../lib/gcc/arm-elf/3.4.3/../../../../arm-elf/lib/thumb/libc.a(closer.o)
 .comment       0x00000318       0x12 /cygdrive/c/Program Files/GNUARM/bin/../lib/gcc/arm-elf/3.4.3/../../../../arm-elf/lib/thumb/libc.a(errno.o)
 .comment       0x0000032a       0x12 /cygdrive/c/Program Files/GNUARM/bin/../lib/gcc/arm-elf/3.4.3/../../../../arm-elf/lib/thumb/libc.a(fstatr.o)
 .comment       0x0000033c       0x12 /cygdrive/c/Program Files/GNUARM/bin/../lib/gcc/arm-elf/3.4.3/../../../../arm-elf/lib/thumb/libc.a(lseekr.o)
 .comment       0x0000034e       0x12 /cygdrive/c/Program Files/GNUARM/bin/../lib/gcc/arm-elf/3.4.3/../../../../arm-elf/lib/thumb/libc.a(readr.o)
 .comment       0x00000360       0x12 /cygdrive/c/Program Files/GNUARM/bin/../lib/gcc/arm-elf/3.4.3/../../../../arm-elf/lib/thumb/libc.a(reent.o)

.debug_line

.debug_info

.debug_abbrev

.debug_aranges

.debug_frame

.debug_pubnames

.debug_str

.debug_ranges
